++========================================
||
||   Package:  ./slackware64-compat32/a-compat32/cups-compat32-1.5.4-x86_64-4_slack14.1compat32.txz
||
++========================================
drwxr-xr-x root/root         0 2015-07-20 11:50 ./
drwxr-xr-x root/root         0 2015-07-20 11:50 install/
-rw-r--r-- root/root      1833 2015-07-20 11:50 install/doinst.sh
-rw-r--r-- root/root      1260 2015-07-20 11:50 install/slack-desc
drwxr-xr-x root/root         0 2015-07-07 22:01 lib/
drwxr-xr-x root/root         0 2015-07-07 22:01 lib/modprobe.d/
-rw-r--r-- root/root       525 2013-10-10 22:50 lib/modprobe.d/cups-blacklist-usblp.conf
drwxr-xr-x root/root         0 2015-07-07 22:01 var/
drwxr-xr-x root/root         0 2015-07-07 22:01 var/spool/
drwx--x--- root/lp           0 2015-07-07 22:01 var/spool/cups/
drwxrwx--T root/lp           0 2015-07-07 22:01 var/spool/cups/tmp/
drwxr-xr-x root/root         0 2015-07-07 22:01 var/cache/
drwxrwxr-x root/lp           0 2015-07-07 22:01 var/cache/cups/
drwxrwxr-x root/lp           0 2015-07-07 22:01 var/cache/cups/rss/
drwxr-xr-x root/root         0 2015-07-07 22:01 var/log/
drwxr-xr-x root/root         0 2015-07-07 22:01 var/log/cups/
drwxr-xr-x root/root         0 2015-07-07 22:01 var/run/
drwxr-xr-x root/root         0 2015-07-07 22:01 var/run/cups/
dr-x--x--x lp/sys            0 2015-07-07 22:01 var/run/cups/certs/
drwxr-xr-x root/root         0 2015-07-20 11:50 usr/
drwxr-xr-x root/root         0 2015-07-07 22:02 usr/lib/
-r-xr-xr-x root/root     18572 2015-07-07 22:02 usr/lib/libcupsmime.so.1
-r-xr-xr-x root/root    281984 2015-07-07 22:02 usr/lib/libcups.so.2
drwxr-xr-x root/root         0 2015-07-07 22:01 usr/lib/cups/
drwxr-xr-x root/root         0 2015-07-07 22:02 usr/lib/cups/filter/
-r-xr-xr-x root/root     10048 2015-07-07 22:02 usr/lib/cups/filter/rastertopwg
-r-xr-xr-x root/root      9956 2015-07-07 22:02 usr/lib/cups/filter/commandtops
-r-xr-xr-x root/root      6544 2015-07-07 22:02 usr/lib/cups/filter/commandtoescpx
-r-xr-xr-x root/root     23460 2015-07-07 22:02 usr/lib/cups/filter/imagetops
-r-xr-xr-x root/root     12708 2015-07-07 22:02 usr/lib/cups/filter/rastertohp
-r-xr-xr-x root/root     33660 2015-07-07 22:02 usr/lib/cups/filter/texttops
-r-xr-xr-x root/root     12392 2015-07-07 22:02 usr/lib/cups/filter/rastertoepson
-r-xr-xr-x root/root      5816 2015-07-07 22:02 usr/lib/cups/filter/commandtopclx
-r-xr-xr-x root/root      5800 2015-07-07 22:02 usr/lib/cups/filter/gziptoany
-r-xr-xr-x root/root     44248 2015-07-07 22:02 usr/lib/cups/filter/imagetoraster
-r-xr-xr-x root/root     23496 2015-07-07 22:02 usr/lib/cups/filter/rastertoescpx
-r-xr-xr-x root/root     30700 2015-07-07 22:02 usr/lib/cups/filter/bannertops
-r-xr-xr-x root/root     41048 2015-07-07 22:02 usr/lib/cups/filter/pstops
-r-xr-xr-x root/root     14940 2015-07-07 22:02 usr/lib/cups/filter/pdftops
-r-xr-xr-x root/root     24196 2015-07-07 22:02 usr/lib/cups/filter/rastertopclx
-r-xr-xr-x root/root     15672 2015-07-07 22:02 usr/lib/cups/filter/rastertolabel
drwxr-xr-x root/root         0 2015-07-07 22:01 usr/lib/cups/driver/
drwxr-xr-x root/root         0 2015-07-07 22:02 usr/lib/cups/backend/
-rwx------ root/root     52232 2015-07-07 22:02 usr/lib/cups/backend/ipp
-r-xr-xr-x root/root     27020 2015-07-07 22:02 usr/lib/cups/backend/serial
-r-xr-xr-x root/root     27036 2015-07-07 22:02 usr/lib/cups/backend/parallel
-r-xr-xr-x root/root     19900 2015-07-07 22:02 usr/lib/cups/backend/snmp
-r-xr-xr-x root/root     26536 2015-07-07 22:02 usr/lib/cups/backend/usb
-rwx------ root/root     31968 2015-07-07 22:02 usr/lib/cups/backend/lpd
-r-xr-xr-x root/root     27020 2015-07-07 22:02 usr/lib/cups/backend/socket
drwxr-xr-x root/root         0 2015-07-07 22:02 usr/lib/cups/monitor/
-r-xr-xr-x root/root      6020 2015-07-07 22:02 usr/lib/cups/monitor/tbcp
-r-xr-xr-x root/root      6376 2015-07-07 22:02 usr/lib/cups/monitor/bcp
drwxr-xr-x root/root         0 2015-07-07 22:02 usr/lib/cups/daemon/
-r-xr-xr-x root/root     35136 2015-07-07 22:02 usr/lib/cups/daemon/cups-driverd
-r-xr-xr-x root/root      9068 2015-07-07 22:02 usr/lib/cups/daemon/cups-polld
-r-xr-xr-x root/root      4520 2015-07-07 22:02 usr/lib/cups/daemon/cups-exec
-r-xr-xr-x root/root     19184 2015-07-07 22:02 usr/lib/cups/daemon/cups-lpd
-r-xr-xr-x root/root     14160 2015-07-07 22:02 usr/lib/cups/daemon/cups-deviced
drwxr-xr-x root/root         0 2015-07-07 22:02 usr/lib/cups/cgi-bin/
-r-xr-xr-x root/root     11424 2015-07-07 22:02 usr/lib/cups/cgi-bin/printers.cgi
-r-xr-xr-x root/root      7212 2015-07-07 22:02 usr/lib/cups/cgi-bin/jobs.cgi
-r-xr-xr-x root/root     10764 2015-07-07 22:02 usr/lib/cups/cgi-bin/classes.cgi
-r-xr-xr-x root/root     52652 2015-07-07 22:02 usr/lib/cups/cgi-bin/admin.cgi
-r-xr-xr-x root/root      9972 2015-07-07 22:02 usr/lib/cups/cgi-bin/help.cgi
drwxr-xr-x root/root         0 2015-07-07 22:02 usr/lib/cups/notifier/
-r-xr-xr-x root/root     14132 2015-07-07 22:02 usr/lib/cups/notifier/mailto
-r-xr-xr-x root/root      9968 2015-07-07 22:02 usr/lib/cups/notifier/dbus
-r-xr-xr-x root/root     12452 2015-07-07 22:02 usr/lib/cups/notifier/rss
-r-xr-xr-x root/root    105300 2015-07-07 22:02 usr/lib/libcupsppdc.so.1
-r-xr-xr-x root/root     28376 2015-07-07 22:02 usr/lib/libcupsdriver.so.1
-r-xr-xr-x root/root     81068 2015-07-07 22:02 usr/lib/libcupsimage.so.2
-r-xr-xr-x root/root     47776 2015-07-07 22:02 usr/lib/libcupscgi.so.1
drwxr-xr-x root/root         0 2015-07-20 11:50 usr/bin/
drwxr-xr-x root/root         0 2015-07-20 11:50 usr/bin/32/
-r-xr-xr-x root/root     10392 2015-07-07 22:02 usr/bin/32/ppdmerge
-r-xr-xr-x root/root     21640 2015-07-07 22:02 usr/bin/32/lpstat-cups
-r-xr-xr-x root/root     12172 2015-07-07 22:02 usr/bin/32/lp-cups
-r-xr-xr-x root/root     11072 2015-07-07 22:02 usr/bin/32/lpoptions
-r-xr-xr-x root/root      5796 2015-07-07 22:02 usr/bin/32/lprm-cups
-r-xr-xr-x root/root      9984 2015-07-07 22:02 usr/bin/32/lppasswd
-r-xr-xr-x root/root      9136 2015-07-07 22:02 usr/bin/32/cupstestdsc
-r-xr-xr-x root/root     12088 2015-07-07 22:02 usr/bin/32/ppdc
-r-xr-xr-x root/root     58184 2015-07-07 22:02 usr/bin/32/ipptool
-r-xr-xr-x root/root     45980 2015-07-07 22:02 usr/bin/32/cupstestppd
-r-xr-xr-x root/root      5880 2015-07-07 22:02 usr/bin/32/ppdi
-r-xr-xr-x root/root      7408 2015-07-07 22:02 usr/bin/32/ppdhtml
-r-xr-xr-x root/root     11132 2015-07-07 22:02 usr/bin/32/lpq-cups
-r-xr-xr-x root/root      8236 2015-07-07 22:02 usr/bin/32/cancel-cups
-r-xr-xr-x root/root      7924 2015-07-07 22:02 usr/bin/32/ppdpo
-r-xr-xr-x root/root      3407 2015-07-07 22:01 usr/bin/32/cups-config
-r-xr-xr-x root/root      9968 2015-07-07 22:02 usr/bin/32/lpr-cups
drwxr-xr-x root/root         0 2015-07-07 22:02 usr/doc/
drwxr-xr-x root/root         0 2015-07-20 11:50 usr/doc/cups-1.5.4/
drwxr-xr-x root/root         0 2015-07-20 11:50 usr/doc/cups-1.5.4/help/
-r--r--r-- root/root     49820 2015-07-07 22:01 usr/doc/cups-1.5.4/help/license.html


