++========================================
||
||   Package:  ./slackware64-compat32/a-compat32/dbus-compat32-1.6.12-x86_64-1compat32.txz
||
++========================================
drwxr-xr-x root/root         0 2013-07-13 15:02 ./
drwxr-xr-x root/root         0 2013-07-13 15:02 usr/
drwxr-xr-x root/root         0 2013-07-13 15:02 usr/bin/
drwxr-xr-x root/root         0 2013-07-13 15:02 usr/bin/32/
-rwxr-xr-x root/root      5724 2013-07-10 08:14 usr/bin/32/dbus-uuidgen
-rwxr-xr-x root/root     15028 2013-07-10 08:14 usr/bin/32/dbus-send
-rwxr-xr-x root/root     22660 2013-07-10 08:14 usr/bin/32/dbus-launch
-rwxr-xr-x root/root    429096 2013-07-10 08:14 usr/bin/32/dbus-daemon
-rwxr-xr-x root/root     12092 2013-07-10 08:14 usr/bin/32/dbus-monitor
-rwxr-xr-x root/root      7404 2013-07-10 08:14 usr/bin/32/dbus-cleanup-sockets
drwxr-xr-x root/root         0 2013-07-10 08:14 usr/doc/
drwxr-xr-x root/root         0 2013-07-13 15:02 usr/doc/dbus-1.6.12/
-rw-r--r-- root/root     29176 2012-06-06 12:45 usr/doc/dbus-1.6.12/COPYING
-rw-r--r-- root/root      4695 2012-06-06 12:45 usr/doc/dbus-1.6.12/AUTHORS
drwxr-xr-x root/root         0 2013-07-10 08:14 usr/lib/
drwxr-xr-x root/root         0 2013-07-10 08:14 usr/lib/dbus-1.0/
drwxr-xr-x root/root         0 2013-07-10 08:14 usr/lib/dbus-1.0/include/
drwxr-xr-x root/root         0 2013-07-10 08:14 usr/lib/dbus-1.0/include/dbus/
-rw-r--r-- root/root      2089 2013-07-10 08:14 usr/lib/dbus-1.0/include/dbus/dbus-arch-deps.h
-rwxr-xr-x root/root    302124 2013-07-10 08:14 usr/lib/libdbus-1.so.3.7.4
drwxr-xr-x root/root         0 2013-07-10 08:14 usr/lib/pkgconfig/
-rw-r--r-- root/root       523 2013-07-10 08:14 usr/lib/pkgconfig/dbus-1.pc
-rwxr-xr-x root/root       947 2013-07-10 08:14 usr/lib/libdbus-1.la
drwxr-xr-x root/root         0 2013-07-13 15:02 install/
-rw-r--r-- root/root       537 2013-07-13 15:02 install/doinst.sh
-rw-r--r-- root/root      1115 2013-07-13 15:02 install/slack-desc
drwxr-xr-x root/root         0 2013-07-10 08:14 var/
drwxr-xr-x root/root         0 2013-07-10 08:14 var/run/
drwxr-xr-x root/root         0 2013-07-10 08:14 var/run/dbus/
drwxr-xr-x root/root         0 2013-07-10 08:14 var/lib/
drwxr-xr-x messagebus/root   0 2013-07-10 08:14 var/lib/dbus/


