++========================================
||
||   Package:  ./slackware64-compat32/a-compat32/xz-compat32-5.0.5-x86_64-1compat32.txz
||
++========================================
drwxr-xr-x root/root         0 2016-02-23 23:44 ./
drwxr-xr-x root/root         0 2016-02-23 23:44 install/
-rw-r--r-- root/root      1349 2016-02-23 23:44 install/doinst.sh
-rw-r--r-- root/root      1121 2016-02-23 23:44 install/slack-desc
drwxr-xr-x root/root         0 2013-07-10 08:57 lib/
-rwxr-xr-x root/root    165412 2013-07-10 08:57 lib/liblzma.so.5.0.5
drwxr-xr-x root/root         0 2016-02-23 23:44 usr/
drwxr-xr-x root/root         0 2013-07-10 08:57 usr/lib/
drwxr-xr-x root/root         0 2013-07-10 08:57 usr/lib/pkgconfig/
-rw-r--r-- root/root       390 2013-07-10 08:57 usr/lib/pkgconfig/liblzma.pc
-rwxr-xr-x root/root       911 2013-07-10 08:57 usr/lib/liblzma.la
drwxr-xr-x root/root         0 2016-02-23 23:44 usr/bin/
drwxr-xr-x root/root         0 2016-02-23 23:44 usr/bin/32/
-rwxr-xr-x root/root      5356 2013-07-10 08:57 usr/bin/32/xzgrep
-rwxr-xr-x root/root     10011 2013-07-10 08:57 usr/bin/32/lzmainfo
-rwxr-xr-x root/root      5265 2013-07-10 08:57 usr/bin/32/xzdiff
-rwxr-xr-x root/root     10275 2013-07-10 08:57 usr/bin/32/xzdec
-rwxr-xr-x root/root      1802 2013-07-10 08:57 usr/bin/32/xzless
-rwxr-xr-x root/root      2161 2013-07-10 08:57 usr/bin/32/xzmore
-rwxr-xr-x root/root     10306 2013-07-10 08:57 usr/bin/32/lzmadec
drwxr-xr-x root/root         0 2013-07-10 08:57 usr/doc/
drwxr-xr-x root/root         0 2016-02-23 23:44 usr/doc/xz-5.0.5/
-rw-r--r-- root/root     35147 2013-06-30 14:49 usr/doc/xz-5.0.5/COPYING.GPLv3
-rw-r--r-- root/root     26436 2013-06-30 14:49 usr/doc/xz-5.0.5/COPYING.LGPLv2.1
-rw-r--r-- root/root      1043 2013-06-30 14:49 usr/doc/xz-5.0.5/AUTHORS
-rw-r--r-- root/root      1918 2013-06-30 14:49 usr/doc/xz-5.0.5/THANKS
-rw-r--r-- root/root     17987 2013-06-30 14:49 usr/doc/xz-5.0.5/COPYING.GPLv2
-rw-r--r-- root/root      2774 2013-06-30 14:49 usr/doc/xz-5.0.5/COPYING


