++========================================
||
||   Package:  ./slackware64-compat32/l-compat32/audiofile-compat32-0.3.6-x86_64-1compat32.txz
||
++========================================
drwxr-xr-x root/root         0 2013-03-27 21:50 ./
drwxr-xr-x root/root         0 2013-03-27 21:50 usr/
drwxr-xr-x root/root         0 2013-03-27 21:50 usr/bin/
drwxr-xr-x root/root         0 2013-03-27 21:50 usr/bin/32/
-rwxr-xr-x root/root      8496 2013-03-21 22:51 usr/bin/32/sfinfo
-rwxr-xr-x root/root     13272 2013-03-21 22:51 usr/bin/32/sfconvert
drwxr-xr-x root/root         0 2013-03-21 22:51 usr/doc/
drwxr-xr-x root/root         0 2013-03-27 21:50 usr/doc/audiofile-0.3.6/
-rw-r--r-- root/root     26530 2013-03-06 06:30 usr/doc/audiofile-0.3.6/COPYING
-rw-r--r-- root/root     18092 2013-03-06 06:30 usr/doc/audiofile-0.3.6/COPYING.GPL
drwxr-xr-x root/root         0 2013-03-21 22:51 usr/lib/
-rwxr-xr-x root/root      1040 2013-03-21 22:51 usr/lib/libaudiofile.la
-rwxr-xr-x root/root    252172 2013-03-21 22:51 usr/lib/libaudiofile.so.1.0.0
drwxr-xr-x root/root         0 2013-03-21 22:51 usr/lib/pkgconfig/
-rw-r--r-- root/root       216 2013-03-21 22:51 usr/lib/pkgconfig/audiofile.pc
-rw-r--r-- root/root   3113860 2013-03-21 22:51 usr/lib/libaudiofile.a
drwxr-xr-x root/root         0 2013-03-27 21:50 install/
-rw-r--r-- root/root       208 2013-03-27 21:50 install/doinst.sh
-rw-r--r-- root/root       954 2013-03-27 21:50 install/slack-desc


