++========================================
||
||   Package:  ./slackware64-compat32/l-compat32/dbus-glib-compat32-0.100.2-x86_64-1compat32.txz
||
++========================================
drwxr-xr-x root/root         0 2013-03-27 21:50 ./
drwxr-xr-x root/root         0 2013-03-27 21:50 usr/
drwxr-xr-x root/root         0 2013-03-27 21:50 usr/bin/
drwxr-xr-x root/root         0 2013-03-27 21:50 usr/bin/32/
-rwxr-xr-x root/root     87040 2013-03-21 22:54 usr/bin/32/dbus-binding-tool
drwxr-xr-x root/root         0 2013-03-21 22:54 usr/doc/
drwxr-xr-x root/root         0 2013-03-27 21:50 usr/doc/dbus-glib-0.100.2/
-rw-r--r-- root/root     29053 2013-02-15 22:32 usr/doc/dbus-glib-0.100.2/COPYING
-rw-r--r-- root/root       795 2011-09-14 18:23 usr/doc/dbus-glib-0.100.2/AUTHORS
drwxr-xr-x root/root         0 2013-03-21 22:54 usr/lib/
-rwxr-xr-x root/root    151724 2013-03-21 22:54 usr/lib/libdbus-glib-1.so.2.2.2
drwxr-xr-x root/root         0 2013-03-21 22:54 usr/lib/pkgconfig/
-rw-r--r-- root/root       281 2013-03-21 22:54 usr/lib/pkgconfig/dbus-glib-1.pc
-rwxr-xr-x root/root      1163 2013-03-21 22:54 usr/lib/libdbus-glib-1.la
drwxr-xr-x root/root         0 2013-03-27 21:50 install/
-rw-r--r-- root/root       303 2013-03-27 21:50 install/doinst.sh
-rw-r--r-- root/root       851 2013-03-27 21:50 install/slack-desc


