++========================================
||
||   Package:  ./slackware64-compat32/l-compat32/gamin-compat32-0.1.10-x86_64-5compat32.txz
||
++========================================
drwxr-xr-x root/root         0 2013-02-27 19:36 ./
drwxr-xr-x root/root         0 2013-02-27 19:36 usr/
drwxr-xr-x root/root         0 2012-09-24 21:35 usr/doc/
drwxr-xr-x root/root         0 2013-02-27 19:36 usr/doc/gamin-0.1.10/
-rw-r--r-- root/root     25489 2007-07-04 15:36 usr/doc/gamin-0.1.10/COPYING
-rw-r--r-- root/root        55 2007-07-04 15:36 usr/doc/gamin-0.1.10/Copyright
-rw-r--r-- root/root       153 2007-07-04 15:36 usr/doc/gamin-0.1.10/AUTHORS
drwxr-xr-x root/root         0 2012-09-24 21:35 usr/lib/
-rw-r--r-- root/root     14198 2012-09-24 21:35 usr/lib/libgamin_shared.a
-rwxr-xr-x root/root       781 2012-09-24 21:35 usr/lib/libfam.la
-rwxr-xr-x root/root     28476 2012-09-24 21:35 usr/lib/libfam.so.0.0.0
-rwxr-xr-x root/root       807 2012-09-24 21:35 usr/lib/libgamin-1.la
-rwxr-xr-x root/root     28476 2012-09-24 21:35 usr/lib/libgamin-1.so.0.1.10
drwxr-xr-x root/root         0 2012-09-24 21:35 usr/lib/pkgconfig/
-rw-r--r-- root/root       207 2012-09-24 21:35 usr/lib/pkgconfig/gamin.pc
drwxr-xr-x root/root         0 2012-09-24 21:35 usr/lib/python2.7/
drwxr-xr-x root/root         0 2012-09-24 21:35 usr/lib/python2.7/site-packages/
-rw-r--r-- root/root      9278 2012-09-24 21:35 usr/lib/python2.7/site-packages/gamin.pyo
-rw-r--r-- root/root      6954 2012-09-24 21:35 usr/lib/python2.7/site-packages/gamin.py
-rw-r--r-- root/root      9278 2012-09-24 21:35 usr/lib/python2.7/site-packages/gamin.pyc
-rwxr-xr-x root/root       819 2012-09-24 21:35 usr/lib/python2.7/site-packages/_gamin.la
-rwxr-xr-x root/root      8344 2012-09-24 21:35 usr/lib/python2.7/site-packages/_gamin.so
drwxr-xr-x root/root         0 2013-02-27 19:36 install/
-rw-r--r-- root/root       717 2013-02-27 19:36 install/doinst.sh
-rw-r--r-- root/root       923 2013-02-27 19:36 install/slack-desc


