++========================================
||
||   Package:  ./slackware64-compat32/l-compat32/glib2-compat32-2.36.4-x86_64-1compat32.txz
||
++========================================
drwxr-xr-x root/root         0 2013-09-08 16:54 ./
drwxr-xr-x root/root         0 2013-09-08 16:54 usr/
drwxr-xr-x root/root         0 2013-09-08 16:54 usr/bin/
drwxr-xr-x root/root         0 2013-09-08 16:54 usr/bin/32/
-rwxr-xr-x root/root     18224 2013-08-08 00:36 usr/bin/32/gtester
-rwxr-xr-x root/root     30692 2013-08-08 00:36 usr/bin/32/gdbus
-rwxr-xr-x root/root     18735 2013-08-08 00:35 usr/bin/32/gtester-report
-rwxr-xr-x root/root      6160 2013-08-08 00:36 usr/bin/32/gio-querymodules
-rwxr-xr-x root/root     30764 2013-08-08 00:36 usr/bin/32/glib-compile-resources
-rwxr-xr-x root/root      5448 2013-08-08 00:35 usr/bin/32/glib-gettextize
-rwxr-xr-x root/root     13408 2013-08-08 00:36 usr/bin/32/gresource
-rwxr-xr-x root/root     36944 2013-08-08 00:36 usr/bin/32/glib-compile-schemas
-rwxr-xr-x root/root      6320 2013-08-08 00:36 usr/bin/32/gobject-query
-rwxr-xr-x root/root      1346 2013-08-08 00:35 usr/bin/32/gdbus-codegen
-rwxr-xr-x root/root     26324 2013-08-08 00:36 usr/bin/32/glib-genmarshal
-rwxr-xr-x root/root     17968 2013-08-08 00:35 usr/bin/32/glib-mkenums
-rwxr-xr-x root/root     17284 2013-08-08 00:36 usr/bin/32/gsettings
drwxr-xr-x root/root         0 2013-08-08 00:36 usr/doc/
drwxr-xr-x root/root         0 2013-09-08 16:54 usr/doc/glib-2.36.4/
-rw-r--r-- root/root     25292 2013-05-07 20:26 usr/doc/glib-2.36.4/COPYING
-rw-r--r-- root/root      1344 2013-05-07 20:26 usr/doc/glib-2.36.4/AUTHORS
drwxr-xr-x root/root         0 2013-08-08 00:36 usr/lib/
-rwxr-xr-x root/root      1006 2013-08-08 00:35 usr/lib/libgobject-2.0.la
drwxr-xr-x root/root         0 2013-08-08 00:35 usr/lib/pkgconfig/
-rw-r--r-- root/root       425 2013-08-08 00:35 usr/lib/pkgconfig/gio-2.0.pc
-rw-r--r-- root/root       224 2013-08-08 00:35 usr/lib/pkgconfig/gthread-2.0.pc
-rw-r--r-- root/root       295 2013-08-08 00:35 usr/lib/pkgconfig/gmodule-2.0.pc
-rw-r--r-- root/root       364 2013-08-08 00:35 usr/lib/pkgconfig/glib-2.0.pc
-rw-r--r-- root/root       252 2013-08-08 00:35 usr/lib/pkgconfig/gobject-2.0.pc
-rw-r--r-- root/root       274 2013-08-08 00:35 usr/lib/pkgconfig/gmodule-no-export-2.0.pc
-rw-r--r-- root/root       277 2013-08-08 00:35 usr/lib/pkgconfig/gio-unix-2.0.pc
-rw-r--r-- root/root       295 2013-08-08 00:35 usr/lib/pkgconfig/gmodule-export-2.0.pc
-rwxr-xr-x root/root       987 2013-08-08 00:35 usr/lib/libgthread-2.0.la
-rwxr-xr-x root/root       992 2013-08-08 00:35 usr/lib/libgmodule-2.0.la
-rwxr-xr-x root/root      1054 2013-08-08 00:35 usr/lib/libgio-2.0.la
-rwxr-xr-x root/root      3656 2013-08-08 00:36 usr/lib/libgthread-2.0.so.0.3600.4
drwxr-xr-x root/root         0 2013-08-08 00:35 usr/lib/gio/
drwxr-xr-x root/root         0 2013-08-08 00:36 usr/lib/gio/modules/
-rwxr-xr-x root/root     10508 2013-08-08 00:36 usr/lib/gio/modules/libgiofam.so
-rwxr-xr-x root/root      1084 2013-08-08 00:35 usr/lib/gio/modules/libgiofam.la
-rwxr-xr-x root/root   1236472 2013-08-08 00:36 usr/lib/libglib-2.0.so.0.3600.4
-rwxr-xr-x root/root    318936 2013-08-08 00:36 usr/lib/libgobject-2.0.so.0.3600.4
-rwxr-xr-x root/root   1466192 2013-08-08 00:36 usr/lib/libgio-2.0.so.0.3600.4
-rwxr-xr-x root/root       945 2013-08-08 00:35 usr/lib/libglib-2.0.la
drwxr-xr-x root/root         0 2013-08-08 00:35 usr/lib/glib-2.0/
drwxr-xr-x root/root         0 2013-08-08 00:35 usr/lib/glib-2.0/include/
-rw-r--r-- root/root      5834 2013-08-08 00:35 usr/lib/glib-2.0/include/glibconfig.h
-rwxr-xr-x root/root     10652 2013-08-08 00:36 usr/lib/libgmodule-2.0.so.0.3600.4
drwxr-xr-x root/root         0 2013-09-08 16:54 install/
-rw-r--r-- root/root      1521 2013-09-08 16:54 install/doinst.sh
-rw-r--r-- root/root       861 2013-09-08 16:54 install/slack-desc


