++========================================
||
||   Package:  ./slackware64-compat32/l-compat32/gst-plugins-base-compat32-0.10.36-x86_64-2compat32.txz
||
++========================================
drwxr-xr-x root/root         0 2013-02-27 19:36 ./
drwxr-xr-x root/root         0 2013-02-27 19:36 usr/
drwxr-xr-x root/root         0 2013-02-27 19:36 usr/bin/
drwxr-xr-x root/root         0 2013-02-27 19:36 usr/bin/32/
-rwxr-xr-x root/root      1713 2012-08-15 05:01 usr/bin/32/gst-visualise-0.10
-rwxr-xr-x root/root     17240 2012-08-15 05:01 usr/bin/32/gst-discoverer-0.10
drwxr-xr-x root/root         0 2012-08-15 05:01 usr/doc/
drwxr-xr-x root/root         0 2013-02-27 19:36 usr/doc/gst-plugins-base-0.10.36/
-rw-r--r-- root/root     18007 2011-12-11 19:47 usr/doc/gst-plugins-base-0.10.36/COPYING
-rw-r--r-- root/root     25265 2011-12-11 19:47 usr/doc/gst-plugins-base-0.10.36/COPYING.LIB
-rw-r--r-- root/root       977 2011-12-11 19:47 usr/doc/gst-plugins-base-0.10.36/AUTHORS
drwxr-xr-x root/root         0 2012-08-15 05:01 usr/lib/
-rwxr-xr-x root/root      1221 2012-08-15 05:00 usr/lib/libgstrtp-0.10.la
-rwxr-xr-x root/root    114212 2012-08-15 05:01 usr/lib/libgstpbutils-0.10.so.0.25.0
drwxr-xr-x root/root         0 2012-08-15 05:01 usr/lib/gstreamer-0.10/
-rwxr-xr-x root/root      1690 2012-08-15 05:01 usr/lib/gstreamer-0.10/libgstpango.la
-rwxr-xr-x root/root      1230 2012-08-15 05:01 usr/lib/gstreamer-0.10/libgstgdp.la
-rwxr-xr-x root/root     31056 2012-08-15 05:01 usr/lib/gstreamer-0.10/libgstdecodebin.so
-rwxr-xr-x root/root     31032 2012-08-15 05:01 usr/lib/gstreamer-0.10/libgstgio.so
-rwxr-xr-x root/root      1230 2012-08-15 05:01 usr/lib/gstreamer-0.10/libgsttcp.la
-rwxr-xr-x root/root      1399 2012-08-15 05:01 usr/lib/gstreamer-0.10/libgstvorbis.la
-rwxr-xr-x root/root     61520 2012-08-15 05:01 usr/lib/gstreamer-0.10/libgsttcp.so
-rwxr-xr-x root/root      1300 2012-08-15 05:01 usr/lib/gstreamer-0.10/libgstadder.la
-rwxr-xr-x root/root      1324 2012-08-15 05:01 usr/lib/gstreamer-0.10/libgstcdparanoia.la
-rwxr-xr-x root/root      1301 2012-08-15 05:01 usr/lib/gstreamer-0.10/libgstffmpegcolorspace.la
-rwxr-xr-x root/root     23464 2012-08-15 05:01 usr/lib/gstreamer-0.10/libgstvolume.so
-rwxr-xr-x root/root      1224 2012-08-15 05:01 usr/lib/gstreamer-0.10/libgstsubparse.la
-rwxr-xr-x root/root      1478 2012-08-15 05:01 usr/lib/gstreamer-0.10/libgstxvimagesink.la
-rwxr-xr-x root/root     15728 2012-08-15 05:01 usr/lib/gstreamer-0.10/libgstaudiorate.so
-rwxr-xr-x root/root     77988 2012-08-15 05:01 usr/lib/gstreamer-0.10/libgsttypefindfunctions.so
-rwxr-xr-x root/root      1316 2012-08-15 05:01 usr/lib/gstreamer-0.10/libgstalsa.la
-rwxr-xr-x root/root     21240 2012-08-15 05:01 usr/lib/gstreamer-0.10/libgstgdp.so
-rwxr-xr-x root/root     45232 2012-08-15 05:01 usr/lib/gstreamer-0.10/libgstencodebin.so
-rwxr-xr-x root/root      1248 2012-08-15 05:01 usr/lib/gstreamer-0.10/libgstvideotestsrc.la
-rwxr-xr-x root/root     57168 2012-08-15 05:01 usr/lib/gstreamer-0.10/libgsttheora.so
-rwxr-xr-x root/root     36840 2012-08-15 05:01 usr/lib/gstreamer-0.10/libgstximagesink.so
-rwxr-xr-x root/root      1362 2012-08-15 05:01 usr/lib/gstreamer-0.10/libgstogg.la
-rwxr-xr-x root/root      1342 2012-08-15 05:01 usr/lib/gstreamer-0.10/libgstaudioconvert.la
-rwxr-xr-x root/root    123876 2012-08-15 05:01 usr/lib/gstreamer-0.10/libgstogg.so
-rwxr-xr-x root/root      1454 2012-08-15 05:01 usr/lib/gstreamer-0.10/libgstximagesink.la
-rwxr-xr-x root/root     35792 2012-08-15 05:01 usr/lib/gstreamer-0.10/libgstaudiotestsrc.so
-rwxr-xr-x root/root     77104 2012-08-15 05:01 usr/lib/gstreamer-0.10/libgstdecodebin2.so
-rwxr-xr-x root/root     22584 2012-08-15 05:01 usr/lib/gstreamer-0.10/libgstvideorate.so
-rwxr-xr-x root/root    108680 2012-08-15 05:01 usr/lib/gstreamer-0.10/libgstvideoscale.so
-rwxr-xr-x root/root     48144 2012-08-15 05:01 usr/lib/gstreamer-0.10/libgstsubparse.so
-rwxr-xr-x root/root      1340 2012-08-15 05:01 usr/lib/gstreamer-0.10/libgstvolume.la
-rwxr-xr-x root/root      1221 2012-08-15 05:01 usr/lib/gstreamer-0.10/libgstapp.la
-rwxr-xr-x root/root      1337 2012-08-15 05:01 usr/lib/gstreamer-0.10/libgsttheora.la
-rwxr-xr-x root/root      1233 2012-08-15 05:01 usr/lib/gstreamer-0.10/libgstencodebin.la
-rwxr-xr-x root/root      1202 2012-08-15 05:01 usr/lib/gstreamer-0.10/libgstaudiorate.la
-rwxr-xr-x root/root    326596 2012-08-15 05:01 usr/lib/gstreamer-0.10/libgstffmpegcolorspace.so
-rwxr-xr-x root/root      1300 2012-08-15 05:01 usr/lib/gstreamer-0.10/libgstlibvisual.la
-rwxr-xr-x root/root      1230 2012-08-15 05:01 usr/lib/gstreamer-0.10/libgstvideorate.la
-rwxr-xr-x root/root     21208 2012-08-15 05:01 usr/lib/gstreamer-0.10/libgstadder.so
-rwxr-xr-x root/root     20048 2012-08-15 05:01 usr/lib/gstreamer-0.10/libgstlibvisual.so
-rwxr-xr-x root/root      1233 2012-08-15 05:01 usr/lib/gstreamer-0.10/libgstdecodebin.la
-rwxr-xr-x root/root    185232 2012-08-15 05:01 usr/lib/gstreamer-0.10/libgstplaybin.so
-rwxr-xr-x root/root      3728 2012-08-15 05:01 usr/lib/gstreamer-0.10/libgstapp.so
-rwxr-xr-x root/root      1312 2012-08-15 05:01 usr/lib/gstreamer-0.10/libgstplaybin.la
-rwxr-xr-x root/root      1254 2012-08-15 05:01 usr/lib/gstreamer-0.10/libgstaudioresample.la
-rwxr-xr-x root/root     53304 2012-08-15 05:01 usr/lib/gstreamer-0.10/libgstvideotestsrc.so
-rwxr-xr-x root/root      1226 2012-08-15 05:01 usr/lib/gstreamer-0.10/libgstgio.la
-rwxr-xr-x root/root      1239 2012-08-15 05:01 usr/lib/gstreamer-0.10/libgstdecodebin2.la
-rwxr-xr-x root/root     54096 2012-08-15 05:01 usr/lib/gstreamer-0.10/libgstaudioresample.so
-rwxr-xr-x root/root      1265 2012-08-15 05:01 usr/lib/gstreamer-0.10/libgstvideoscale.la
-rwxr-xr-x root/root     60656 2012-08-15 05:01 usr/lib/gstreamer-0.10/libgstpango.so
-rwxr-xr-x root/root     40344 2012-08-15 05:01 usr/lib/gstreamer-0.10/libgstvorbis.so
-rwxr-xr-x root/root      1282 2012-08-15 05:01 usr/lib/gstreamer-0.10/libgstaudiotestsrc.la
-rwxr-xr-x root/root      1341 2012-08-15 05:01 usr/lib/gstreamer-0.10/libgsttypefindfunctions.la
-rwxr-xr-x root/root     66376 2012-08-15 05:01 usr/lib/gstreamer-0.10/libgstaudioconvert.so
-rwxr-xr-x root/root     14344 2012-08-15 05:01 usr/lib/gstreamer-0.10/libgstcdparanoia.so
-rwxr-xr-x root/root     65456 2012-08-15 05:01 usr/lib/gstreamer-0.10/libgstalsa.so
-rwxr-xr-x root/root     53296 2012-08-15 05:01 usr/lib/gstreamer-0.10/libgstxvimagesink.so
-rwxr-xr-x root/root     86860 2012-08-15 05:01 usr/lib/libgstrtsp-0.10.so.0.25.0
-rwxr-xr-x root/root      1229 2012-08-15 05:00 usr/lib/libgstnetbuffer-0.10.la
-rwxr-xr-x root/root    153808 2012-08-15 05:01 usr/lib/libgsttag-0.10.so.0.25.0
-rwxr-xr-x root/root     23608 2012-08-15 05:01 usr/lib/libgstcdda-0.10.so.0.25.0
-rwxr-xr-x root/root     29660 2012-08-15 05:01 usr/lib/libgstsdp-0.10.so.0.25.0
-rwxr-xr-x root/root      1221 2012-08-15 05:01 usr/lib/libgstapp-0.10.la
drwxr-xr-x root/root         0 2012-08-15 05:00 usr/lib/pkgconfig/
-rw-r--r-- root/root       410 2012-08-15 05:00 usr/lib/pkgconfig/gstreamer-rtsp-0.10.pc
-rw-r--r-- root/root       414 2012-08-15 05:00 usr/lib/pkgconfig/gstreamer-video-0.10.pc
-rw-r--r-- root/root       371 2012-08-15 05:00 usr/lib/pkgconfig/gstreamer-floatcast-0.10.pc
-rw-r--r-- root/root       373 2012-08-15 05:00 usr/lib/pkgconfig/gstreamer-fft-0.10.pc
-rw-r--r-- root/root       388 2012-08-15 05:00 usr/lib/pkgconfig/gstreamer-tag-0.10.pc
-rw-r--r-- root/root       440 2012-08-15 05:00 usr/lib/pkgconfig/gstreamer-audio-0.10.pc
-rw-r--r-- root/root       374 2012-08-15 05:00 usr/lib/pkgconfig/gstreamer-riff-0.10.pc
-rw-r--r-- root/root       365 2012-08-15 05:00 usr/lib/pkgconfig/gstreamer-sdp-0.10.pc
-rw-r--r-- root/root       387 2012-08-15 05:00 usr/lib/pkgconfig/gstreamer-pbutils-0.10.pc
-rw-r--r-- root/root       401 2012-08-15 05:00 usr/lib/pkgconfig/gstreamer-plugins-base-0.10.pc
-rw-r--r-- root/root       398 2012-08-15 05:00 usr/lib/pkgconfig/gstreamer-interfaces-0.10.pc
-rw-r--r-- root/root       409 2012-08-15 05:00 usr/lib/pkgconfig/gstreamer-cdda-0.10.pc
-rw-r--r-- root/root       440 2012-08-15 05:00 usr/lib/pkgconfig/gstreamer-app-0.10.pc
-rw-r--r-- root/root       415 2012-08-15 05:00 usr/lib/pkgconfig/gstreamer-netbuffer-0.10.pc
-rw-r--r-- root/root       408 2012-08-15 05:00 usr/lib/pkgconfig/gstreamer-rtp-0.10.pc
-rwxr-xr-x root/root      1348 2012-08-15 05:01 usr/lib/libgstriff-0.10.la
-rwxr-xr-x root/root     77012 2012-08-15 05:01 usr/lib/libgstvideo-0.10.so.0.25.0
-rwxr-xr-x root/root    153552 2012-08-15 05:01 usr/lib/libgstaudio-0.10.so.0.25.0
-rwxr-xr-x root/root      1193 2012-08-15 05:00 usr/lib/libgstsdp-0.10.la
-rwxr-xr-x root/root      1193 2012-08-15 05:00 usr/lib/libgstfft-0.10.la
-rwxr-xr-x root/root      1235 2012-08-15 05:00 usr/lib/libgstinterfaces-0.10.la
-rwxr-xr-x root/root      1199 2012-08-15 05:01 usr/lib/libgstrtsp-0.10.la
-rwxr-xr-x root/root     40328 2012-08-15 05:01 usr/lib/libgstfft-0.10.so.0.25.0
-rwxr-xr-x root/root      8080 2012-08-15 05:01 usr/lib/libgstnetbuffer-0.10.so.0.25.0
-rwxr-xr-x root/root      1298 2012-08-15 05:01 usr/lib/libgstaudio-0.10.la
-rwxr-xr-x root/root      1233 2012-08-15 05:01 usr/lib/libgstvideo-0.10.la
-rwxr-xr-x root/root      1217 2012-08-15 05:01 usr/lib/libgstpbutils-0.10.la
-rwxr-xr-x root/root      1221 2012-08-15 05:00 usr/lib/libgsttag-0.10.la
drwxr-xr-x root/root         0 2012-08-15 05:01 usr/lib/girepository-1.0/
-rw-r--r-- root/root      2852 2012-08-15 05:00 usr/lib/girepository-1.0/GstFft-0.10.typelib
-rw-r--r-- root/root     17804 2012-08-15 05:01 usr/lib/girepository-1.0/GstPbutils-0.10.typelib
-rw-r--r-- root/root     32300 2012-08-15 05:01 usr/lib/girepository-1.0/GstAudio-0.10.typelib
-rw-r--r-- root/root      9276 2012-08-15 05:00 usr/lib/girepository-1.0/GstSdp-0.10.typelib
-rw-r--r-- root/root     27108 2012-08-15 05:00 usr/lib/girepository-1.0/GstInterfaces-0.10.typelib
-rw-r--r-- root/root     13052 2012-08-15 05:01 usr/lib/girepository-1.0/GstRiff-0.10.typelib
-rw-r--r-- root/root      2596 2012-08-15 05:00 usr/lib/girepository-1.0/GstNetbuffer-0.10.typelib
-rw-r--r-- root/root     29356 2012-08-15 05:01 usr/lib/girepository-1.0/GstRtsp-0.10.typelib
-rw-r--r-- root/root     12644 2012-08-15 05:00 usr/lib/girepository-1.0/GstTag-0.10.typelib
-rw-r--r-- root/root      6448 2012-08-15 05:01 usr/lib/girepository-1.0/GstApp-0.10.typelib
-rw-r--r-- root/root     25760 2012-08-15 05:00 usr/lib/girepository-1.0/GstRtp-0.10.typelib
-rw-r--r-- root/root     16876 2012-08-15 05:01 usr/lib/girepository-1.0/GstVideo-0.10.typelib
-rwxr-xr-x root/root     39320 2012-08-15 05:01 usr/lib/libgstapp-0.10.so.0.25.0
-rwxr-xr-x root/root     38984 2012-08-15 05:01 usr/lib/libgstriff-0.10.so.0.25.0
-rwxr-xr-x root/root      1254 2012-08-15 05:00 usr/lib/libgstcdda-0.10.la
-rwxr-xr-x root/root     82700 2012-08-15 05:01 usr/lib/libgstrtp-0.10.so.0.25.0
-rwxr-xr-x root/root     65224 2012-08-15 05:01 usr/lib/libgstinterfaces-0.10.so.0.25.0
drwxr-xr-x root/root         0 2013-02-27 19:36 install/
-rw-r--r-- root/root      3030 2013-02-27 19:36 install/doinst.sh
-rw-r--r-- root/root      1237 2013-02-27 19:36 install/slack-desc


