++========================================
||
||   Package:  ./slackware64-compat32/l-compat32/gstreamer-compat32-0.10.36-x86_64-2compat32.txz
||
++========================================
drwxr-xr-x root/root         0 2013-08-06 14:16 ./
drwxr-xr-x root/root         0 2013-08-06 14:16 usr/
drwxr-xr-x root/root         0 2013-08-06 14:16 usr/bin/
drwxr-xr-x root/root         0 2013-08-06 14:16 usr/bin/32/
-rwxr-xr-x root/root     10096 2013-07-26 05:02 usr/bin/32/gst-launch
-rwxr-xr-x root/root     10096 2013-07-26 05:02 usr/bin/32/gst-typefind
-rwxr-xr-x root/root      8732 2013-07-26 05:02 usr/bin/32/gst-typefind-0.10
-rwxr-xr-x root/root      3173 2013-07-26 05:02 usr/bin/32/gst-feedback-0.10
-rwxr-xr-x root/root     10096 2013-07-26 05:02 usr/bin/32/gst-feedback
-rwxr-xr-x root/root     10096 2013-07-26 05:02 usr/bin/32/gst-inspect
-rwxr-xr-x root/root     29772 2013-07-26 05:02 usr/bin/32/gst-launch-0.10
-rwxr-xr-x root/root     32208 2013-07-26 05:02 usr/bin/32/gst-inspect-0.10
-rwxr-xr-x root/root     29772 2013-07-26 05:02 usr/bin/32/gst-xmllaunch-0.10
-rwxr-xr-x root/root     10096 2013-07-26 05:02 usr/bin/32/gst-xmlinspect
-rwxr-xr-x root/root     18228 2013-07-26 05:02 usr/bin/32/gst-xmlinspect-0.10
-rwxr-xr-x root/root     10096 2013-07-26 05:02 usr/bin/32/gst-xmllaunch
drwxr-xr-x root/root         0 2013-07-26 05:02 usr/doc/
drwxr-xr-x root/root         0 2013-08-06 14:16 usr/doc/gstreamer-0.10.36/
-rw-r--r-- root/root     25265 2011-12-11 19:45 usr/doc/gstreamer-0.10.36/COPYING
-rw-r--r-- root/root      1096 2011-12-11 19:45 usr/doc/gstreamer-0.10.36/AUTHORS
drwxr-xr-x root/root         0 2013-07-26 05:02 usr/lib/
-rwxr-xr-x root/root     49932 2013-07-26 05:02 usr/lib/libgstcheck-0.10.so.0.30.0
-rwxr-xr-x root/root     17136 2013-07-26 05:02 usr/lib/libgstnet-0.10.so.0.30.0
drwxr-xr-x root/root         0 2013-07-26 05:02 usr/lib/gstreamer-0.10/
-rwxr-xr-x root/root     18704 2013-07-26 05:02 usr/lib/gstreamer-0.10/libgstcoreindexers.so
-rwxr-xr-x root/root      1243 2013-07-26 05:02 usr/lib/gstreamer-0.10/libgstcoreelements.la
-rwxr-xr-x root/root    194832 2013-07-26 05:02 usr/lib/gstreamer-0.10/libgstcoreelements.so
-rwxr-xr-x root/root      1215 2013-07-26 05:02 usr/lib/gstreamer-0.10/libgstcoreindexers.la
-rwxr-xr-x root/root    738736 2013-07-26 05:02 usr/lib/libgstreamer-0.10.so.0.30.0
-rwxr-xr-x root/root      1176 2013-07-26 05:02 usr/lib/libgstreamer-0.10.la
-rwxr-xr-x root/root      1242 2013-07-26 05:02 usr/lib/libgstdataprotocol-0.10.la
drwxr-xr-x root/root         0 2013-07-26 05:02 usr/lib/pkgconfig/
-rw-r--r-- root/root       404 2013-07-26 05:02 usr/lib/pkgconfig/gstreamer-net-0.10.pc
-rw-r--r-- root/root       387 2013-07-26 05:02 usr/lib/pkgconfig/gstreamer-base-0.10.pc
-rw-r--r-- root/root       484 2013-07-26 05:02 usr/lib/pkgconfig/gstreamer-0.10.pc
-rw-r--r-- root/root       412 2013-07-26 05:02 usr/lib/pkgconfig/gstreamer-check-0.10.pc
-rw-r--r-- root/root       395 2013-07-26 05:02 usr/lib/pkgconfig/gstreamer-dataprotocol-0.10.pc
-rw-r--r-- root/root       404 2013-07-26 05:02 usr/lib/pkgconfig/gstreamer-controller-0.10.pc
-rwxr-xr-x root/root     14232 2013-07-26 05:02 usr/lib/libgstdataprotocol-0.10.so.0.30.0
-rwxr-xr-x root/root      1230 2013-07-26 05:02 usr/lib/libgstcontroller-0.10.la
-rwxr-xr-x root/root      1200 2013-07-26 05:02 usr/lib/libgstcheck-0.10.la
-rwxr-xr-x root/root    168208 2013-07-26 05:02 usr/lib/libgstcontroller-0.10.so.0.30.0
drwxr-xr-x root/root         0 2013-07-26 05:02 usr/lib/girepository-1.0/
-rw-r--r-- root/root      6768 2013-07-26 05:02 usr/lib/girepository-1.0/GstController-0.10.typelib
-rw-r--r-- root/root     40084 2013-07-26 05:02 usr/lib/girepository-1.0/GstBase-0.10.typelib
-rw-r--r-- root/root    166608 2013-07-26 05:02 usr/lib/girepository-1.0/Gst-0.10.typelib
-rw-r--r-- root/root      2344 2013-07-26 05:02 usr/lib/girepository-1.0/GstNet-0.10.typelib
-rw-r--r-- root/root      2680 2013-07-26 05:02 usr/lib/girepository-1.0/GstCheck-0.10.typelib
-rwxr-xr-x root/root    236736 2013-07-26 05:02 usr/lib/libgstbase-0.10.so.0.30.0
-rwxr-xr-x root/root      1194 2013-07-26 05:02 usr/lib/libgstbase-0.10.la
-rwxr-xr-x root/root      1188 2013-07-26 05:02 usr/lib/libgstnet-0.10.la
drwxr-xr-x root/root         0 2013-08-06 14:16 install/
-rw-r--r-- root/root      1464 2013-08-06 14:16 install/doinst.sh
-rw-r--r-- root/root      1220 2013-08-06 14:16 install/slack-desc


