++========================================
||
||   Package:  ./slackware64-compat32/l-compat32/gtk+2-compat32-2.24.20-x86_64-1compat32.txz
||
++========================================
drwxr-xr-x root/root         0 2013-07-26 05:09 ./
drwxr-xr-x root/root         0 2013-07-26 05:09 etc/
drwxr-xr-x root/root         0 2013-07-26 05:09 etc/profile.d/
-rwxr-xr-x root/root        44 2010-12-09 20:13 etc/profile.d/gtk+.sh
-rwxr-xr-x root/root        32 2010-12-09 20:12 etc/profile.d/gtk+.csh
drwxr-xr-x root/root         0 2013-07-26 05:09 etc/gtk-2.0/
-rw-r--r-- root/root        22 2013-07-26 05:09 etc/gtk-2.0/gtkrc.new
-rw-r--r-- root/root       890 2013-07-26 05:08 etc/gtk-2.0/im-multipress.conf.new
drwxr-xr-x root/root         0 2013-08-06 14:16 usr/
drwxr-xr-x root/root         0 2013-08-06 14:16 usr/bin/
-rwxr-xr-x root/root      9016 2013-07-26 05:09 usr/bin/gtk-query-immodules-2.0-32
-rwxr-xr-x root/root      1459 2013-07-12 06:52 usr/bin/update-gtk-immodules-2.0-32
-rwxr-xr-x root/root    184864 2013-07-26 05:09 usr/bin/gtk-demo-32
-rwxr-xr-x root/root       339 2011-02-24 21:40 usr/bin/update-gtk-immodules-32
-rwxr-xr-x root/root     29059 2013-07-26 05:08 usr/bin/gtk-builder-convert-32
-rwxr-xr-x root/root     25288 2013-07-26 05:09 usr/bin/gtk-update-icon-cache-32
drwxr-xr-x root/root         0 2013-07-26 05:09 usr/doc/
drwxr-xr-x root/root         0 2013-08-06 14:16 usr/doc/gtk+-2.24.20/
-rw-r--r-- root/root     25292 2011-08-16 04:30 usr/doc/gtk+-2.24.20/COPYING
-rw-r--r-- root/root      1535 2011-08-16 04:30 usr/doc/gtk+-2.24.20/AUTHORS
drwxr-xr-x root/root         0 2013-07-26 05:09 usr/lib/
drwxr-xr-x root/root         0 2013-07-26 05:09 usr/lib/gtk-2.0/
drwxr-xr-x root/root         0 2013-07-26 05:09 usr/lib/gtk-2.0/2.10.0/
drwxr-xr-x root/root         0 2013-07-26 05:09 usr/lib/gtk-2.0/2.10.0/immodules/
-rwxr-xr-x root/root      7708 2013-07-26 05:09 usr/lib/gtk-2.0/2.10.0/immodules/im-cyrillic-translit.so
-rwxr-xr-x root/root     26992 2013-07-26 05:09 usr/lib/gtk-2.0/2.10.0/immodules/im-xim.so
-rwxr-xr-x root/root     10672 2013-07-26 05:09 usr/lib/gtk-2.0/2.10.0/immodules/im-thai.so
-rwxr-xr-x root/root      1896 2013-07-26 05:08 usr/lib/gtk-2.0/2.10.0/immodules/im-cedilla.la
-rwxr-xr-x root/root      1872 2013-07-26 05:09 usr/lib/gtk-2.0/2.10.0/immodules/im-xim.la
-rwxr-xr-x root/root      1914 2013-07-26 05:08 usr/lib/gtk-2.0/2.10.0/immodules/im-multipress.la
-rwxr-xr-x root/root      1956 2013-07-26 05:08 usr/lib/gtk-2.0/2.10.0/immodules/im-cyrillic-translit.la
-rwxr-xr-x root/root      6172 2013-07-26 05:09 usr/lib/gtk-2.0/2.10.0/immodules/im-cedilla.so
-rwxr-xr-x root/root      1878 2013-07-26 05:08 usr/lib/gtk-2.0/2.10.0/immodules/im-thai.la
-rwxr-xr-x root/root      1872 2013-07-26 05:08 usr/lib/gtk-2.0/2.10.0/immodules/im-ipa.la
-rwxr-xr-x root/root      1884 2013-07-26 05:08 usr/lib/gtk-2.0/2.10.0/immodules/im-ti-er.la
-rwxr-xr-x root/root      1884 2013-07-26 05:08 usr/lib/gtk-2.0/2.10.0/immodules/im-ti-et.la
-rwxr-xr-x root/root      8140 2013-07-26 05:09 usr/lib/gtk-2.0/2.10.0/immodules/im-inuktitut.so
-rwxr-xr-x root/root      1908 2013-07-26 05:08 usr/lib/gtk-2.0/2.10.0/immodules/im-inuktitut.la
-rwxr-xr-x root/root      8032 2013-07-26 05:09 usr/lib/gtk-2.0/2.10.0/immodules/im-viqr.so
-rwxr-xr-x root/root     10508 2013-07-26 05:09 usr/lib/gtk-2.0/2.10.0/immodules/im-multipress.so
-rwxr-xr-x root/root     19388 2013-07-26 05:09 usr/lib/gtk-2.0/2.10.0/immodules/im-ti-er.so
-rwxr-xr-x root/root     19388 2013-07-26 05:09 usr/lib/gtk-2.0/2.10.0/immodules/im-ti-et.so
-rwxr-xr-x root/root      1884 2013-07-26 05:08 usr/lib/gtk-2.0/2.10.0/immodules/im-am-et.la
-rwxr-xr-x root/root      6820 2013-07-26 05:09 usr/lib/gtk-2.0/2.10.0/immodules/im-ipa.so
-rwxr-xr-x root/root     19400 2013-07-26 05:09 usr/lib/gtk-2.0/2.10.0/immodules/im-am-et.so
-rwxr-xr-x root/root      1878 2013-07-26 05:08 usr/lib/gtk-2.0/2.10.0/immodules/im-viqr.la
drwxr-xr-x root/root         0 2013-07-26 05:09 usr/lib/gtk-2.0/2.10.0/printbackends/
-rwxr-xr-x root/root      1960 2013-07-26 05:09 usr/lib/gtk-2.0/2.10.0/printbackends/libprintbackend-file.la
-rwxr-xr-x root/root     11760 2013-07-26 05:09 usr/lib/gtk-2.0/2.10.0/printbackends/libprintbackend-lpr.so
-rwxr-xr-x root/root     82888 2013-07-26 05:09 usr/lib/gtk-2.0/2.10.0/printbackends/libprintbackend-cups.so
-rwxr-xr-x root/root      1954 2013-07-26 05:09 usr/lib/gtk-2.0/2.10.0/printbackends/libprintbackend-lpr.la
-rwxr-xr-x root/root     16944 2013-07-26 05:09 usr/lib/gtk-2.0/2.10.0/printbackends/libprintbackend-file.so
-rwxr-xr-x root/root      1990 2013-07-26 05:09 usr/lib/gtk-2.0/2.10.0/printbackends/libprintbackend-cups.la
drwxr-xr-x root/root         0 2013-07-26 05:09 usr/lib/gtk-2.0/2.10.0/engines/
-rwxr-xr-x root/root     37872 2013-07-26 05:09 usr/lib/gtk-2.0/2.10.0/engines/libpixmap.so
-rwxr-xr-x root/root      1888 2013-07-26 05:09 usr/lib/gtk-2.0/2.10.0/engines/libpixmap.la
drwxr-xr-x root/root         0 2013-07-26 05:09 usr/lib/gtk-2.0/modules/
-rwxr-xr-x root/root      1881 2013-07-26 05:09 usr/lib/gtk-2.0/modules/libferret.la
-rwxr-xr-x root/root     51232 2013-07-26 05:09 usr/lib/gtk-2.0/modules/libferret.so
-rwxr-xr-x root/root    331416 2013-07-26 05:09 usr/lib/gtk-2.0/modules/libgail.so
-rwxr-xr-x root/root      1893 2013-07-26 05:09 usr/lib/gtk-2.0/modules/libgail.la
drwxr-xr-x root/root         0 2013-07-26 05:08 usr/lib/gtk-2.0/include/
-rw-r--r-- root/root       583 2013-07-26 05:08 usr/lib/gtk-2.0/include/gdkconfig.h
-rwxr-xr-x root/root     28440 2013-07-26 05:09 usr/lib/libgailutil.so.18.0.1
-rwxr-xr-x root/root      1890 2013-07-26 05:09 usr/lib/libgailutil.la
-rwxr-xr-x root/root    715776 2013-07-26 05:09 usr/lib/libgdk-x11-2.0.so.0.2400.20
-rw-r--r-- root/root       964 2013-07-26 05:08 usr/lib/libgdk-x11-2.0.la
drwxr-xr-x root/root         0 2013-07-26 05:09 usr/lib/pkgconfig/
-rw-r--r-- root/root       309 2013-07-26 05:09 usr/lib/pkgconfig/gdk-2.0.pc
-rw-r--r-- root/root       376 2013-07-26 05:09 usr/lib/pkgconfig/gtk+-x11-2.0.pc
-rw-r--r-- root/root       249 2013-07-26 05:09 usr/lib/pkgconfig/gail.pc
-rw-r--r-- root/root       376 2013-07-26 05:09 usr/lib/pkgconfig/gtk+-2.0.pc
-rw-r--r-- root/root       327 2013-07-26 05:09 usr/lib/pkgconfig/gtk+-unix-print-2.0.pc
-rw-r--r-- root/root       309 2013-07-26 05:09 usr/lib/pkgconfig/gdk-x11-2.0.pc
-rw-r--r-- root/root       964 2013-07-26 05:08 usr/lib/libgtk-x11-2.0.la
drwxr-xr-x root/root         0 2013-07-26 05:08 usr/lib/girepository-1.0/
-rw-r--r-- root/root      5416 2013-07-26 05:08 usr/lib/girepository-1.0/GdkX11-2.0.typelib
-rw-r--r-- root/root    583380 2013-07-26 05:08 usr/lib/girepository-1.0/Gtk-2.0.typelib
-rw-r--r-- root/root    239244 2013-07-26 05:08 usr/lib/girepository-1.0/Gdk-2.0.typelib
-rwxr-xr-x root/root   4619224 2013-07-26 05:09 usr/lib/libgtk-x11-2.0.so.0.2400.20
drwxr-xr-x root/root         0 2013-08-06 14:16 install/
-rw-r--r-- root/root      1616 2013-08-06 14:16 install/doinst.sh
-rw-r--r-- root/root       952 2013-08-06 14:16 install/slack-desc


