++========================================
||
||   Package:  ./slackware64-compat32/l-compat32/icu4c-compat32-51.2-x86_64-1compat32.txz
||
++========================================
drwxr-xr-x root/root         0 2013-06-11 10:17 ./
drwxr-xr-x root/root         0 2013-06-11 10:17 usr/
drwxr-xr-x root/root         0 2013-06-11 10:17 usr/bin/
drwxr-xr-x root/root         0 2013-06-11 10:17 usr/bin/32/
-rwxr-xr-x root/root     16908 2013-06-05 22:58 usr/bin/32/gendict
-rwxr-xr-x root/root     43532 2013-06-05 22:58 usr/bin/32/uconv
-rwxr-xr-x root/root     34932 2013-06-05 22:58 usr/bin/32/makeconv
-rwxr-xr-x root/root     20868 2013-06-05 22:58 usr/bin/32/derb
-rwxr-xr-x root/root      8644 2013-06-05 22:58 usr/bin/32/icuinfo
-rwxr-xr-x root/root     15824 2013-06-05 22:58 usr/bin/32/gencnval
-rwxr-xr-x root/root     30968 2013-06-05 22:58 usr/bin/32/pkgdata
-rwxr-xr-x root/root     92756 2013-06-05 22:58 usr/bin/32/genrb
-rwxr-xr-x root/root     21758 2013-06-05 22:58 usr/bin/32/icu-config
-rwxr-xr-x root/root      9124 2013-06-05 22:58 usr/bin/32/genbrk
-rwxr-xr-x root/root      8092 2013-06-05 22:58 usr/bin/32/gencfu
drwxr-xr-x root/root         0 2013-06-05 22:58 usr/doc/
drwxr-xr-x root/root         0 2013-06-11 10:17 usr/doc/icu4c-51.2/
-rw-r--r-- root/root     17943 2013-05-23 22:06 usr/doc/icu4c-51.2/license.html
drwxr-xr-x root/root         0 2013-06-05 22:58 usr/lib/
-rwxr-xr-x root/root     52432 2013-06-05 22:58 usr/lib/libicutest.so.51.2
-rwxr-xr-x root/root  22322588 2013-06-05 22:58 usr/lib/libicudata.so.51.2
drwxr-xr-x root/root         0 2013-06-05 22:58 usr/lib/icu/
drwxr-xr-x root/root         0 2013-06-05 22:58 usr/lib/icu/51.2/
-rw-r--r-- root/root      9968 2013-06-05 22:58 usr/lib/icu/51.2/Makefile.inc
-rw-r--r-- root/root       613 2013-06-05 22:58 usr/lib/icu/51.2/pkgdata.inc
-rwxr-xr-x root/root   2062764 2013-06-05 22:58 usr/lib/libicui18n.so.51.2
drwxr-xr-x root/root         0 2013-06-05 22:58 usr/lib/pkgconfig/
-rw-r--r-- root/root      1623 2013-06-05 22:58 usr/lib/pkgconfig/icu-le.pc
-rw-r--r-- root/root      1633 2013-06-05 22:58 usr/lib/pkgconfig/icu-io.pc
-rw-r--r-- root/root      1665 2013-06-05 22:58 usr/lib/pkgconfig/icu-uc.pc
-rw-r--r-- root/root      1633 2013-06-05 22:58 usr/lib/pkgconfig/icu-lx.pc
-rw-r--r-- root/root      1641 2013-06-05 22:58 usr/lib/pkgconfig/icu-i18n.pc
-rwxr-xr-x root/root    332356 2013-06-05 22:58 usr/lib/libicule.so.51.2
-rwxr-xr-x root/root    148416 2013-06-05 22:58 usr/lib/libicutu.so.51.2
-rwxr-xr-x root/root     40500 2013-06-05 22:58 usr/lib/libicuio.so.51.2
-rwxr-xr-x root/root   1357424 2013-06-05 22:58 usr/lib/libicuuc.so.51.2
-rwxr-xr-x root/root     41288 2013-06-05 22:58 usr/lib/libiculx.so.51.2
drwxr-xr-x root/root         0 2013-06-11 10:17 install/
-rw-r--r-- root/root      1788 2013-06-11 10:17 install/doinst.sh
-rw-r--r-- root/root       925 2013-06-11 10:17 install/slack-desc


