++========================================
||
||   Package:  ./slackware64-compat32/l-compat32/libsamplerate-compat32-0.1.8-x86_64-1compat32.txz
||
++========================================
drwxr-xr-x root/root         0 2013-02-27 19:37 ./
drwxr-xr-x root/root         0 2013-02-27 19:37 usr/
drwxr-xr-x root/root         0 2013-02-27 19:37 usr/bin/
drwxr-xr-x root/root         0 2013-02-27 19:37 usr/bin/32/
-rwxr-xr-x root/root      8512 2013-02-11 21:50 usr/bin/32/sndfile-resample
drwxr-xr-x root/root         0 2013-02-11 21:50 usr/doc/
drwxr-xr-x root/root         0 2013-02-27 19:37 usr/doc/libsamplerate-0.1.8/
-rw-r--r-- root/root     17992 2010-03-16 15:26 usr/doc/libsamplerate-0.1.8/COPYING
-rw-r--r-- root/root      3585 2011-08-15 12:31 usr/doc/libsamplerate-0.1.8/license.html
-rw-r--r-- root/root        42 2010-03-16 15:22 usr/doc/libsamplerate-0.1.8/AUTHORS
drwxr-xr-x root/root         0 2013-02-11 21:50 usr/lib/
-rwxr-xr-x root/root       953 2013-02-11 21:50 usr/lib/libsamplerate.la
drwxr-xr-x root/root         0 2013-02-11 21:50 usr/lib/pkgconfig/
-rw-r--r-- root/root       232 2013-02-11 21:50 usr/lib/pkgconfig/samplerate.pc
-rwxr-xr-x root/root   1482828 2013-02-11 21:50 usr/lib/libsamplerate.so.0.1.8
drwxr-xr-x root/root         0 2013-02-27 19:37 install/
-rw-r--r-- root/root       214 2013-02-27 19:37 install/doinst.sh
-rw-r--r-- root/root      1296 2013-02-27 19:37 install/slack-desc


