++========================================
||
||   Package:  ./slackware64-compat32/l-compat32/libsndfile-compat32-1.0.26-x86_64-1_slack14.1compat32.txz
||
++========================================
drwxr-xr-x root/root         0 2016-02-23 23:44 ./
drwxr-xr-x root/root         0 2016-02-23 23:44 install/
-rw-r--r-- root/root       198 2016-02-23 23:44 install/doinst.sh
-rw-r--r-- root/root       998 2016-02-23 23:44 install/slack-desc
drwxr-xr-x root/root         0 2016-02-23 23:44 usr/
drwxr-xr-x root/root         0 2016-02-08 21:46 usr/lib/
-rwxr-xr-x root/root      1041 2016-02-08 21:46 usr/lib/libsndfile.la
drwxr-xr-x root/root         0 2016-02-08 21:46 usr/lib/pkgconfig/
-rw-r--r-- root/root       320 2016-02-08 21:46 usr/lib/pkgconfig/sndfile.pc
-rwxr-xr-x root/root    518800 2016-02-08 21:46 usr/lib/libsndfile.so.1.0.26
drwxr-xr-x root/root         0 2016-02-23 23:44 usr/bin/
drwxr-xr-x root/root         0 2016-02-23 23:44 usr/bin/32/
-rwxr-xr-x root/root     13120 2016-02-08 21:46 usr/bin/32/sndfile-interleave
-rwxr-xr-x root/root     13080 2016-02-08 21:46 usr/bin/32/sndfile-regtest
-rwxr-xr-x root/root     16676 2016-02-08 21:46 usr/bin/32/sndfile-convert
-rwxr-xr-x root/root     14972 2016-02-08 21:46 usr/bin/32/sndfile-metadata-get
-rwxr-xr-x root/root     11888 2016-02-08 21:46 usr/bin/32/sndfile-salvage
-rwxr-xr-x root/root     16200 2016-02-08 21:46 usr/bin/32/sndfile-metadata-set
-rwxr-xr-x root/root     12936 2016-02-08 21:46 usr/bin/32/sndfile-concat
-rwxr-xr-x root/root     19996 2016-02-08 21:46 usr/bin/32/sndfile-info
-rwxr-xr-x root/root     13100 2016-02-08 21:46 usr/bin/32/sndfile-deinterleave
-rwxr-xr-x root/root     13188 2016-02-08 21:46 usr/bin/32/sndfile-cmp
-rwxr-xr-x root/root     18700 2016-02-08 21:46 usr/bin/32/sndfile-play
drwxr-xr-x root/root         0 2016-02-08 21:46 usr/doc/
drwxr-xr-x root/root         0 2016-02-23 23:44 usr/doc/libsndfile-1.0.26/
-rw-r--r-- root/root      1954 2015-11-09 10:48 usr/doc/libsndfile-1.0.26/AUTHORS
-rw-r--r-- root/root     26518 2012-01-15 10:01 usr/doc/libsndfile-1.0.26/COPYING


