++========================================
||
||   Package:  ./slackware64-compat32/l-compat32/libxml2-compat32-2.9.4-x86_64-2_slack14.1compat32.txz
||
++========================================
drwxr-xr-x root/root         0 2016-06-19 13:18 ./
drwxr-xr-x root/root         0 2016-06-19 13:18 install/
-rw-r--r-- root/root       284 2016-06-19 13:18 install/doinst.sh
-rw-r--r-- root/root      1150 2016-06-19 13:18 install/slack-desc
drwxr-xr-x root/root         0 2016-06-19 13:18 usr/
drwxr-xr-x root/root         0 2016-06-03 23:31 usr/lib/
drwxr-xr-x root/root         0 2016-06-03 23:31 usr/lib/pkgconfig/
-rw-r--r-- root/root       262 2016-06-03 23:31 usr/lib/pkgconfig/libxml-2.0.pc
-rw-r--r-- root/root       210 2016-06-03 23:31 usr/lib/xml2Conf.sh
-rwxr-xr-x root/root   1421628 2016-06-03 23:31 usr/lib/libxml2.so.2.9.4
drwxr-xr-x root/root         0 2016-06-03 23:31 usr/lib/python2.7/
drwxr-xr-x root/root         0 2016-06-03 23:31 usr/lib/python2.7/site-packages/
-rwxr-xr-x root/root    340056 2016-06-03 23:31 usr/lib/python2.7/site-packages/libxml2mod.so
-rw-r--r-- root/root     15252 2016-06-03 23:31 usr/lib/python2.7/site-packages/drv_libxml2.py
-rw-r--r-- root/root    345696 2016-06-03 23:31 usr/lib/python2.7/site-packages/libxml2.py
-rwxr-xr-x root/root      1025 2016-06-03 23:31 usr/lib/python2.7/site-packages/libxml2mod.la
-rwxr-xr-x root/root       944 2016-06-03 23:31 usr/lib/libxml2.la
drwxr-xr-x root/root         0 2016-06-03 23:31 usr/lib/cmake/
drwxr-xr-x root/root         0 2016-06-03 23:31 usr/lib/cmake/libxml2/
-rw-r--r-- root/root      1640 2016-06-03 23:31 usr/lib/cmake/libxml2/libxml2-config.cmake
drwxr-xr-x root/root         0 2016-06-19 13:18 usr/bin/
drwxr-xr-x root/root         0 2016-06-19 13:18 usr/bin/32/
-rwxr-xr-x root/root     56616 2016-06-03 23:31 usr/bin/32/xmllint
-rwxr-xr-x root/root     12652 2016-06-03 23:31 usr/bin/32/xmlcatalog
-rwxr-xr-x root/root      1662 2016-06-03 23:31 usr/bin/32/xml2-config
drwxr-xr-x root/root         0 2016-06-03 23:31 usr/doc/
drwxr-xr-x root/root         0 2016-06-19 13:18 usr/doc/libxml2-2.9.4/
-rw-r--r-- root/root       208 2009-07-30 17:24 usr/doc/libxml2-2.9.4/AUTHORS
-rw-r--r-- root/root      1289 2016-06-03 23:31 usr/doc/libxml2-2.9.4/Copyright


