++========================================
||
||   Package:  ./slackware64-compat32/l-compat32/ncurses-compat32-5.9-x86_64-2compat32.txz
||
++========================================
drwxr-xr-x root/root         0 2013-05-22 13:24 ./
drwxr-xr-x root/root         0 2013-05-22 13:24 usr/
drwxr-xr-x root/root         0 2013-05-22 13:24 usr/bin/
drwxr-xr-x root/root         0 2013-05-22 13:24 usr/bin/32/
-rwxr-xr-x root/root      5929 2013-05-07 10:32 usr/bin/32/ncurses5-config
-rwxr-xr-x root/root     11016 2013-05-07 10:33 usr/bin/32/toe
-rwxr-xr-x root/root      3884 2013-05-07 10:33 usr/bin/32/clear
-rwxr-xr-x root/root      9236 2013-05-07 10:33 usr/bin/32/tabs
-rwxr-xr-x root/root     15192 2013-05-07 10:33 usr/bin/32/tset
-rwxr-xr-x root/root     60112 2013-05-07 10:33 usr/bin/32/tic
-rwxr-xr-x root/root     10104 2013-05-07 10:33 usr/bin/32/tput
-rwxr-xr-x root/root      5933 2013-05-07 10:33 usr/bin/32/ncursesw5-config
-rwxr-xr-x root/root     49668 2013-05-07 10:33 usr/bin/32/infocmp
drwxr-xr-x root/root         0 2013-05-07 10:33 usr/lib/
-rwxr-xr-x root/root     65052 2013-05-07 10:33 usr/lib/libformw.so.5.9
-rwxr-xr-x root/root     10804 2013-05-07 10:33 usr/lib/libpanel.so.5.9
-rw-r--r-- root/root     51722 2013-05-07 10:32 usr/lib/libmenu.a
-rwxr-xr-x root/root     28196 2013-05-07 10:33 usr/lib/libmenu.so.5.9
-rw-r--r-- root/root    416350 2013-05-07 10:33 usr/lib/libncurses++w.a
drwxr-xr-x root/root         0 2013-05-07 10:33 usr/lib/pkgconfig/
-rw-r--r-- root/root       316 2013-05-07 10:33 usr/lib/pkgconfig/panelw.pc
-rw-r--r-- root/root       313 2013-05-07 10:32 usr/lib/pkgconfig/panel.pc
-rw-r--r-- root/root       346 2013-05-07 10:33 usr/lib/pkgconfig/ncurses++w.pc
-rw-r--r-- root/root       311 2013-05-07 10:32 usr/lib/pkgconfig/form.pc
-rw-r--r-- root/root       311 2013-05-07 10:32 usr/lib/pkgconfig/menu.pc
-rw-r--r-- root/root       305 2013-05-07 10:33 usr/lib/pkgconfig/ncursesw.pc
-rw-r--r-- root/root       340 2013-05-07 10:32 usr/lib/pkgconfig/ncurses++.pc
-rw-r--r-- root/root       303 2013-05-07 10:32 usr/lib/pkgconfig/ncurses.pc
-rw-r--r-- root/root       314 2013-05-07 10:33 usr/lib/pkgconfig/formw.pc
-rw-r--r-- root/root       314 2013-05-07 10:33 usr/lib/pkgconfig/menuw.pc
-rw-r--r-- root/root    488966 2013-05-07 10:32 usr/lib/libncurses.a
-rwxr-xr-x root/root     28836 2013-05-07 10:33 usr/lib/libmenuw.so.5.9
-rw-r--r-- root/root     97354 2013-05-07 10:32 usr/lib/libform.a
-rw-r--r-- root/root    103312 2013-05-07 10:33 usr/lib/libformw.a
-rwxr-xr-x root/root     10804 2013-05-07 10:33 usr/lib/libpanelw.so.5.9
-rw-r--r-- root/root     52334 2013-05-07 10:33 usr/lib/libmenuw.a
-rw-r--r-- root/root     21568 2013-05-07 10:32 usr/lib/libpanel.a
-rw-r--r-- root/root    592644 2013-05-07 10:33 usr/lib/libncursesw.a
-rwxr-xr-x root/root     57276 2013-05-07 10:33 usr/lib/libform.so.5.9
-rw-r--r-- root/root     21568 2013-05-07 10:33 usr/lib/libpanelw.a
-rw-r--r-- root/root    414822 2013-05-07 10:32 usr/lib/libncurses++.a
drwxr-xr-x root/root         0 2013-05-22 13:24 install/
-rw-r--r-- root/root      2017 2013-05-22 13:24 install/doinst.sh
-rw-r--r-- root/root      1074 2013-05-22 13:24 install/slack-desc
drwxr-xr-x root/root         0 2013-05-07 10:33 lib/
-rwxr-xr-x root/root    313416 2013-05-07 10:33 lib/libncurses.so.5.9
-rwxr-xr-x root/root    395048 2013-05-07 10:33 lib/libncursesw.so.5.9


