++========================================
||
||   Package:  ./slackware64-compat32/l-compat32/sdl-compat32-1.2.15-x86_64-1compat32.txz
||
++========================================
drwxr-xr-x root/root         0 2013-02-27 19:38 ./
drwxr-xr-x root/root         0 2013-02-27 19:38 usr/
drwxr-xr-x root/root         0 2013-02-27 19:38 usr/bin/
drwxr-xr-x root/root         0 2013-02-27 19:38 usr/bin/32/
-rwxr-xr-x root/root      1276 2013-02-08 04:40 usr/bin/32/sdl-config
drwxr-xr-x root/root         0 2013-02-08 04:40 usr/doc/
drwxr-xr-x root/root         0 2013-02-27 19:38 usr/doc/SDL_mixer-1.2.12/
-rw-r--r-- root/root       974 2012-01-15 23:01 usr/doc/SDL_mixer-1.2.12/COPYING
drwxr-xr-x root/root         0 2013-02-27 19:38 usr/doc/SDL-1.2.15/
-rw-r--r-- root/root     24390 2012-01-19 07:30 usr/doc/SDL-1.2.15/COPYING
drwxr-xr-x root/root         0 2013-02-27 19:38 usr/doc/SDL_image-1.2.12/
-rw-r--r-- root/root       976 2012-01-21 02:51 usr/doc/SDL_image-1.2.12/COPYING
drwxr-xr-x root/root         0 2013-02-27 19:38 usr/doc/SDL_net-1.2.8/
-rw-r--r-- root/root       983 2012-01-15 17:20 usr/doc/SDL_net-1.2.8/COPYING
drwxr-xr-x root/root         0 2013-02-27 19:38 usr/doc/SDL_ttf-2.0.11/
-rw-r--r-- root/root       988 2012-01-15 05:44 usr/doc/SDL_ttf-2.0.11/COPYING
drwxr-xr-x root/root         0 2013-02-08 04:40 usr/lib/
-rwxr-xr-x root/root     51388 2013-02-08 04:40 usr/lib/libSDL_image-1.2.so.0.8.4
-rwxr-xr-x root/root      1040 2013-02-08 04:40 usr/lib/libSDLmain.la
drwxr-xr-x root/root         0 2013-02-08 04:40 usr/lib/pkgconfig/
-rw-r--r-- root/root       561 2013-02-08 04:40 usr/lib/pkgconfig/sdl.pc
-rw-r--r-- root/root       251 2013-02-08 04:40 usr/lib/pkgconfig/SDL_mixer.pc
-rw-r--r-- root/root       268 2013-02-08 04:40 usr/lib/pkgconfig/SDL_ttf.pc
-rw-r--r-- root/root       243 2013-02-08 04:40 usr/lib/pkgconfig/SDL_net.pc
-rw-r--r-- root/root       259 2013-02-08 04:40 usr/lib/pkgconfig/SDL_image.pc
-rwxr-xr-x root/root      1121 2013-02-08 04:40 usr/lib/libSDL_net.la
-rwxr-xr-x root/root      1158 2013-02-08 04:40 usr/lib/libSDL_ttf.la
-rwxr-xr-x root/root      1200 2013-02-08 04:40 usr/lib/libSDL_image.la
-rwxr-xr-x root/root      1081 2013-02-08 04:40 usr/lib/libSDL.la
-rwxr-xr-x root/root    459496 2013-02-08 04:40 usr/lib/libSDL_mixer-1.2.so.0.12.0
-rwxr-xr-x root/root      1153 2013-02-08 04:40 usr/lib/libSDL_mixer.la
-rwxr-xr-x root/root    451520 2013-02-08 04:40 usr/lib/libSDL-1.2.so.0.11.4
-rw-r--r-- root/root       840 2013-02-08 04:40 usr/lib/libSDLmain.a
-rwxr-xr-x root/root     23588 2013-02-08 04:40 usr/lib/libSDL_ttf-2.0.so.0.10.1
-rwxr-xr-x root/root     15040 2013-02-08 04:40 usr/lib/libSDL_net-1.2.so.0.8.0
drwxr-xr-x root/root         0 2013-02-27 19:38 install/
-rw-r--r-- root/root      1066 2013-02-27 19:38 install/doinst.sh
-rw-r--r-- root/root      1111 2013-02-27 19:38 install/slack-desc


