++========================================
||
||   Package:  ./slackware64-compat32/l-compat32/svgalib-compat32-1.9.25-x86_64-2compat32.txz
||
++========================================
drwxr-xr-x root/root         0 2013-02-27 19:38 ./
drwxr-xr-x root/root         0 2013-02-27 19:38 usr/
drwxr-xr-x root/root         0 2013-02-27 19:38 usr/bin/
drwxr-xr-x root/root         0 2013-02-27 19:38 usr/bin/32/
-rwxr-xr-x root/root      5308 2009-03-10 00:10 usr/bin/32/restorefont
-rwxr-xr-x root/root      2709 2009-03-10 00:10 usr/bin/32/svgakeymap
-rwxr-xr-x root/root     10288 2009-03-10 00:10 usr/bin/32/mode3
-rwxr-xr-x root/root      5080 2009-03-10 00:10 usr/bin/32/restorepalette
-rwxr-xr-x root/root      5776 2009-03-10 00:10 usr/bin/32/restoretextmode
-rwxr-xr-x root/root        95 2009-03-10 00:10 usr/bin/32/textmode
-rwxr-xr-x root/root      3124 2009-03-10 00:10 usr/bin/32/dumpreg
-rwxr-xr-x root/root       122 2009-03-10 00:10 usr/bin/32/savetextmode
drwxr-xr-x root/root         0 2009-03-10 00:11 usr/doc/
drwxr-xr-x root/root         0 2013-02-27 19:38 usr/doc/svgalib-1.9.25/
-rw-r--r-- root/root        94 1999-08-01 09:42 usr/doc/svgalib-1.9.25/LICENSE
drwxr-xr-x root/root         0 2009-03-10 00:11 usr/lib/
-rwxr-xr-x root/root     57812 2009-03-10 00:10 usr/lib/libvgagl.so.1.9.25
-rwxr-xr-x root/root    423361 2009-03-10 00:10 usr/lib/libvga.so.1.9.25
-rwxr-xr-x root/root     79528 2009-03-10 00:10 usr/lib/lib3dkit.so.1.9.25
drwxr-xr-x root/root         0 2013-02-27 19:38 install/
-rw-r--r-- root/root       267 2013-02-27 19:38 install/doinst.sh
-rw-r--r-- root/root       981 2013-02-27 19:38 install/slack-desc


