++========================================
||
||   Package:  ./slackware64-compat32/l-compat32/v4l-utils-compat32-0.9.5-x86_64-1compat32.txz
||
++========================================
drwxr-xr-x root/root         0 2013-07-13 15:02 ./
drwxr-xr-x root/root         0 2013-07-13 15:02 usr/
drwxr-xr-x root/root         0 2013-07-13 15:02 usr/bin/
drwxr-xr-x root/root         0 2013-07-13 15:02 usr/bin/32/
-rwxr-xr-x root/root     19360 2013-06-23 02:40 usr/bin/32/decode_tm6000
-rwxr-xr-x root/root      5720 2013-06-23 02:40 usr/bin/32/dvb-format-convert
-rwxr-xr-x root/root      5752 2013-06-23 02:40 usr/bin/32/dvb-fe-tool
-rwxr-xr-x root/root     14224 2013-06-23 02:40 usr/bin/32/ivtv-ctl
-rwxr-xr-x root/root     10032 2013-06-23 02:40 usr/bin/32/cx18-ctl
-rwxr-xr-x root/root    152264 2013-06-23 02:40 usr/bin/32/v4l2-ctl
-rwxr-xr-x root/root    114924 2013-06-23 02:40 usr/bin/32/v4l2-compliance
-rwxr-xr-x root/root     19268 2013-06-23 02:40 usr/bin/32/dvbv5-zap
-rwxr-xr-x root/root     14040 2013-06-23 02:40 usr/bin/32/dvbv5-scan
-rwxr-xr-x root/root     37008 2013-06-23 02:40 usr/bin/32/ir-keytable
-rwxr-xr-x root/root    224256 2013-06-23 02:40 usr/bin/32/qv4l2
-rwxr-xr-x root/root     11368 2013-06-23 02:40 usr/bin/32/v4l2-sysfs-path
-rwxr-xr-x root/root     31240 2013-06-23 02:40 usr/bin/32/rds-ctl
drwxr-xr-x root/root         0 2013-06-23 02:40 usr/doc/
drwxr-xr-x root/root         0 2013-07-13 15:02 usr/doc/v4l-utils-0.9.5/
-rw-r--r-- root/root     17998 2012-05-10 20:10 usr/doc/v4l-utils-0.9.5/COPYING
-rw-r--r-- root/root     26437 2012-05-10 20:10 usr/doc/v4l-utils-0.9.5/COPYING.LIB
drwxr-xr-x root/root         0 2013-06-23 02:40 usr/lib/
drwxr-xr-x root/root         0 2013-06-23 02:40 usr/lib/pkgconfig/
-rw-r--r-- root/root       254 2013-06-23 02:40 usr/lib/pkgconfig/libv4l2.pc
-rw-r--r-- root/root       225 2013-06-23 02:40 usr/lib/pkgconfig/libv4l2rds.pc
-rw-r--r-- root/root       243 2013-06-23 02:40 usr/lib/pkgconfig/libv4lconvert.pc
-rw-r--r-- root/root       248 2013-06-23 02:40 usr/lib/pkgconfig/libv4l1.pc
-rw-r--r-- root/root       195 2013-06-23 02:40 usr/lib/pkgconfig/libdvbv5.pc
-rwxr-xr-x root/root    113744 2013-06-23 02:40 usr/lib/libdvbv5.so.0.0.0
-rwxr-xr-x root/root     16164 2013-06-23 02:40 usr/lib/libv4l2rds.so.0.0.0
-rwxr-xr-x root/root     45584 2013-06-23 02:40 usr/lib/libv4l2.so.0.0.0
drwxr-xr-x root/root         0 2013-06-23 02:40 usr/lib/libv4l/
-rwxr-xr-x root/root      1031 2013-06-23 02:40 usr/lib/libv4l/v4l2convert.la
-rwxr-xr-x root/root     12108 2013-06-23 02:40 usr/lib/libv4l/ov511-decomp
-rwxr-xr-x root/root      1045 2013-06-23 02:40 usr/lib/libv4l/v4l1compat.la
drwxr-xr-x root/root         0 2013-06-23 02:40 usr/lib/libv4l/plugins/
-rwxr-xr-x root/root       971 2013-06-23 02:40 usr/lib/libv4l/plugins/libv4l-mplane.la
-rwxr-xr-x root/root      6036 2013-06-23 02:40 usr/lib/libv4l/plugins/libv4l-mplane.so
-rwxr-xr-x root/root     18296 2013-06-23 02:40 usr/lib/libv4l/ov518-decomp
-rwxr-xr-x root/root      4776 2013-06-23 02:40 usr/lib/libv4l/v4l2convert.so
-rwxr-xr-x root/root      4436 2013-06-23 02:40 usr/lib/libv4l/v4l1compat.so
-rwxr-xr-x root/root     20752 2013-06-23 02:40 usr/lib/libv4l1.so.0.0.0
-rwxr-xr-x root/root    151420 2013-06-23 02:40 usr/lib/libv4lconvert.so.0.0.0
drwxr-xr-x root/root         0 2013-07-13 15:02 install/
-rw-r--r-- root/root      1147 2013-07-13 15:02 install/doinst.sh
-rw-r--r-- root/root      1182 2013-07-13 15:02 install/slack-desc
drwxr-xr-x root/root         0 2013-06-23 02:40 lib/
drwxr-xr-x root/root         0 2013-06-23 02:40 lib/udev/
drwxr-xr-x root/root         0 2013-06-23 02:40 lib/udev/rules.d/
-rw-r--r-- root/root       233 2013-06-23 02:40 lib/udev/rules.d/70-infrared.rules


