++========================================
||
||   Package:  ./slackware64-compat32/l-compat32/esound-compat32-0.2.41-x86_64-2compat32.txz
||
++========================================
drwxr-xr-x root/root         0 2013-03-30 15:56 ./
drwxr-xr-x root/root         0 2013-03-30 15:56 usr/
drwxr-xr-x root/root         0 2013-03-30 15:56 usr/bin/
drwxr-xr-x root/root         0 2013-03-30 15:56 usr/bin/32/
-rwxr-xr-x root/root       979 2013-03-21 22:53 usr/bin/32/esd-config
-rwxr-xr-x root/root     43268 2013-03-21 22:53 usr/bin/32/esd
-rwxr-xr-x root/root      5000 2013-03-21 22:53 usr/bin/32/esdmon
-rwxr-xr-x root/root     10148 2013-03-21 22:53 usr/bin/32/esdctl
-rwxr-xr-x root/root      7068 2013-03-21 22:53 usr/bin/32/esdsample
-rwxr-xr-x root/root      4936 2013-03-21 22:53 usr/bin/32/esdplay
-rwxr-xr-x root/root      5828 2013-03-21 22:53 usr/bin/32/esdloop
-rwxr-xr-x root/root      2024 2013-03-21 22:53 usr/bin/32/esddsp
-rwxr-xr-x root/root      5084 2013-03-21 22:53 usr/bin/32/esdcat
-rwxr-xr-x root/root      5788 2013-03-21 22:53 usr/bin/32/esdfilt
-rwxr-xr-x root/root      5064 2013-03-21 22:53 usr/bin/32/esdrec
drwxr-xr-x root/root         0 2013-03-21 22:53 usr/doc/
drwxr-xr-x root/root         0 2013-03-30 15:56 usr/doc/esound-0.2.41/
-rw-r--r-- root/root     25265 2008-11-18 18:33 usr/doc/esound-0.2.41/COPYING.LIB
-rw-r--r-- root/root      2153 2008-11-18 18:33 usr/doc/esound-0.2.41/AUTHORS
drwxr-xr-x root/root         0 2013-03-21 22:53 usr/lib/
-rwxr-xr-x root/root       924 2013-03-21 22:53 usr/lib/libesd.la
-rwxr-xr-x root/root       964 2013-03-21 22:53 usr/lib/libesddsp.la
drwxr-xr-x root/root         0 2013-03-21 22:53 usr/lib/pkgconfig/
-rw-r--r-- root/root       234 2013-03-21 22:53 usr/lib/pkgconfig/esound.pc
-rw-r--r-- root/root     10658 2013-03-21 22:53 usr/lib/libesddsp.a
-rwxr-xr-x root/root     11532 2013-03-21 22:53 usr/lib/libesddsp.so.0.2.39
-rw-r--r-- root/root     48788 2013-03-21 22:53 usr/lib/libesd.a
-rwxr-xr-x root/root     44072 2013-03-21 22:53 usr/lib/libesd.so.0.2.39
drwxr-xr-x root/root         0 2013-03-30 15:56 install/
-rw-r--r-- root/root       713 2013-03-30 15:56 install/doinst.sh
-rw-r--r-- root/root      1132 2013-03-30 15:56 install/slack-desc


