++========================================
||
||   Package:  ./slackware64-compat32/l-compat32/expat-compat32-2.1.0-x86_64-1compat32.txz
||
++========================================
drwxr-xr-x root/root         0 2013-05-06 22:53 ./
drwxr-xr-x root/root         0 2013-05-06 22:53 usr/
drwxr-xr-x root/root         0 2013-05-06 22:53 usr/bin/
drwxr-xr-x root/root         0 2013-05-06 22:53 usr/bin/32/
-rwxr-xr-x root/root     20248 2013-04-29 07:49 usr/bin/32/xmlwf
drwxr-xr-x root/root         0 2013-04-29 07:49 usr/doc/
drwxr-xr-x root/root         0 2013-05-06 22:53 usr/doc/expat-2.1.0/
-rw-r--r-- root/root      1208 2005-12-29 06:13 usr/doc/expat-2.1.0/COPYING
drwxr-xr-x root/root         0 2013-04-29 07:49 usr/lib/
-rwxr-xr-x root/root    159004 2013-04-29 07:49 usr/lib/libexpat.so.1.6.0
drwxr-xr-x root/root         0 2013-04-29 07:49 usr/lib/pkgconfig/
-rw-r--r-- root/root       216 2013-04-29 07:49 usr/lib/pkgconfig/expat.pc
-rwxr-xr-x root/root       936 2013-04-29 07:49 usr/lib/libexpat.la
-rw-r--r-- root/root    209336 2013-04-29 07:49 usr/lib/libexpat.a
drwxr-xr-x root/root         0 2013-05-06 22:53 install/
-rw-r--r-- root/root       184 2013-05-06 22:53 install/doinst.sh
-rw-r--r-- root/root       890 2013-05-06 22:53 install/slack-desc


