++========================================
||
||   Package:  ./slackware64-compat32/l-compat32/gst-plugins-good-compat32-0.10.31-x86_64-5compat32.txz
||
++========================================
drwxr-xr-x root/root         0 2013-07-13 15:02 ./
drwxr-xr-x root/root         0 2013-07-13 15:02 usr/
drwxr-xr-x root/root         0 2013-06-23 21:33 usr/doc/
drwxr-xr-x root/root         0 2013-07-13 15:02 usr/doc/gst-plugins-good-0.10.31/
-rw-r--r-- root/root     26432 2011-12-11 19:48 usr/doc/gst-plugins-good-0.10.31/COPYING
-rw-r--r-- root/root       854 2011-12-11 19:48 usr/doc/gst-plugins-good-0.10.31/AUTHORS
drwxr-xr-x root/root         0 2013-06-23 21:33 usr/lib/
drwxr-xr-x root/root         0 2013-06-23 21:33 usr/lib/gstreamer-0.10/
-rwxr-xr-x root/root      1208 2013-06-23 21:33 usr/lib/gstreamer-0.10/libgstautodetect.la
-rwxr-xr-x root/root    245888 2013-06-23 21:33 usr/lib/gstreamer-0.10/libgstisomp4.so
-rwxr-xr-x root/root      1369 2013-06-23 21:33 usr/lib/gstreamer-0.10/libgstaudioparsers.la
-rwxr-xr-x root/root      1184 2013-06-23 21:33 usr/lib/gstreamer-0.10/libgstefence.la
-rwxr-xr-x root/root      1214 2013-06-23 21:33 usr/lib/gstreamer-0.10/libgstimagefreeze.la
-rwxr-xr-x root/root     31344 2013-06-23 21:33 usr/lib/gstreamer-0.10/libgstreplaygain.so
-rwxr-xr-x root/root    103472 2013-06-23 21:33 usr/lib/gstreamer-0.10/libgstdeinterlace.so
-rwxr-xr-x root/root     10448 2013-06-23 21:33 usr/lib/gstreamer-0.10/libgstapetag.so
-rwxr-xr-x root/root     10744 2013-06-23 21:33 usr/lib/gstreamer-0.10/libgstwavenc.so
-rwxr-xr-x root/root      1282 2013-06-23 21:33 usr/lib/gstreamer-0.10/libgstid3demux.la
-rwxr-xr-x root/root     13488 2013-06-23 21:33 usr/lib/gstreamer-0.10/libgsticydemux.so
-rwxr-xr-x root/root     22744 2013-06-23 21:33 usr/lib/gstreamer-0.10/libgstshapewipe.so
-rwxr-xr-x root/root      1600 2013-06-23 21:33 usr/lib/gstreamer-0.10/libgstcairo.la
-rwxr-xr-x root/root      1270 2013-06-23 21:33 usr/lib/gstreamer-0.10/libgstapetag.la
-rwxr-xr-x root/root     64868 2013-06-23 21:33 usr/lib/gstreamer-0.10/libgstoss4audio.so
-rwxr-xr-x root/root     98480 2013-06-23 21:33 usr/lib/gstreamer-0.10/libgstgoom.so
-rwxr-xr-x root/root      1267 2013-06-23 21:33 usr/lib/gstreamer-0.10/libgstreplaygain.la
-rwxr-xr-x root/root    172208 2013-06-23 21:33 usr/lib/gstreamer-0.10/libgstmatroska.so
-rwxr-xr-x root/root      1426 2013-06-23 21:33 usr/lib/gstreamer-0.10/libgstesd.la
-rwxr-xr-x root/root     28856 2013-06-23 21:33 usr/lib/gstreamer-0.10/libgstvideocrop.so
-rwxr-xr-x root/root     14384 2013-06-23 21:33 usr/lib/gstreamer-0.10/libgstaasink.so
-rwxr-xr-x root/root      1306 2013-06-23 21:33 usr/lib/gstreamer-0.10/libgstcutter.la
-rwxr-xr-x root/root      1218 2013-06-23 21:33 usr/lib/gstreamer-0.10/libgstannodex.la
-rwxr-xr-x root/root     27024 2013-06-23 21:33 usr/lib/gstreamer-0.10/libgstpng.so
-rwxr-xr-x root/root     58064 2013-06-23 21:33 usr/lib/gstreamer-0.10/libgsteffectv.so
-rwxr-xr-x root/root     60592 2013-06-23 21:33 usr/lib/gstreamer-0.10/libgstflac.so
-rwxr-xr-x root/root     24328 2013-06-23 21:33 usr/lib/gstreamer-0.10/libgstequalizer.so
-rwxr-xr-x root/root      1296 2013-06-23 21:33 usr/lib/gstreamer-0.10/libgstrtpmanager.la
-rwxr-xr-x root/root      1388 2013-06-23 21:33 usr/lib/gstreamer-0.10/libgstisomp4.la
-rwxr-xr-x root/root     21552 2013-06-23 21:33 usr/lib/gstreamer-0.10/libgstspectrum.so
-rwxr-xr-x root/root      1378 2013-06-23 21:33 usr/lib/gstreamer-0.10/libgstsouphttpsrc.la
-rwxr-xr-x root/root      1371 2013-06-23 21:33 usr/lib/gstreamer-0.10/libgstflac.la
-rwxr-xr-x root/root     89528 2013-06-23 21:33 usr/lib/gstreamer-0.10/libgstvideo4linux2.so
-rwxr-xr-x root/root     23508 2013-06-23 21:33 usr/lib/gstreamer-0.10/libgstgoom2k1.so
-rwxr-xr-x root/root     33968 2013-06-23 21:33 usr/lib/gstreamer-0.10/libgstossaudio.so
-rwxr-xr-x root/root      1218 2013-06-23 21:33 usr/lib/gstreamer-0.10/libgstgoom2k1.la
-rwxr-xr-x root/root     41808 2013-06-23 21:33 usr/lib/gstreamer-0.10/libgstmultifile.so
-rwxr-xr-x root/root     16888 2013-06-23 21:33 usr/lib/gstreamer-0.10/libgstauparse.so
-rwxr-xr-x root/root     14360 2013-06-23 21:33 usr/lib/gstreamer-0.10/libgstalphacolor.so
-rwxr-xr-x root/root      1230 2013-06-23 21:33 usr/lib/gstreamer-0.10/libgstmultipart.la
-rwxr-xr-x root/root      1299 2013-06-23 21:33 usr/lib/gstreamer-0.10/libgstvideomixer.la
-rwxr-xr-x root/root     31088 2013-06-23 21:33 usr/lib/gstreamer-0.10/libgstximagesrc.so
-rwxr-xr-x root/root     11344 2013-06-23 21:33 usr/lib/gstreamer-0.10/libgstcacasink.so
-rwxr-xr-x root/root     56368 2013-06-23 21:33 usr/lib/gstreamer-0.10/libgstjpeg.so
-rwxr-xr-x root/root      1172 2013-06-23 21:33 usr/lib/gstreamer-0.10/libgstalaw.la
-rwxr-xr-x root/root      1330 2013-06-23 21:33 usr/lib/gstreamer-0.10/libgstinterleave.la
-rwxr-xr-x root/root      1418 2013-06-23 21:33 usr/lib/gstreamer-0.10/libgsttaglib.la
-rwxr-xr-x root/root      1236 2013-06-23 21:33 usr/lib/gstreamer-0.10/libgstgconfelements.la
-rwxr-xr-x root/root     45232 2013-06-23 21:33 usr/lib/gstreamer-0.10/libgstudp.so
-rwxr-xr-x root/root      1244 2013-06-23 21:33 usr/lib/gstreamer-0.10/libgstpng.la
-rwxr-xr-x root/root      1316 2013-06-23 21:33 usr/lib/gstreamer-0.10/libgstrtsp.la
-rwxr-xr-x root/root      1184 2013-06-23 21:33 usr/lib/gstreamer-0.10/libgsty4menc.la
-rwxr-xr-x root/root     47600 2013-06-23 21:33 usr/lib/gstreamer-0.10/libgstvideofilter.so
-rwxr-xr-x root/root     35944 2013-06-23 21:33 usr/lib/gstreamer-0.10/libgsttaglib.so
-rwxr-xr-x root/root      1251 2013-06-23 21:33 usr/lib/gstreamer-0.10/libgsticydemux.la
-rwxr-xr-x root/root      1265 2013-06-23 21:33 usr/lib/gstreamer-0.10/libgstalphacolor.la
-rwxr-xr-x root/root      1249 2013-06-23 21:33 usr/lib/gstreamer-0.10/libgstjpeg.la
-rwxr-xr-x root/root      1339 2013-06-23 21:33 usr/lib/gstreamer-0.10/libgstvideofilter.la
-rwxr-xr-x root/root      1342 2013-06-23 21:33 usr/lib/gstreamer-0.10/libgstgdkpixbuf.la
-rwxr-xr-x root/root      1206 2013-06-23 21:33 usr/lib/gstreamer-0.10/libgstdebug.la
-rwxr-xr-x root/root     68912 2013-06-23 21:33 usr/lib/gstreamer-0.10/libgstvideobox.so
-rwxr-xr-x root/root     27088 2013-06-23 21:33 usr/lib/gstreamer-0.10/libgstgdkpixbuf.so
-rwxr-xr-x root/root      1325 2013-06-23 21:33 usr/lib/gstreamer-0.10/libgstshapewipe.la
-rwxr-xr-x root/root     97616 2013-06-23 21:33 usr/lib/gstreamer-0.10/libgstaudiofx.so
-rwxr-xr-x root/root     44848 2013-06-23 21:33 usr/lib/gstreamer-0.10/libgstwavpack.so
-rwxr-xr-x root/root      1343 2013-06-23 21:33 usr/lib/gstreamer-0.10/libgstavi.la
-rwxr-xr-x root/root      1287 2013-06-23 21:33 usr/lib/gstreamer-0.10/libgstvideobox.la
-rwxr-xr-x root/root      1178 2013-06-23 21:33 usr/lib/gstreamer-0.10/libgstmulaw.la
-rwxr-xr-x root/root     35984 2013-06-23 21:33 usr/lib/gstreamer-0.10/libgstcairo.so
-rwxr-xr-x root/root      1373 2013-06-23 21:33 usr/lib/gstreamer-0.10/libgstaudiofx.la
-rwxr-xr-x root/root      1289 2013-06-23 21:33 usr/lib/gstreamer-0.10/libgstnavigationtest.la
-rwxr-xr-x root/root     10360 2013-06-23 21:33 usr/lib/gstreamer-0.10/libgsty4menc.so
-rwxr-xr-x root/root     18488 2013-06-23 21:33 usr/lib/gstreamer-0.10/libgstimagefreeze.so
-rwxr-xr-x root/root     25624 2013-06-23 21:33 usr/lib/gstreamer-0.10/libgstautodetect.so
-rwxr-xr-x root/root     11440 2013-06-23 21:33 usr/lib/gstreamer-0.10/libgstefence.so
-rwxr-xr-x root/root     88880 2013-06-23 21:33 usr/lib/gstreamer-0.10/libgstvideomixer.so
-rwxr-xr-x root/root      1373 2013-06-23 21:33 usr/lib/gstreamer-0.10/libgstwavparse.la
-rwxr-xr-x root/root     14552 2013-06-23 21:33 usr/lib/gstreamer-0.10/libgstlevel.so
-rwxr-xr-x root/root    278384 2013-06-23 21:33 usr/lib/gstreamer-0.10/libgstrtp.so
-rwxr-xr-x root/root      1345 2013-06-23 21:33 usr/lib/gstreamer-0.10/libgstspectrum.la
-rwxr-xr-x root/root      1225 2013-06-23 21:33 usr/lib/gstreamer-0.10/libgstflv.la
-rwxr-xr-x root/root     12016 2013-06-23 21:33 usr/lib/gstreamer-0.10/libgstesd.so
-rwxr-xr-x root/root      7896 2013-06-23 21:33 usr/lib/gstreamer-0.10/libgstid3demux.so
-rwxr-xr-x root/root     35192 2013-06-23 21:33 usr/lib/gstreamer-0.10/libgstinterleave.so
-rwxr-xr-x root/root      1379 2013-06-23 21:33 usr/lib/gstreamer-0.10/libgstmatroska.la
-rwxr-xr-x root/root      1281 2013-06-23 21:33 usr/lib/gstreamer-0.10/libgsteffectv.la
-rwxr-xr-x root/root     64432 2013-06-23 21:33 usr/lib/gstreamer-0.10/libgstflv.so
-rwxr-xr-x root/root    164400 2013-06-23 21:33 usr/lib/gstreamer-0.10/libgstrtpmanager.so
-rwxr-xr-x root/root     14320 2013-06-23 21:33 usr/lib/gstreamer-0.10/libgstflxdec.so
-rwxr-xr-x root/root      1206 2013-06-23 21:33 usr/lib/gstreamer-0.10/libgstlevel.la
-rwxr-xr-x root/root     48824 2013-06-23 21:33 usr/lib/gstreamer-0.10/libgstannodex.so
-rwxr-xr-x root/root      1269 2013-06-23 21:33 usr/lib/gstreamer-0.10/libgstsmpte.la
-rwxr-xr-x root/root      1430 2013-06-23 21:33 usr/lib/gstreamer-0.10/libgstximagesrc.la
-rwxr-xr-x root/root      1230 2013-06-23 21:33 usr/lib/gstreamer-0.10/libgstvideocrop.la
-rwxr-xr-x root/root     12280 2013-06-23 21:33 usr/lib/gstreamer-0.10/libgstcutter.so
-rwxr-xr-x root/root     57000 2013-06-23 21:33 usr/lib/gstreamer-0.10/libgstsmpte.so
-rwxr-xr-x root/root      1269 2013-06-23 21:33 usr/lib/gstreamer-0.10/libgstalpha.la
-rwxr-xr-x root/root      1358 2013-06-23 21:33 usr/lib/gstreamer-0.10/libgstequalizer.la
-rwxr-xr-x root/root     97424 2013-06-23 21:33 usr/lib/gstreamer-0.10/libgstavi.so
-rwxr-xr-x root/root      1218 2013-06-23 21:33 usr/lib/gstreamer-0.10/libgstauparse.la
-rwxr-xr-x root/root      1291 2013-06-23 21:33 usr/lib/gstreamer-0.10/libgstmultifile.la
-rwxr-xr-x root/root      1324 2013-06-23 21:33 usr/lib/gstreamer-0.10/libgstoss4audio.la
-rwxr-xr-x root/root     23856 2013-06-23 21:33 usr/lib/gstreamer-0.10/libgstgconfelements.so
-rwxr-xr-x root/root      1227 2013-06-23 21:33 usr/lib/gstreamer-0.10/libgstudp.la
-rwxr-xr-x root/root      1570 2013-06-23 21:33 usr/lib/gstreamer-0.10/libgstvideo4linux2.la
-rwxr-xr-x root/root      1318 2013-06-23 21:33 usr/lib/gstreamer-0.10/libgstossaudio.la
-rwxr-xr-x root/root     34936 2013-06-23 21:33 usr/lib/gstreamer-0.10/libgstwavparse.so
-rwxr-xr-x root/root      1348 2013-06-23 21:33 usr/lib/gstreamer-0.10/libgstaasink.la
-rwxr-xr-x root/root      1478 2013-06-23 21:33 usr/lib/gstreamer-0.10/libgstcacasink.la
-rwxr-xr-x root/root     15064 2013-06-23 21:33 usr/lib/gstreamer-0.10/libgstalaw.so
-rwxr-xr-x root/root      1212 2013-06-23 21:33 usr/lib/gstreamer-0.10/libgstflxdec.la
-rwxr-xr-x root/root     52816 2013-06-23 21:33 usr/lib/gstreamer-0.10/libgstdebug.so
-rwxr-xr-x root/root     59568 2013-06-23 21:33 usr/lib/gstreamer-0.10/libgstalpha.so
-rwxr-xr-x root/root     39336 2013-06-23 21:33 usr/lib/gstreamer-0.10/libgstsouphttpsrc.so
-rwxr-xr-x root/root     86928 2013-06-23 21:33 usr/lib/gstreamer-0.10/libgstrtsp.so
-rwxr-xr-x root/root      1200 2013-06-23 21:33 usr/lib/gstreamer-0.10/libgstgoom.la
-rwxr-xr-x root/root     12720 2013-06-23 21:33 usr/lib/gstreamer-0.10/libgstmulaw.so
-rwxr-xr-x root/root     10192 2013-06-23 21:33 usr/lib/gstreamer-0.10/libgstnavigationtest.so
-rwxr-xr-x root/root     57416 2013-06-23 21:33 usr/lib/gstreamer-0.10/libgstaudioparsers.so
-rwxr-xr-x root/root      1342 2013-06-23 21:33 usr/lib/gstreamer-0.10/libgstrtp.la
-rwxr-xr-x root/root     22928 2013-06-23 21:33 usr/lib/gstreamer-0.10/libgstmultipart.so
-rwxr-xr-x root/root      1335 2013-06-23 21:33 usr/lib/gstreamer-0.10/libgstwavpack.la
-rwxr-xr-x root/root      1361 2013-06-23 21:33 usr/lib/gstreamer-0.10/libgstwavenc.la
-rwxr-xr-x root/root      1271 2013-06-23 21:33 usr/lib/gstreamer-0.10/libgstdeinterlace.la
drwxr-xr-x root/root         0 2013-07-13 15:02 install/
-rw-r--r-- root/root      1072 2013-07-13 15:02 install/slack-desc


