++========================================
||
||   Package:  ./slackware64-compat32/l-compat32/harfbuzz-compat32-0.9.16-x86_64-1compat32.txz
||
++========================================
drwxr-xr-x root/root         0 2013-05-22 13:39 ./
drwxr-xr-x root/root         0 2013-05-22 13:39 usr/
drwxr-xr-x root/root         0 2013-05-22 13:39 usr/bin/
drwxr-xr-x root/root         0 2013-05-22 13:39 usr/bin/32/
-rwxr-xr-x root/root     40928 2013-05-19 07:19 usr/bin/32/hb-view
-rwxr-xr-x root/root     24652 2013-05-19 07:19 usr/bin/32/hb-shape
-rwxr-xr-x root/root     23816 2013-05-19 07:19 usr/bin/32/hb-ot-shape-closure
drwxr-xr-x root/root         0 2013-05-19 07:19 usr/doc/
drwxr-xr-x root/root         0 2013-05-22 13:39 usr/doc/harfbuzz-0.9.16/
-rw-r--r-- root/root      1690 2012-10-29 05:26 usr/doc/harfbuzz-0.9.16/COPYING
-rw-r--r-- root/root       109 2012-08-10 20:13 usr/doc/harfbuzz-0.9.16/AUTHORS
-rw-r--r-- root/root       106 2012-08-10 20:16 usr/doc/harfbuzz-0.9.16/THANKS
drwxr-xr-x root/root         0 2013-05-19 07:19 usr/lib/
drwxr-xr-x root/root         0 2013-05-19 07:19 usr/lib/pkgconfig/
-rw-r--r-- root/root       208 2013-05-19 07:19 usr/lib/pkgconfig/harfbuzz.pc
-rwxr-xr-x root/root      1140 2013-05-19 07:19 usr/lib/libharfbuzz.la
-rwxr-xr-x root/root    594528 2013-05-19 07:19 usr/lib/libharfbuzz.so.0.916.0
drwxr-xr-x root/root         0 2013-05-22 13:39 install/
-rw-r--r-- root/root       206 2013-05-22 13:39 install/doinst.sh
-rw-r--r-- root/root       906 2013-05-22 13:39 install/slack-desc


