++========================================
||
||   Package:  ./slackware64-compat32/l-compat32/libglade-compat32-2.6.4-x86_64-4compat32.txz
||
++========================================
drwxr-xr-x root/root         0 2013-02-27 19:37 ./
drwxr-xr-x root/root         0 2013-02-27 19:37 usr/
drwxr-xr-x root/root         0 2013-02-27 19:37 usr/bin/
drwxr-xr-x root/root         0 2013-02-27 19:37 usr/bin/32/
-rwxr-xr-x root/root     46608 2010-04-26 02:59 usr/bin/32/libglade-convert
drwxr-xr-x root/root         0 2010-04-26 02:59 usr/doc/
drwxr-xr-x root/root         0 2013-02-27 19:37 usr/doc/libglade-2.6.4/
-rw-r--r-- root/root     25265 2009-03-17 15:19 usr/doc/libglade-2.6.4/COPYING
-rw-r--r-- root/root        36 2009-03-17 15:19 usr/doc/libglade-2.6.4/AUTHORS
drwxr-xr-x root/root         0 2010-04-26 02:59 usr/lib/
-rwxr-xr-x root/root      1088 2010-04-26 02:59 usr/lib/libglade-2.0.la
-rwxr-xr-x root/root     89816 2010-04-26 02:59 usr/lib/libglade-2.0.so.0.0.7
drwxr-xr-x root/root         0 2010-04-26 02:59 usr/lib/pkgconfig/
-rw-r--r-- root/root       464 2010-04-26 02:59 usr/lib/pkgconfig/libglade-2.0.pc
drwxr-xr-x root/root         0 2013-02-27 19:37 install/
-rw-r--r-- root/root       208 2013-02-27 19:37 install/doinst.sh
-rw-r--r-- root/root       978 2013-02-27 19:37 install/slack-desc


