++========================================
||
||   Package:  ./slackware64-compat32/l-compat32/libjpeg-compat32-v8a-x86_64-2_slack14.1compat32.txz
||
++========================================
drwxr-xr-x root/root         0 2013-12-17 23:52 ./
drwxr-xr-x root/root         0 2013-12-17 23:52 install/
-rw-r--r-- root/root       178 2013-12-17 23:52 install/doinst.sh
-rw-r--r-- root/root      1290 2013-12-17 23:52 install/slack-desc
drwxr-xr-x root/root         0 2013-12-17 23:52 usr/
drwxr-xr-x root/root         0 2013-12-15 21:29 usr/lib/
-rw-r--r-- root/root    272350 2013-12-15 21:29 usr/lib/libjpeg.a
-rwxr-xr-x root/root       914 2013-12-15 21:29 usr/lib/libjpeg.la
-rwxr-xr-x root/root    223988 2013-12-15 21:29 usr/lib/libjpeg.so.8.0.1
drwxr-xr-x root/root         0 2013-12-17 23:52 usr/bin/
drwxr-xr-x root/root         0 2013-12-17 23:52 usr/bin/32/
-rwxr-xr-x root/root      7252 2013-12-15 21:29 usr/bin/32/rdjpgcom
-rwxr-xr-x root/root     22372 2013-12-15 21:29 usr/bin/32/djpeg
-rwxr-xr-x root/root     26300 2013-12-15 21:29 usr/bin/32/jpegtran
-rwxr-xr-x root/root      7872 2013-12-15 21:29 usr/bin/32/wrjpgcom
-rwxr-xr-x root/root     26268 2013-12-15 21:29 usr/bin/32/cjpeg


