++========================================
||
||   Package:  ./slackware64-compat32/l-compat32/libogg-compat32-1.3.0-x86_64-1compat32.txz
||
++========================================
drwxr-xr-x root/root         0 2012-07-07 18:50 ./
drwxr-xr-x root/root         0 2013-02-27 19:37 usr/
drwxr-xr-x root/root         0 2012-07-07 18:50 usr/doc/
drwxr-xr-x root/root         0 2013-02-27 19:37 usr/doc/libogg-1.3.0/
-rw-r--r-- root/root      1466 2011-08-04 19:07 usr/doc/libogg-1.3.0/COPYING
-rw-r--r-- root/root       198 2011-08-04 19:34 usr/doc/libogg-1.3.0/AUTHORS
drwxr-xr-x root/root         0 2012-07-07 18:50 usr/lib/
drwxr-xr-x root/root         0 2012-07-07 18:50 usr/lib/pkgconfig/
-rw-r--r-- root/root       259 2012-07-07 18:50 usr/lib/pkgconfig/ogg.pc
-rwxr-xr-x root/root       902 2012-07-07 18:50 usr/lib/libogg.la
-rwxr-xr-x root/root     22860 2012-07-07 18:50 usr/lib/libogg.so.0.8.0
-rw-r--r-- root/root     21006 2012-07-07 18:50 usr/lib/libogg.a
drwxr-xr-x root/root         0 2013-02-27 19:37 install/
-rw-r--r-- root/root       172 2013-02-27 19:37 install/doinst.sh
-rw-r--r-- root/root       941 2013-02-27 19:37 install/slack-desc


