++========================================
||
||   Package:  ./slackware64-compat32/l-compat32/pango-compat32-1.34.1-x86_64-1compat32.txz
||
++========================================
drwxr-xr-x root/root         0 2013-05-19 07:30 ./
drwxr-xr-x root/root         0 2013-05-19 07:30 etc/
drwxr-xr-x root/root         0 2013-05-19 07:30 etc/pango/
drwxr-xr-x root/root         0 2013-05-19 07:30 etc/pango/i486-slackware-linux/
-rw-r--r-- root/root         0 2013-05-19 07:30 etc/pango/i486-slackware-linux/pango.modules
drwxr-xr-x root/root         0 2013-05-22 13:06 usr/
drwxr-xr-x root/root         0 2013-05-22 13:06 usr/bin/
-rwxr-xr-x root/root      2324 2013-05-19 07:30 usr/bin/update-pango-querymodules-32
-rwxr-xr-x root/root      9188 2013-05-19 07:30 usr/bin/pango-querymodules-32
-rwxr-xr-x root/root     41232 2013-05-19 07:30 usr/bin/pango-view-32
drwxr-xr-x root/root         0 2013-05-19 07:30 usr/doc/
drwxr-xr-x root/root         0 2013-05-22 13:06 usr/doc/pango-1.34.1/
-rw-r--r-- root/root     25292 2011-08-16 03:11 usr/doc/pango-1.34.1/COPYING
-rw-r--r-- root/root        96 2011-08-16 03:11 usr/doc/pango-1.34.1/AUTHORS
drwxr-xr-x root/root         0 2013-05-19 07:30 usr/lib/
-rwxr-xr-x root/root     76908 2013-05-19 07:30 usr/lib/libpangoft2-1.0.so.0.3400.1
-rwxr-xr-x root/root     29548 2013-05-19 07:30 usr/lib/libpangoxft-1.0.so.0.3400.1
-rw-r--r-- root/root       968 2013-05-19 07:29 usr/lib/libpangoxft-1.0.la
-rwxr-xr-x root/root      1593 2013-05-19 07:29 usr/lib/libpangocairo-1.0.la
drwxr-xr-x root/root         0 2013-05-19 07:30 usr/lib/pkgconfig/
-rw-r--r-- root/root       248 2013-05-19 07:30 usr/lib/pkgconfig/pangoxft.pc
-rw-r--r-- root/root       317 2013-05-19 07:30 usr/lib/pkgconfig/pango.pc
-rw-r--r-- root/root       253 2013-05-19 07:30 usr/lib/pkgconfig/pangocairo.pc
-rw-r--r-- root/root       320 2013-05-19 07:30 usr/lib/pkgconfig/pangoft2.pc
-rw-r--r-- root/root       968 2013-05-19 07:29 usr/lib/libpangoft2-1.0.la
-rwxr-xr-x root/root      1093 2013-05-19 07:29 usr/lib/libpango-1.0.la
drwxr-xr-x root/root         0 2013-05-19 07:29 usr/lib/pango/
drwxr-xr-x root/root         0 2013-05-19 07:29 usr/lib/pango/1.8.0/
drwxr-xr-x root/root         0 2013-05-19 07:30 usr/lib/pango/1.8.0/modules/
-rwxr-xr-x root/root      1150 2013-05-19 07:29 usr/lib/pango/1.8.0/modules/pango-arabic-lang.la
-rwxr-xr-x root/root      1313 2013-05-19 07:30 usr/lib/pango/1.8.0/modules/pango-basic-fc.la
-rwxr-xr-x root/root      1144 2013-05-19 07:30 usr/lib/pango/1.8.0/modules/pango-indic-lang.la
-rwxr-xr-x root/root     10752 2013-05-19 07:30 usr/lib/pango/1.8.0/modules/pango-basic-fc.so
-rwxr-xr-x root/root      4388 2013-05-19 07:30 usr/lib/pango/1.8.0/modules/pango-arabic-lang.so
-rwxr-xr-x root/root      6000 2013-05-19 07:30 usr/lib/pango/1.8.0/modules/pango-indic-lang.so
drwxr-xr-x root/root         0 2013-05-19 07:29 usr/lib/girepository-1.0/
-rw-r--r-- root/root      2720 2013-05-19 07:29 usr/lib/girepository-1.0/PangoFT2-1.0.typelib
-rw-r--r-- root/root      3996 2013-05-19 07:29 usr/lib/girepository-1.0/PangoXft-1.0.typelib
-rw-r--r-- root/root      4836 2013-05-19 07:29 usr/lib/girepository-1.0/PangoCairo-1.0.typelib
-rw-r--r-- root/root     53196 2013-05-19 07:29 usr/lib/girepository-1.0/Pango-1.0.typelib
-rwxr-xr-x root/root     47468 2013-05-19 07:30 usr/lib/libpangocairo-1.0.so.0.3400.1
-rwxr-xr-x root/root    299300 2013-05-19 07:30 usr/lib/libpango-1.0.so.0.3400.1
drwxr-xr-x root/root         0 2013-05-22 13:06 install/
-rw-r--r-- root/root      1086 2013-05-22 13:06 install/doinst.sh
-rw-r--r-- root/root      1055 2013-05-22 13:06 install/slack-desc


