++========================================
||
||   Package:  ./slackware64-compat32/x-compat32/libFS-compat32-1.0.5-x86_64-1compat32.txz
||
++========================================
drwxr-xr-x root/root         0 2013-06-22 06:29 ./
drwxr-xr-x root/root         0 2013-07-13 15:02 usr/
drwxr-xr-x root/root         0 2013-06-22 06:29 usr/doc/
drwxr-xr-x root/root         0 2013-07-13 15:02 usr/doc/libFS-1.0.5/
-rw-r--r-- root/root      4614 2013-05-29 02:17 usr/doc/libFS-1.0.5/COPYING
drwxr-xr-x root/root         0 2013-06-22 06:29 usr/lib/
drwxr-xr-x root/root         0 2013-06-22 06:29 usr/lib/pkgconfig/
-rw-r--r-- root/root       234 2013-06-22 06:29 usr/lib/pkgconfig/libfs.pc
-rwxr-xr-x root/root       890 2013-06-22 06:29 usr/lib/libFS.la
-rwxr-xr-x root/root     44744 2013-06-22 06:29 usr/lib/libFS.so.6.0.0
drwxr-xr-x root/root         0 2013-07-13 15:02 install/
-rw-r--r-- root/root       166 2013-07-13 15:02 install/doinst.sh
-rw-r--r-- root/root       924 2013-07-13 15:02 install/slack-desc


