++========================================
||
||   Package:  ./slackware64-compat32/x-compat32/libICE-compat32-1.0.8-x86_64-1compat32.txz
||
++========================================
drwxr-xr-x root/root         0 2012-05-04 21:39 ./
drwxr-xr-x root/root         0 2013-02-27 19:55 usr/
drwxr-xr-x root/root         0 2012-05-04 21:39 usr/doc/
drwxr-xr-x root/root         0 2013-02-27 19:55 usr/doc/libICE-1.0.8/
-rw-r--r-- root/root      1169 2011-09-17 07:08 usr/doc/libICE-1.0.8/COPYING
-rw-r--r-- root/root       190 2011-09-17 07:08 usr/doc/libICE-1.0.8/AUTHORS
drwxr-xr-x root/root         0 2012-05-04 21:39 usr/lib/
drwxr-xr-x root/root         0 2012-05-04 21:39 usr/lib/pkgconfig/
-rw-r--r-- root/root       215 2012-05-04 21:39 usr/lib/pkgconfig/ice.pc
-rwxr-xr-x root/root     89636 2012-05-04 21:39 usr/lib/libICE.so.6.3.0
-rwxr-xr-x root/root       894 2012-05-04 21:39 usr/lib/libICE.la
drwxr-xr-x root/root         0 2013-02-27 19:55 install/
-rw-r--r-- root/root       172 2013-02-27 19:55 install/doinst.sh
-rw-r--r-- root/root       940 2013-02-27 19:55 install/slack-desc


