++========================================
||
||   Package:  ./slackware64-compat32/x-compat32/libpciaccess-compat32-0.13.2-x86_64-1compat32.txz
||
++========================================
drwxr-xr-x root/root         0 2013-08-03 05:58 ./
drwxr-xr-x root/root         0 2013-08-06 14:16 usr/
drwxr-xr-x root/root         0 2013-08-03 05:58 usr/doc/
drwxr-xr-x root/root         0 2013-08-06 14:16 usr/doc/libpciaccess-0.13.2/
-rw-r--r-- root/root      4845 2013-07-21 00:54 usr/doc/libpciaccess-0.13.2/COPYING
-rw-r--r-- root/root        20 2013-07-21 00:54 usr/doc/libpciaccess-0.13.2/AUTHORS
drwxr-xr-x root/root         0 2013-08-03 05:58 usr/lib/
-rwxr-xr-x root/root     34756 2013-08-03 05:58 usr/lib/libpciaccess.so.0.11.1
drwxr-xr-x root/root         0 2013-08-03 05:58 usr/lib/pkgconfig/
-rw-r--r-- root/root       240 2013-08-03 05:58 usr/lib/pkgconfig/pciaccess.pc
-rwxr-xr-x root/root       935 2013-08-03 05:58 usr/lib/libpciaccess.la
drwxr-xr-x root/root         0 2013-08-06 14:16 install/
-rw-r--r-- root/root       210 2013-08-06 14:16 install/doinst.sh
-rw-r--r-- root/root      1019 2013-08-06 14:16 install/slack-desc


