++========================================
||
||   Package:  ./slackware64-compat32/x-compat32/libXvMC-compat32-1.0.8-x86_64-1compat32.txz
||
++========================================
drwxr-xr-x root/root         0 2013-06-22 06:38 ./
drwxr-xr-x root/root         0 2013-07-13 15:03 usr/
drwxr-xr-x root/root         0 2013-06-22 06:38 usr/doc/
drwxr-xr-x root/root         0 2013-07-13 15:03 usr/doc/libXvMC-1.0.8/
-rw-r--r-- root/root      1092 2013-06-14 07:57 usr/doc/libXvMC-1.0.8/COPYING
drwxr-xr-x root/root         0 2013-06-22 06:38 usr/lib/
drwxr-xr-x root/root         0 2013-06-22 06:38 usr/lib/pkgconfig/
-rw-r--r-- root/root       246 2013-06-22 06:38 usr/lib/pkgconfig/xvmc.pc
-rwxr-xr-x root/root      1029 2013-06-22 06:38 usr/lib/libXvMCW.la
-rwxr-xr-x root/root      1023 2013-06-22 06:38 usr/lib/libXvMC.la
-rwxr-xr-x root/root     11424 2013-06-22 06:38 usr/lib/libXvMC.so.1.0.0
-rwxr-xr-x root/root     16912 2013-06-22 06:38 usr/lib/libXvMCW.so.1.0.0
drwxr-xr-x root/root         0 2013-07-13 15:03 install/
-rw-r--r-- root/root       362 2013-07-13 15:03 install/doinst.sh
-rw-r--r-- root/root       956 2013-07-13 15:03 install/slack-desc


