++========================================
||
||   Package:  ./slackware64-compat32/x-compat32/libxcb-compat32-1.9.1-x86_64-1compat32.txz
||
++========================================
drwxr-xr-x root/root         0 2013-09-07 23:00 ./
drwxr-xr-x root/root         0 2013-09-08 16:56 usr/
drwxr-xr-x root/root         0 2013-09-07 23:00 usr/doc/
drwxr-xr-x root/root         0 2013-09-08 16:56 usr/doc/libxcb-1.9.1/
-rw-r--r-- root/root      1337 2013-05-30 17:38 usr/doc/libxcb-1.9.1/COPYING
drwxr-xr-x root/root         0 2013-09-07 23:00 usr/lib/
-rwxr-xr-x root/root      7184 2013-09-07 23:00 usr/lib/libxcb-shm.so.0.0.0
-rwxr-xr-x root/root     11800 2013-09-07 23:00 usr/lib/libxcb-record.so.0.0.0
-rwxr-xr-x root/root      1015 2013-09-07 23:00 usr/lib/libxcb-composite.la
-rwxr-xr-x root/root      7760 2013-09-07 23:00 usr/lib/libxcb-xinerama.so.0.0.0
-rwxr-xr-x root/root       991 2013-09-07 23:00 usr/lib/libxcb-shape.la
-rwxr-xr-x root/root       979 2013-09-07 23:00 usr/lib/libxcb-glx.la
-rwxr-xr-x root/root     24872 2013-09-07 23:00 usr/lib/libxcb-xv.so.0.0.0
-rwxr-xr-x root/root     17200 2013-09-07 23:00 usr/lib/libxcb-sync.so.0.0.0
-rwxr-xr-x root/root     11728 2013-09-07 23:00 usr/lib/libxcb-xvmc.so.0.0.0
-rwxr-xr-x root/root       991 2013-09-07 23:00 usr/lib/libxcb-xtest.la
-rwxr-xr-x root/root      9976 2013-09-07 23:00 usr/lib/libxcb-shape.so.0.0.0
-rwxr-xr-x root/root     35124 2013-09-07 23:00 usr/lib/libxcb-render.so.0.0.0
-rwxr-xr-x root/root      7012 2013-09-07 23:00 usr/lib/libxcb-screensaver.so.0.0.0
-rwxr-xr-x root/root     14820 2013-09-07 23:00 usr/lib/libxcb-dri2.so.0.0.0
-rwxr-xr-x root/root      5760 2013-09-07 23:00 usr/lib/libxcb-xtest.so.0.0.0
-rwxr-xr-x root/root       997 2013-09-07 23:00 usr/lib/libxcb-xprint.la
-rwxr-xr-x root/root       997 2013-09-07 23:00 usr/lib/libxcb-render.la
-rwxr-xr-x root/root       979 2013-09-07 23:00 usr/lib/libxcb-shm.la
-rwxr-xr-x root/root       985 2013-09-07 23:00 usr/lib/libxcb-xvmc.la
drwxr-xr-x root/root         0 2013-09-07 23:00 usr/lib/pkgconfig/
-rw-r--r-- root/root       206 2013-09-07 23:00 usr/lib/pkgconfig/xcb-shm.pc
-rw-r--r-- root/root       213 2013-09-07 23:00 usr/lib/pkgconfig/xcb-res.pc
-rw-r--r-- root/root       212 2013-09-07 23:00 usr/lib/pkgconfig/xcb-shape.pc
-rw-r--r-- root/root       215 2013-09-07 23:00 usr/lib/pkgconfig/xcb-xprint.pc
-rw-r--r-- root/root       209 2013-09-07 23:00 usr/lib/pkgconfig/xcb-dpms.pc
-rw-r--r-- root/root       275 2013-09-07 23:00 usr/lib/pkgconfig/xcb.pc
-rw-r--r-- root/root       215 2013-09-07 23:00 usr/lib/pkgconfig/xcb-record.pc
-rw-r--r-- root/root       235 2013-09-07 23:00 usr/lib/pkgconfig/xcb-composite.pc
-rw-r--r-- root/root       221 2013-09-07 23:00 usr/lib/pkgconfig/xcb-xinerama.pc
-rw-r--r-- root/root       212 2013-09-07 23:00 usr/lib/pkgconfig/xcb-xtest.pc
-rw-r--r-- root/root       216 2013-09-07 23:00 usr/lib/pkgconfig/xcb-xvmc.pc
-rw-r--r-- root/root       226 2013-09-07 23:00 usr/lib/pkgconfig/xcb-damage.pc
-rw-r--r-- root/root       236 2013-09-07 23:00 usr/lib/pkgconfig/xcb-xfixes.pc
-rw-r--r-- root/root       209 2013-09-07 23:00 usr/lib/pkgconfig/xcb-dri2.pc
-rw-r--r-- root/root       212 2013-09-07 23:00 usr/lib/pkgconfig/xcb-randr.pc
-rw-r--r-- root/root       209 2013-09-07 23:00 usr/lib/pkgconfig/xcb-sync.pc
-rw-r--r-- root/root       211 2013-09-07 23:00 usr/lib/pkgconfig/xcb-xv.pc
-rw-r--r-- root/root       215 2013-09-07 23:00 usr/lib/pkgconfig/xcb-render.pc
-rw-r--r-- root/root       206 2013-09-07 23:00 usr/lib/pkgconfig/xcb-glx.pc
-rw-r--r-- root/root       226 2013-09-07 23:00 usr/lib/pkgconfig/xcb-xf86dri.pc
-rw-r--r-- root/root       212 2013-09-07 23:00 usr/lib/pkgconfig/xcb-xevie.pc
-rw-r--r-- root/root       230 2013-09-07 23:00 usr/lib/pkgconfig/xcb-screensaver.pc
-rwxr-xr-x root/root      1027 2013-09-07 23:00 usr/lib/libxcb-screensaver.la
-rwxr-xr-x root/root       997 2013-09-07 23:00 usr/lib/libxcb-xfixes.la
-rwxr-xr-x root/root     13440 2013-09-07 23:00 usr/lib/libxcb-xf86dri.so.0.0.0
-rwxr-xr-x root/root       973 2013-09-07 23:00 usr/lib/libxcb-xv.la
-rwxr-xr-x root/root       985 2013-09-07 23:00 usr/lib/libxcb-dpms.la
-rwxr-xr-x root/root       985 2013-09-07 23:00 usr/lib/libxcb-dri2.la
-rwxr-xr-x root/root       997 2013-09-07 23:00 usr/lib/libxcb-record.la
-rwxr-xr-x root/root      7532 2013-09-07 23:00 usr/lib/libxcb-dpms.so.0.0.0
-rwxr-xr-x root/root       936 2013-09-07 23:00 usr/lib/libxcb.la
-rwxr-xr-x root/root       979 2013-09-07 23:00 usr/lib/libxcb-res.la
-rwxr-xr-x root/root       991 2013-09-07 23:00 usr/lib/libxcb-xevie.la
-rwxr-xr-x root/root      1003 2013-09-07 23:00 usr/lib/libxcb-xf86dri.la
-rwxr-xr-x root/root     26792 2013-09-07 23:00 usr/lib/libxcb-xprint.so.0.0.0
-rwxr-xr-x root/root       985 2013-09-07 23:00 usr/lib/libxcb-sync.la
-rwxr-xr-x root/root     94080 2013-09-07 23:00 usr/lib/libxcb-glx.so.0.0.0
-rwxr-xr-x root/root      6724 2013-09-07 23:00 usr/lib/libxcb-xevie.so.0.0.0
-rwxr-xr-x root/root     23420 2013-09-07 23:00 usr/lib/libxcb-xfixes.so.0.0.0
-rwxr-xr-x root/root      8288 2013-09-07 23:00 usr/lib/libxcb-composite.so.0.0.0
-rwxr-xr-x root/root     39908 2013-09-07 23:00 usr/lib/libxcb-randr.so.0.1.0
-rwxr-xr-x root/root      6036 2013-09-07 23:00 usr/lib/libxcb-damage.so.0.0.0
-rwxr-xr-x root/root      7088 2013-09-07 23:00 usr/lib/libxcb-res.so.0.0.0
-rwxr-xr-x root/root      1009 2013-09-07 23:00 usr/lib/libxcb-xinerama.la
-rwxr-xr-x root/root       997 2013-09-07 23:00 usr/lib/libxcb-damage.la
-rwxr-xr-x root/root       991 2013-09-07 23:00 usr/lib/libxcb-randr.la
-rwxr-xr-x root/root    129008 2013-09-07 23:00 usr/lib/libxcb.so.1.1.0
drwxr-xr-x root/root         0 2013-09-08 16:56 install/
-rw-r--r-- root/root      4859 2013-09-08 16:56 install/doinst.sh
-rw-r--r-- root/root      1073 2013-09-08 16:56 install/slack-desc


