++========================================
||
||   Package:  ./slackware64-compat32/x-compat32/libXcursor-compat32-1.1.14-x86_64-1compat32.txz
||
++========================================
drwxr-xr-x root/root         0 2013-06-22 06:32 ./
drwxr-xr-x root/root         0 2013-07-13 15:03 usr/
drwxr-xr-x root/root         0 2013-06-22 06:32 usr/doc/
drwxr-xr-x root/root         0 2013-07-13 15:03 usr/doc/libXcursor-1.1.14/
-rw-r--r-- root/root      1097 2013-05-30 08:24 usr/doc/libXcursor-1.1.14/COPYING
-rw-r--r-- root/root        19 2013-05-30 08:24 usr/doc/libXcursor-1.1.14/AUTHORS
drwxr-xr-x root/root         0 2013-06-22 06:32 usr/lib/
-rwxr-xr-x root/root     38772 2013-06-22 06:32 usr/lib/libXcursor.so.1.0.2
drwxr-xr-x root/root         0 2013-06-22 06:32 usr/lib/pkgconfig/
-rw-r--r-- root/root       303 2013-06-22 06:32 usr/lib/pkgconfig/xcursor.pc
-rwxr-xr-x root/root      1048 2013-06-22 06:32 usr/lib/libXcursor.la
drwxr-xr-x root/root         0 2013-07-13 15:03 install/
-rw-r--r-- root/root       196 2013-07-13 15:03 install/doinst.sh
-rw-r--r-- root/root      1006 2013-07-13 15:03 install/slack-desc


