++========================================
||
||   Package:  ./slackware64-compat32/x-compat32/libXdamage-compat32-1.1.4-x86_64-1compat32.txz
||
++========================================
drwxr-xr-x root/root         0 2013-02-22 00:42 ./
drwxr-xr-x root/root         0 2013-02-27 19:56 usr/
drwxr-xr-x root/root         0 2013-02-22 00:42 usr/doc/
drwxr-xr-x root/root         0 2013-02-27 19:56 usr/doc/libXdamage-1.1.4/
-rw-r--r-- root/root      1135 2013-01-03 06:45 usr/doc/libXdamage-1.1.4/COPYING
-rw-r--r-- root/root        37 2013-01-03 06:45 usr/doc/libXdamage-1.1.4/AUTHORS
drwxr-xr-x root/root         0 2013-02-22 00:42 usr/lib/
-rwxr-xr-x root/root      7080 2013-02-22 00:42 usr/lib/libXdamage.so.1.1.0
drwxr-xr-x root/root         0 2013-02-22 00:42 usr/lib/pkgconfig/
-rw-r--r-- root/root       264 2013-02-22 00:42 usr/lib/pkgconfig/xdamage.pc
-rwxr-xr-x root/root      1025 2013-02-22 00:42 usr/lib/libXdamage.la
drwxr-xr-x root/root         0 2013-02-27 19:56 install/
-rw-r--r-- root/root       196 2013-02-27 19:56 install/doinst.sh
-rw-r--r-- root/root      1006 2013-02-27 19:56 install/slack-desc


