++========================================
||
||   Package:  ./slackware64-compat32/x-compat32/libXfontcache-compat32-1.0.5-x86_64-1compat32.txz
||
++========================================
drwxr-xr-x root/root         0 2010-02-23 01:57 ./
drwxr-xr-x root/root         0 2013-02-27 19:56 usr/
drwxr-xr-x root/root         0 2010-02-23 01:57 usr/doc/
drwxr-xr-x root/root         0 2013-02-27 19:56 usr/doc/libXfontcache-1.0.5/
-rw-r--r-- root/root      2769 2009-10-08 22:26 usr/doc/libXfontcache-1.0.5/COPYING
drwxr-xr-x root/root         0 2010-02-23 01:57 usr/lib/
drwxr-xr-x root/root         0 2010-02-23 01:57 usr/lib/pkgconfig/
-rw-r--r-- root/root       255 2010-02-23 01:57 usr/lib/pkgconfig/xfontcache.pc
-rwxr-xr-x root/root      4940 2010-02-23 01:57 usr/lib/libXfontcache.so.1.0.0
-rwxr-xr-x root/root       826 2010-02-23 01:57 usr/lib/libXfontcache.la
drwxr-xr-x root/root         0 2013-02-27 19:56 install/
-rw-r--r-- root/root       214 2013-02-27 19:56 install/doinst.sh
-rw-r--r-- root/root       995 2013-02-27 19:56 install/slack-desc


