++========================================
||
||   Package:  ./slackware64-compat32/x-compat32/pixman-compat32-0.30.2-x86_64-1compat32.txz
||
++========================================
drwxr-xr-x root/root         0 2013-08-21 02:43 ./
drwxr-xr-x root/root         0 2013-09-08 16:56 usr/
drwxr-xr-x root/root         0 2013-08-21 02:43 usr/doc/
drwxr-xr-x root/root         0 2013-09-08 16:56 usr/doc/pixman-0.30.2/
-rw-r--r-- root/root      2087 2013-01-12 12:21 usr/doc/pixman-0.30.2/COPYING
drwxr-xr-x root/root         0 2013-08-21 02:43 usr/lib/
-rwxr-xr-x root/root    551376 2013-08-21 02:43 usr/lib/libpixman-1.so.0.30.2
drwxr-xr-x root/root         0 2013-08-21 02:43 usr/lib/pkgconfig/
-rw-r--r-- root/root       216 2013-08-21 02:43 usr/lib/pkgconfig/pixman-1.pc
-rwxr-xr-x root/root       933 2013-08-21 02:43 usr/lib/libpixman-1.la
drwxr-xr-x root/root         0 2013-09-08 16:56 install/
-rw-r--r-- root/root       204 2013-09-08 16:56 install/doinst.sh
-rw-r--r-- root/root      1002 2013-09-08 16:56 install/slack-desc


