++========================================
||
||   Package:  ./slackware64-compat32/a-compat32/udev-compat32-182-x86_64-7compat32.txz
||
++========================================
drwxr-xr-x root/root         0 2013-12-17 23:52 ./
drwxr-xr-x root/root         0 2013-12-17 23:52 install/
-rw-r--r-- root/root       392 2013-12-17 23:52 install/doinst.sh
-rw-r--r-- root/root      1013 2013-12-17 23:52 install/slack-desc
drwxr-xr-x root/root         0 2013-12-17 23:52 lib/
-rwxr-xr-x root/root     57556 2013-09-28 02:38 lib/libudev.so.0.13.1
-rwxr-xr-x root/root     35448 2013-09-28 02:38 lib/libgudev-1.0.so.0.1.1
drwxr-xr-x root/root         0 2013-12-17 23:52 usr/
drwxr-xr-x root/root         0 2013-09-28 02:38 usr/lib/
-rw-r--r-- root/root    308374 2013-09-28 02:38 usr/lib/libudev.a
drwxr-xr-x root/root         0 2013-09-28 02:38 usr/lib/pkgconfig/
-rw-r--r-- root/root       220 2013-09-28 02:38 usr/lib/pkgconfig/libudev.pc
-rw-r--r-- root/root       237 2013-09-28 02:38 usr/lib/pkgconfig/gudev-1.0.pc
-rw-r--r-- root/root    145276 2013-09-28 02:38 usr/lib/libgudev-1.0.a
drwxr-xr-x root/root         0 2013-09-28 02:38 usr/lib/girepository-1.0/
-rw-r--r-- root/root      7352 2013-09-28 02:38 usr/lib/girepository-1.0/GUdev-1.0.typelib
-rwxr-xr-x root/root      1051 2013-09-28 02:38 usr/lib/libgudev-1.0.la
-rwxr-xr-x root/root       919 2013-09-28 02:38 usr/lib/libudev.la
drwxr-xr-x root/root         0 2013-09-28 02:38 usr/doc/
drwxr-xr-x root/root         0 2013-12-17 23:52 usr/doc/udev-182/
-rw-r--r-- root/root     18092 2012-01-29 01:15 usr/doc/udev-182/COPYING


