++========================================
||
||   Package:  ./slackware64-compat32/ap-compat32/mariadb-compat32-5.5.43-x86_64-1_slack14.1compat32.txz
||
++========================================
drwxr-xr-x root/root         0 2015-05-13 10:51 ./
drwxr-xr-x root/root         0 2015-05-13 10:51 install/
-rw-r--r-- root/root       995 2015-05-13 10:51 install/doinst.sh
-rw-r--r-- root/root       998 2015-05-13 10:51 install/slack-desc
drwxr-xr-x root/root         0 2015-05-12 08:14 var/
drwxr-xr-x root/root         0 2015-05-12 08:14 var/lib/
drwxr-x--- mysql/mysql       0 2015-05-12 08:14 var/lib/mysql/
drwxr-xr-x root/root         0 2015-05-12 08:14 var/run/
drwxr-xr-x mysql/mysql       0 2015-05-12 08:14 var/run/mysql/
drwxr-xr-x root/root         0 2015-05-13 10:51 usr/
drwxr-xr-x root/root         0 2015-05-12 08:15 usr/lib/
-rwxr-xr-x root/root  12182456 2015-05-12 08:15 usr/lib/libmysqld.so.18
-rw-r--r-- root/root     13360 2015-05-12 07:16 usr/lib/libmysqlservices.a
-rwxr-xr-x root/root   2933552 2015-05-12 08:15 usr/lib/libmysqlclient.so.18.0.0
drwxr-xr-x root/root         0 2015-05-12 08:08 usr/lib/mysql/
drwxr-xr-x root/root         0 2015-05-12 08:15 usr/lib/mysql/plugin/
-rwxr-xr-x root/root      4944 2015-05-12 08:15 usr/lib/mysql/plugin/dialog.so
-rwxr-xr-x root/root    148028 2015-05-12 08:15 usr/lib/mysql/plugin/handlersocket.so
-rwxr-xr-x root/root      3376 2015-05-12 08:15 usr/lib/mysql/plugin/mysql_clear_password.so
-rwxr-xr-x root/root      5984 2015-05-12 08:15 usr/lib/mysql/plugin/query_cache_info.so
-rwxr-xr-x root/root      6148 2015-05-12 08:15 usr/lib/mysql/plugin/sql_errlog.so
-rwxr-xr-x root/root     35316 2015-05-12 08:15 usr/lib/mysql/plugin/semisync_master.so
-rwxr-xr-x root/root      4932 2015-05-12 08:15 usr/lib/mysql/plugin/adt_null.so
-rwxr-xr-x root/root   2733220 2015-05-12 08:15 usr/lib/mysql/plugin/sphinx.so
-rwxr-xr-x root/root      3564 2015-05-12 08:15 usr/lib/mysql/plugin/auth_0x0100.so
-rwxr-xr-x root/root      6124 2015-05-12 08:15 usr/lib/mysql/plugin/mypluglib.so
-rwxr-xr-x root/root      6692 2015-05-12 08:15 usr/lib/mysql/plugin/libdaemon_example.so
-rwxr-xr-x root/root      4684 2015-05-12 08:15 usr/lib/mysql/plugin/auth_test_plugin.so
-rwxr-xr-x root/root      3660 2015-05-12 08:15 usr/lib/mysql/plugin/qa_auth_server.so
-rwxr-xr-x root/root     90280 2015-05-12 08:15 usr/lib/mysql/plugin/ha_sphinx.so
-rwxr-xr-x root/root     10568 2015-05-12 08:15 usr/lib/mysql/plugin/semisync_slave.so
-rwxr-xr-x root/root      3504 2015-05-12 08:15 usr/lib/mysql/plugin/qa_auth_client.so
-rwxr-xr-x root/root      4268 2015-05-12 08:15 usr/lib/mysql/plugin/auth_socket.so
-rwxr-xr-x root/root    147040 2015-05-12 08:15 usr/lib/mysql/plugin/ha_oqgraph.so
-rwxr-xr-x root/root      5068 2015-05-12 08:15 usr/lib/mysql/plugin/qa_auth_interface.so
-rwxr-xr-x root/root   1594660 2015-05-12 08:15 usr/lib/mysql/plugin/ha_innodb.so
-rwxr-xr-x root/root     58076 2015-05-12 08:15 usr/lib/mysql/plugin/server_audit.so
-rw-r--r-- root/root       227 2015-04-29 20:55 usr/lib/mysql/plugin/daemon_example.ini
-rwxr-xr-x root/root      4076 2015-05-12 08:15 usr/lib/mysql/plugin/dialog_examples.so
drwxr-xr-x root/root         0 2015-05-13 10:51 usr/bin/
drwxr-xr-x root/root         0 2015-05-13 10:51 usr/bin/32/
-rwxr-xr-x root/root  11608956 2015-05-12 08:15 usr/bin/32/mysqltest_embedded
-rwxr-xr-x root/root      7913 2015-05-12 07:16 usr/bin/32/mysqldumpslow
-rwxr-xr-x root/root   3181832 2015-05-12 08:15 usr/bin/32/myisamchk
-rwxr-xr-x root/root   2724532 2015-05-12 08:15 usr/bin/32/mysql_plugin
-rwxr-xr-x root/root   2885432 2015-05-12 08:15 usr/bin/32/mysqlslap
-rwxr-xr-x root/root   3514440 2015-05-12 08:15 usr/bin/32/aria_dump_log
-rwxr-xr-x root/root      3315 2015-05-12 07:16 usr/bin/32/mysql_find_rows
-rwxr-xr-x root/root   2875896 2015-05-12 08:15 usr/bin/32/mysqladmin
-rwxr-xr-x root/root   3042296 2015-05-12 08:15 usr/bin/32/mysqlbinlog
-rwxr-xr-x root/root     34941 2015-05-12 07:16 usr/bin/32/mysqlhotcopy
-rwxr-xr-x root/root   3368440 2015-05-12 08:15 usr/bin/32/mysql_client_test
-rwxr-xr-x root/root     10418 2015-05-12 07:16 usr/bin/32/mysqlbug
-rwxr-xr-x root/root   3055336 2015-05-12 08:15 usr/bin/32/myisam_ftdump
-rwxr-xr-x root/root     27661 2015-05-12 07:16 usr/bin/32/mysqld_safe
-rwxr-xr-x root/root   2713032 2015-05-12 08:15 usr/bin/32/resolveip
-rwxr-xr-x root/root   2715752 2015-05-12 08:15 usr/bin/32/resolve_stack_dump
-rwxr-xr-x root/root   3694984 2015-05-12 08:15 usr/bin/32/aria_read_log
-rwxr-xr-x root/root   2791080 2015-05-12 08:15 usr/bin/32/perror
-rwxr-xr-x root/root      6759 2015-05-12 07:16 usr/bin/32/mysql_config
-rwxr-xr-x root/root      7964 2015-05-12 08:15 usr/bin/32/innochecksum
-rwxr-xr-x root/root   3039848 2015-05-12 08:15 usr/bin/32/myisamlog
-rwxr-xr-x root/root     11578 2015-05-12 07:16 usr/bin/32/mysql_secure_installation
-rwxr-xr-x root/root   2712360 2015-05-12 08:15 usr/bin/32/mysql_waitpid
-rwxr-xr-x root/root   3530952 2015-05-12 08:15 usr/bin/32/aria_ftdump
-rwxr-xr-x root/root     24558 2015-05-12 07:16 usr/bin/32/mysqld_multi
-rwxr-xr-x root/root   2873944 2015-05-12 08:15 usr/bin/32/mysqlcheck
-rwxr-xr-x root/root   2791636 2015-05-12 08:15 usr/bin/32/mysql_upgrade
-rwxr-xr-x root/root   2694888 2015-05-12 08:15 usr/bin/32/replace
-rwxr-xr-x root/root   3234312 2015-05-12 08:15 usr/bin/32/mysql
-rwxr-xr-x root/root   3559432 2015-05-12 08:15 usr/bin/32/aria_pack
-rwxr-xr-x root/root   2868056 2015-05-12 08:15 usr/bin/32/mysqlimport
-rwxr-xr-x root/root  11895452 2015-05-12 08:15 usr/bin/32/mysql_client_test_embedded
-rwxr-xr-x root/root   3171680 2015-05-12 08:15 usr/bin/32/mysqltest
-rwxr-xr-x root/root      4247 2015-05-12 07:16 usr/bin/32/mysql_convert_table_format
-rwxr-xr-x root/root      3888 2015-05-12 07:16 usr/bin/32/mysql_zap
-rwxr-xr-x root/root  11702024 2015-05-12 08:15 usr/bin/32/mysql_embedded
-rwxr-xr-x root/root   2719912 2015-05-12 08:15 usr/bin/32/mysql_tzinfo_to_sql
-rwxr-xr-x root/root     62852 2015-05-12 07:16 usr/bin/32/mytop
-rwxr-xr-x root/root    111587 2015-05-12 07:16 usr/bin/32/mysqlaccess
-rwxr-xr-x root/root      1261 2015-05-12 07:16 usr/bin/32/mysql_fix_extensions
-rwxr-xr-x root/root   3734600 2015-05-12 08:15 usr/bin/32/aria_chk
-rwxr-xr-x root/root   3083976 2015-05-12 08:15 usr/bin/32/myisampack
-rwxr-xr-x root/root      1446 2015-05-12 07:16 usr/bin/32/msql2mysql
-rwxr-xr-x root/root   2716296 2015-05-12 08:15 usr/bin/32/my_print_defaults
-rwxr-xr-x root/root   2867864 2015-05-12 08:15 usr/bin/32/mysqlshow
-rwxr-xr-x root/root     17485 2015-05-12 07:16 usr/bin/32/mysql_setpermission
-rwxr-xr-x root/root     16219 2015-05-12 07:16 usr/bin/32/mysql_install_db
-rwxr-xr-x root/root   2949144 2015-05-12 08:15 usr/bin/32/mysqldump
drwxr-xr-x root/root         0 2015-05-12 08:07 usr/doc/
drwxr-xr-x root/root         0 2015-05-13 10:51 usr/doc/mariadb-5.5.43/
-rw-r--r-- root/root     26545 2015-04-29 20:55 usr/doc/mariadb-5.5.43/COPYING.LESSER
-rw-r--r-- root/root     17987 2015-04-29 20:55 usr/doc/mariadb-5.5.43/COPYING


