++========================================
||
||   Package:  ./slackware64-compat32/ap-compat32/sqlite-compat32-3.7.17-x86_64-1compat32.txz
||
++========================================
drwxr-xr-x root/root         0 2013-08-06 14:15 ./
drwxr-xr-x root/root         0 2013-08-06 14:15 usr/
drwxr-xr-x root/root         0 2013-08-06 14:15 usr/bin/
drwxr-xr-x root/root         0 2013-08-06 14:15 usr/bin/32/
-rwxr-xr-x root/root     53988 2013-07-31 07:21 usr/bin/32/sqlite3
drwxr-xr-x root/root         0 2013-07-31 07:21 usr/doc/
drwxr-xr-x root/root         0 2013-08-06 14:15 usr/doc/sqlite-3.7.17/
-rw-r--r-- root/root      4457 2013-07-31 07:21 usr/doc/sqlite-3.7.17/COPYRIGHT
drwxr-xr-x root/root         0 2013-07-31 07:21 usr/lib/
drwxr-xr-x root/root         0 2013-07-31 07:21 usr/lib/pkgconfig/
-rw-r--r-- root/root       267 2013-07-31 07:21 usr/lib/pkgconfig/sqlite3.pc
-rwxr-xr-x root/root       937 2013-07-31 07:21 usr/lib/libsqlite3.la
drwxr-xr-x root/root         0 2013-07-31 07:21 usr/lib/tcl8.6/
drwxr-xr-x root/root         0 2013-07-31 07:21 usr/lib/tcl8.6/sqlite3/
-rw-r--r-- root/root        93 2013-07-31 07:21 usr/lib/tcl8.6/sqlite3/pkgIndex.tcl
-rwxr-xr-x root/root     40452 2013-07-31 07:21 usr/lib/tcl8.6/sqlite3/libtclsqlite3.so
-rwxr-xr-x root/root    735120 2013-07-31 07:21 usr/lib/libsqlite3.so.0.8.6
drwxr-xr-x root/root         0 2013-08-06 14:15 install/
-rw-r--r-- root/root       196 2013-08-06 14:15 install/doinst.sh
-rw-r--r-- root/root      1103 2013-08-06 14:15 install/slack-desc


