++========================================
||
||   Package:  ./slackware64-compat32/xap-compat32/sane-compat32-1.0.24-x86_64-1compat32.txz
||
++========================================
drwxr-xr-x root/root         0 2013-10-15 11:14 ./
drwxr-xr-x root/root         0 2013-10-15 11:14 usr/
drwxr-xr-x root/root         0 2013-10-15 11:14 usr/bin/
drwxr-xr-x root/root         0 2013-10-15 11:14 usr/bin/32/
-rwxr-xr-x root/root     43312 2013-10-12 02:18 usr/bin/32/scanimage
-rwxr-xr-x root/root     24368 2013-10-12 02:18 usr/bin/32/scanadf
-rwxr-xr-x root/root      5084 2013-10-12 02:18 usr/bin/32/gamma4scanimage
-rwxr-xr-x root/root     97228 2013-10-12 02:18 usr/bin/32/xscanimage
-rwxr-xr-x root/root      2676 2013-10-12 02:18 usr/bin/32/sane-config
-rwxr-xr-x root/root     77452 2013-10-12 02:18 usr/bin/32/xcam
-rwxr-xr-x root/root    103960 2013-10-12 02:18 usr/bin/32/sane-find-scanner
drwxr-xr-x root/root         0 2013-10-12 02:18 usr/doc/
drwxr-xr-x root/root         0 2013-10-15 11:14 usr/doc/sane-1.0.24/
-rw-r--r-- root/root     18007 2013-10-12 02:18 usr/doc/sane-1.0.24/COPYING
-rw-r--r-- root/root      2001 2013-10-12 02:18 usr/doc/sane-1.0.24/LICENSE
-rw-r--r-- root/root      9662 2013-10-12 02:18 usr/doc/sane-1.0.24/AUTHORS
drwxr-xr-x root/root         0 2013-10-12 02:18 usr/lib/
-rwxr-xr-x root/root    175856 2013-10-12 02:18 usr/lib/libsane.so.1.0.24
drwxr-xr-x root/root         0 2013-10-12 02:18 usr/lib/sane/
-rwxr-xr-x root/root    217000 2013-10-12 02:18 usr/lib/sane/libsane-umax_pp.so.1.0.24
-rwxr-xr-x root/root     59752 2013-10-12 02:18 usr/lib/sane/libsane-teco3.so.1.0.24
-rwxr-xr-x root/root      1091 2013-10-12 02:18 usr/lib/sane/libsane-hp3900.la
-rwxr-xr-x root/root     59288 2013-10-12 02:18 usr/lib/sane/libsane-cardscan.so.1.0.24
-rwxr-xr-x root/root     76320 2013-10-12 02:18 usr/lib/sane/libsane-hp3500.so.1.0.24
-rwxr-xr-x root/root      1000 2013-10-12 02:18 usr/lib/sane/libsane-apple.la
-rwxr-xr-x root/root      1061 2013-10-12 02:18 usr/lib/sane/libsane-magicolor.la
-rwxr-xr-x root/root     68220 2013-10-12 02:18 usr/lib/sane/libsane-sm3600.so.1.0.24
-rwxr-xr-x root/root     82628 2013-10-12 02:18 usr/lib/sane/libsane-kvs20xx.so.1.0.24
-rwxr-xr-x root/root      1037 2013-10-12 02:18 usr/lib/sane/libsane-niash.la
-rwxr-xr-x root/root      1041 2013-10-12 02:18 usr/lib/sane/libsane-umax.la
-rwxr-xr-x root/root      1055 2013-10-12 02:18 usr/lib/sane/libsane-kodakaio.la
-rwxr-xr-x root/root     26732 2013-10-12 02:18 usr/lib/sane/libsane-dll.so.1.0.24
-rwxr-xr-x root/root      1000 2013-10-12 02:18 usr/lib/sane/libsane-s9036.la
-rwxr-xr-x root/root     55628 2013-10-12 02:18 usr/lib/sane/libsane-tamarack.so.1.0.24
-rwxr-xr-x root/root      1059 2013-10-12 02:18 usr/lib/sane/libsane-kvs40xx.la
-rwxr-xr-x root/root      1061 2013-10-12 02:18 usr/lib/sane/libsane-coolscan3.la
-rwxr-xr-x root/root      1083 2013-10-12 02:18 usr/lib/sane/libsane-mustek_usb2.la
-rwxr-xr-x root/root      1030 2013-10-12 02:18 usr/lib/sane/libsane-hpsj5s.la
-rwxr-xr-x root/root     68792 2013-10-12 02:18 usr/lib/sane/libsane-teco2.so.1.0.24
-rwxr-xr-x root/root      1061 2013-10-12 02:18 usr/lib/sane/libsane-hpljm1005.la
-rwxr-xr-x root/root     53168 2013-10-12 02:18 usr/lib/sane/libsane-ricoh.so.1.0.24
-rwxr-xr-x root/root      1059 2013-10-12 02:18 usr/lib/sane/libsane-plustek.la
-rwxr-xr-x root/root     70244 2013-10-12 02:18 usr/lib/sane/libsane-stv680.so.1.0.24
-rwxr-xr-x root/root      1043 2013-10-12 02:18 usr/lib/sane/libsane-gt68xx.la
-rwxr-xr-x root/root    191108 2013-10-12 02:18 usr/lib/sane/libsane-plustek_pp.so.1.0.24
-rwxr-xr-x root/root      1049 2013-10-12 02:18 usr/lib/sane/libsane-lexmark.la
-rwxr-xr-x root/root     66504 2013-10-12 02:18 usr/lib/sane/libsane-test.so.1.0.24
-rwxr-xr-x root/root     90396 2013-10-12 02:18 usr/lib/sane/libsane-umax1220u.so.1.0.24
-rwxr-xr-x root/root       988 2013-10-12 02:18 usr/lib/sane/libsane-net.la
-rwxr-xr-x root/root      1043 2013-10-12 02:18 usr/lib/sane/libsane-hp5590.la
-rwxr-xr-x root/root       998 2013-10-12 02:18 usr/lib/sane/libsane-pie.la
-rwxr-xr-x root/root     57760 2013-10-12 02:18 usr/lib/sane/libsane-canon_pp.so.1.0.24
-rwxr-xr-x root/root      1049 2013-10-12 02:18 usr/lib/sane/libsane-genesys.la
-rwxr-xr-x root/root      1067 2013-10-12 02:18 usr/lib/sane/libsane-mustek_usb.la
-rwxr-xr-x root/root      1000 2013-10-12 02:18 usr/lib/sane/libsane-st400.la
-rwxr-xr-x root/root     49516 2013-10-12 02:18 usr/lib/sane/libsane-p5.so.1.0.24
-rwxr-xr-x root/root      1049 2013-10-12 02:18 usr/lib/sane/libsane-fujitsu.la
-rwxr-xr-x root/root     91384 2013-10-12 02:18 usr/lib/sane/libsane-epjitsu.so.1.0.24
-rwxr-xr-x root/root     62548 2013-10-12 02:18 usr/lib/sane/libsane-hp5400.so.1.0.24
-rwxr-xr-x root/root     30716 2013-10-12 02:18 usr/lib/sane/libsane-hpsj5s.so.1.0.24
-rwxr-xr-x root/root     51840 2013-10-12 02:18 usr/lib/sane/libsane-st400.so.1.0.24
-rwxr-xr-x root/root      1012 2013-10-12 02:18 usr/lib/sane/libsane-umax_pp.la
-rwxr-xr-x root/root    160496 2013-10-12 02:18 usr/lib/sane/libsane-gt68xx.so.1.0.24
-rwxr-xr-x root/root      1043 2013-10-12 02:18 usr/lib/sane/libsane-hp4200.la
-rwxr-xr-x root/root       993 2013-10-12 02:18 usr/lib/sane/libsane-dll.la
-rwxr-xr-x root/root    186268 2013-10-12 02:18 usr/lib/sane/libsane-hp.so.1.0.24
-rwxr-xr-x root/root      1030 2013-10-12 02:18 usr/lib/sane/libsane-matsushita.la
-rwxr-xr-x root/root       988 2013-10-12 02:18 usr/lib/sane/libsane-nec.la
-rwxr-xr-x root/root    112076 2013-10-12 02:18 usr/lib/sane/libsane-coolscan.so.1.0.24
-rwxr-xr-x root/root     92832 2013-10-12 02:18 usr/lib/sane/libsane-canon.so.1.0.24
-rwxr-xr-x root/root     78200 2013-10-12 02:18 usr/lib/sane/libsane-sharp.so.1.0.24
-rwxr-xr-x root/root     39360 2013-10-12 02:18 usr/lib/sane/libsane-dc25.so.1.0.24
-rwxr-xr-x root/root     31228 2013-10-12 02:18 usr/lib/sane/libsane-v4l.so.1.0.24
-rwxr-xr-x root/root      1010 2013-10-12 02:18 usr/lib/sane/libsane-sp15c.la
-rwxr-xr-x root/root      1061 2013-10-12 02:18 usr/lib/sane/libsane-coolscan2.la
-rwxr-xr-x root/root       988 2013-10-12 02:18 usr/lib/sane/libsane-dmc.la
-rwxr-xr-x root/root      1064 2013-10-12 02:18 usr/lib/sane/libsane-plustek_pp.la
-rwxr-xr-x root/root    171352 2013-10-12 02:18 usr/lib/sane/libsane-mustek_usb2.so.1.0.24
-rwxr-xr-x root/root    101896 2013-10-12 02:18 usr/lib/sane/libsane-mustek_pp.so.1.0.24
-rwxr-xr-x root/root      1048 2013-10-12 02:18 usr/lib/sane/libsane-mustek_pp.la
-rwxr-xr-x root/root      1043 2013-10-12 02:18 usr/lib/sane/libsane-epson2.la
-rwxr-xr-x root/root     69772 2013-10-12 02:18 usr/lib/sane/libsane-hp4200.so.1.0.24
-rwxr-xr-x root/root    209596 2013-10-12 02:18 usr/lib/sane/libsane-snapscan.so.1.0.24
-rwxr-xr-x root/root      1020 2013-10-12 02:18 usr/lib/sane/libsane-dc240.la
-rwxr-xr-x root/root      1049 2013-10-12 02:18 usr/lib/sane/libsane-kvs1025.la
-rwxr-xr-x root/root      1034 2013-10-12 02:18 usr/lib/sane/libsane-microtek2.la
-rwxr-xr-x root/root      1012 2013-10-12 02:18 usr/lib/sane/libsane-sceptre.la
-rwxr-xr-x root/root     64276 2013-10-12 02:18 usr/lib/sane/libsane-sp15c.so.1.0.24
-rwxr-xr-x root/root     51460 2013-10-12 02:18 usr/lib/sane/libsane-dmc.so.1.0.24
-rwxr-xr-x root/root     61420 2013-10-12 02:18 usr/lib/sane/libsane-agfafocus.so.1.0.24
-rwxr-xr-x root/root      1037 2013-10-12 02:18 usr/lib/sane/libsane-epson.la
-rwxr-xr-x root/root      1028 2013-10-12 02:18 usr/lib/sane/libsane-tamarack.la
-rwxr-xr-x root/root     98896 2013-10-12 02:18 usr/lib/sane/libsane-coolscan3.so.1.0.24
-rwxr-xr-x root/root     59920 2013-10-12 02:18 usr/lib/sane/libsane-leo.so.1.0.24
-rwxr-xr-x root/root    539216 2013-10-12 02:18 usr/lib/sane/libsane-genesys.so.1.0.24
-rwxr-xr-x root/root      1037 2013-10-12 02:18 usr/lib/sane/libsane-kodak.la
-rwxr-xr-x root/root      1049 2013-10-12 02:18 usr/lib/sane/libsane-epjitsu.la
-rwxr-xr-x root/root     57900 2013-10-12 02:18 usr/lib/sane/libsane-sceptre.so.1.0.24
-rwxr-xr-x root/root     66848 2013-10-12 02:18 usr/lib/sane/libsane-xerox_mfp.so.1.0.24
-rwxr-xr-x root/root     55568 2013-10-12 02:18 usr/lib/sane/libsane-ibm.so.1.0.24
-rwxr-xr-x root/root     35836 2013-10-12 02:18 usr/lib/sane/libsane-dell1600n_net.so.1.0.24
-rwxr-xr-x root/root      1018 2013-10-12 02:18 usr/lib/sane/libsane-microtek.la
-rwxr-xr-x root/root      1096 2013-10-12 02:18 usr/lib/sane/libsane-dell1600n_net.la
-rwxr-xr-x root/root      1055 2013-10-12 02:18 usr/lib/sane/libsane-cardscan.la
-rwxr-xr-x root/root      1043 2013-10-12 02:18 usr/lib/sane/libsane-stv680.la
-rwxr-xr-x root/root    107992 2013-10-12 02:18 usr/lib/sane/libsane-kvs1025.so.1.0.24
-rwxr-xr-x root/root      1000 2013-10-12 02:18 usr/lib/sane/libsane-canon.la
-rwxr-xr-x root/root      1065 2013-10-12 02:18 usr/lib/sane/libsane-coolscan.la
-rwxr-xr-x root/root      1061 2013-10-12 02:18 usr/lib/sane/libsane-xerox_mfp.la
-rwxr-xr-x root/root    124296 2013-10-12 02:18 usr/lib/sane/libsane-epson.so.1.0.24
-rwxr-xr-x root/root      1049 2013-10-12 02:18 usr/lib/sane/libsane-rts8891.la
-rwxr-xr-x root/root     85816 2013-10-12 02:18 usr/lib/sane/libsane-bh.so.1.0.24
-rwxr-xr-x root/root     35156 2013-10-12 02:18 usr/lib/sane/libsane-dc210.so.1.0.24
-rwxr-xr-x root/root      1000 2013-10-12 02:18 usr/lib/sane/libsane-teco1.la
-rwxr-xr-x root/root       982 2013-10-12 02:18 usr/lib/sane/libsane-bh.la
-rwxr-xr-x root/root     51416 2013-10-12 02:18 usr/lib/sane/libsane-s9036.so.1.0.24
-rwxr-xr-x root/root       994 2013-10-12 02:18 usr/lib/sane/libsane-dc25.la
-rwxr-xr-x root/root     55504 2013-10-12 02:18 usr/lib/sane/libsane-hpljm1005.so.1.0.24
-rwxr-xr-x root/root       988 2013-10-12 02:18 usr/lib/sane/libsane-leo.la
-rwxr-xr-x root/root      1000 2013-10-12 02:18 usr/lib/sane/libsane-ricoh.la
-rwxr-xr-x root/root    424076 2013-10-12 02:18 usr/lib/sane/libsane-hp3900.so.1.0.24
-rwxr-xr-x root/root      1043 2013-10-12 02:18 usr/lib/sane/libsane-hp5400.la
-rwxr-xr-x root/root     61984 2013-10-12 02:18 usr/lib/sane/libsane-matsushita.so.1.0.24
-rwxr-xr-x root/root      1061 2013-10-12 02:18 usr/lib/sane/libsane-umax1220u.la
-rwxr-xr-x root/root       988 2013-10-12 02:18 usr/lib/sane/libsane-ibm.la
-rwxr-xr-x root/root      1053 2013-10-12 02:18 usr/lib/sane/libsane-hp3500.la
-rwxr-xr-x root/root     80796 2013-10-12 02:18 usr/lib/sane/libsane-pie.so.1.0.24
-rwxr-xr-x root/root    110576 2013-10-12 02:18 usr/lib/sane/libsane-hs2p.so.1.0.24
-rwxr-xr-x root/root      1055 2013-10-12 02:18 usr/lib/sane/libsane-canon_dr.la
-rwxr-xr-x root/root    162652 2013-10-12 02:18 usr/lib/sane/libsane-mustek.so.1.0.24
-rwxr-xr-x root/root     27412 2013-10-12 02:18 usr/lib/sane/libsane-as6e.so.1.0.24
-rwxr-xr-x root/root      1061 2013-10-12 02:18 usr/lib/sane/libsane-canon630u.la
-rwxr-xr-x root/root    101504 2013-10-12 02:18 usr/lib/sane/libsane-magicolor.so.1.0.24
-rwxr-xr-x root/root      1059 2013-10-12 02:18 usr/lib/sane/libsane-avision.la
-rwxr-xr-x root/root      1043 2013-10-12 02:18 usr/lib/sane/libsane-sm3600.la
-rwxr-xr-x root/root    229316 2013-10-12 02:18 usr/lib/sane/libsane-plustek.so.1.0.24
-rwxr-xr-x root/root    108268 2013-10-12 02:18 usr/lib/sane/libsane-kodakaio.so.1.0.24
-rwxr-xr-x root/root      1043 2013-10-12 02:18 usr/lib/sane/libsane-ma1509.la
-rwxr-xr-x root/root      1029 2013-10-12 02:18 usr/lib/sane/libsane-hp.la
-rwxr-xr-x root/root     93796 2013-10-12 02:18 usr/lib/sane/libsane-kvs40xx.so.1.0.24
-rwxr-xr-x root/root     78608 2013-10-12 02:18 usr/lib/sane/libsane-artec.so.1.0.24
-rwxr-xr-x root/root     69936 2013-10-12 02:18 usr/lib/sane/libsane-kodak.so.1.0.24
-rwxr-xr-x root/root    118720 2013-10-12 02:18 usr/lib/sane/libsane-u12.so.1.0.24
-rwxr-xr-x root/root     39324 2013-10-12 02:18 usr/lib/sane/libsane-dc240.so.1.0.24
-rwxr-xr-x root/root     92532 2013-10-12 02:18 usr/lib/sane/libsane-microtek.so.1.0.24
-rwxr-xr-x root/root     68516 2013-10-12 02:18 usr/lib/sane/libsane-nec.so.1.0.24
-rwxr-xr-x root/root    172784 2013-10-12 02:18 usr/lib/sane/libsane-umax.so.1.0.24
-rwxr-xr-x root/root    185936 2013-10-12 02:18 usr/lib/sane/libsane-fujitsu.so.1.0.24
-rwxr-xr-x root/root       995 2013-10-12 02:18 usr/lib/sane/libsane-v4l.la
-rwxr-xr-x root/root    154276 2013-10-12 02:18 usr/lib/sane/libsane-rts8891.so.1.0.24
-rwxr-xr-x root/root     69788 2013-10-12 02:18 usr/lib/sane/libsane-canon630u.so.1.0.24
-rwxr-xr-x root/root      1000 2013-10-12 02:18 usr/lib/sane/libsane-sharp.la
-rwxr-xr-x root/root       982 2013-10-12 02:18 usr/lib/sane/libsane-p5.la
-rwxr-xr-x root/root       994 2013-10-12 02:18 usr/lib/sane/libsane-qcam.la
-rwxr-xr-x root/root    150380 2013-10-12 02:18 usr/lib/sane/libsane-canon_dr.so.1.0.24
-rwxr-xr-x root/root      1043 2013-10-12 02:18 usr/lib/sane/libsane-sm3840.la
-rwxr-xr-x root/root      1042 2013-10-12 02:18 usr/lib/sane/libsane-canon_pp.la
-rwxr-xr-x root/root      1138 2013-10-12 02:18 usr/lib/sane/libsane-gphoto2.la
-rwxr-xr-x root/root     95416 2013-10-12 02:18 usr/lib/sane/libsane-artec_eplus48u.so.1.0.24
-rwxr-xr-x root/root     97232 2013-10-12 02:18 usr/lib/sane/libsane-lexmark.so.1.0.24
-rwxr-xr-x root/root     80324 2013-10-12 02:18 usr/lib/sane/libsane-hp5590.so.1.0.24
-rwxr-xr-x root/root      1034 2013-10-12 02:18 usr/lib/sane/libsane-agfafocus.la
-rwxr-xr-x root/root     67840 2013-10-12 02:18 usr/lib/sane/libsane-ma1509.so.1.0.24
-rwxr-xr-x root/root      1000 2013-10-12 02:18 usr/lib/sane/libsane-artec.la
-rwxr-xr-x root/root      1004 2013-10-12 02:18 usr/lib/sane/libsane-test.la
-rwxr-xr-x root/root     37764 2013-10-12 02:18 usr/lib/sane/libsane-gphoto2.so.1.0.24
-rwxr-xr-x root/root     60072 2013-10-12 02:18 usr/lib/sane/libsane-teco1.so.1.0.24
-rwxr-xr-x root/root    175280 2013-10-12 02:18 usr/lib/sane/libsane-avision.so.1.0.24
-rwxr-xr-x root/root      1000 2013-10-12 02:18 usr/lib/sane/libsane-teco2.la
-rwxr-xr-x root/root    181592 2013-10-12 02:18 usr/lib/sane/libsane-epson2.so.1.0.24
-rwxr-xr-x root/root       994 2013-10-12 02:18 usr/lib/sane/libsane-as6e.la
-rwxr-xr-x root/root    174380 2013-10-12 02:18 usr/lib/sane/libsane-pixma.so.1.0.24
-rwxr-xr-x root/root     96208 2013-10-12 02:18 usr/lib/sane/libsane-sm3840.so.1.0.24
-rwxr-xr-x root/root       994 2013-10-12 02:18 usr/lib/sane/libsane-hs2p.la
-rwxr-xr-x root/root      1000 2013-10-12 02:18 usr/lib/sane/libsane-teco3.la
-rwxr-xr-x root/root      1101 2013-10-12 02:18 usr/lib/sane/libsane-artec_eplus48u.la
-rwxr-xr-x root/root    134576 2013-10-12 02:18 usr/lib/sane/libsane-microtek2.so.1.0.24
-rwxr-xr-x root/root     63872 2013-10-12 02:18 usr/lib/sane/libsane-apple.so.1.0.24
-rwxr-xr-x root/root      1047 2013-10-12 02:18 usr/lib/sane/libsane-pixma.la
-rwxr-xr-x root/root     52620 2013-10-12 02:18 usr/lib/sane/libsane-abaton.so.1.0.24
-rwxr-xr-x root/root      1020 2013-10-12 02:18 usr/lib/sane/libsane-dc210.la
-rwxr-xr-x root/root      1049 2013-10-12 02:18 usr/lib/sane/libsane-kvs20xx.la
-rwxr-xr-x root/root      1035 2013-10-12 02:18 usr/lib/sane/libsane-u12.la
-rwxr-xr-x root/root      1040 2013-10-12 02:18 usr/lib/sane/libsane-mustek.la
-rwxr-xr-x root/root     47056 2013-10-12 02:18 usr/lib/sane/libsane-qcam.so.1.0.24
-rwxr-xr-x root/root      1006 2013-10-12 02:18 usr/lib/sane/libsane-abaton.la
-rwxr-xr-x root/root      1065 2013-10-12 02:18 usr/lib/sane/libsane-snapscan.la
-rwxr-xr-x root/root    171412 2013-10-12 02:18 usr/lib/sane/libsane-mustek_usb.so.1.0.24
-rwxr-xr-x root/root     95984 2013-10-12 02:18 usr/lib/sane/libsane-coolscan2.so.1.0.24
-rwxr-xr-x root/root     55444 2013-10-12 02:18 usr/lib/sane/libsane-net.so.1.0.24
-rwxr-xr-x root/root     69820 2013-10-12 02:18 usr/lib/sane/libsane-niash.so.1.0.24
drwxr-xr-x root/root         0 2013-10-12 02:18 usr/lib/pkgconfig/
-rw-r--r-- root/root       419 2013-10-12 02:18 usr/lib/pkgconfig/sane-backends.pc
-rwxr-xr-x root/root      1180 2013-10-12 02:18 usr/lib/libsane.la
drwxr-xr-x root/root         0 2013-10-15 11:14 install/
-rw-r--r-- root/root     21477 2013-10-15 11:14 install/doinst.sh
-rw-r--r-- root/root       946 2013-10-15 11:14 install/slack-desc
drwxr-xr-x root/root         0 2013-10-12 02:18 var/
drwxrwxrwt root/root         0 2013-10-12 02:18 var/lock/
drwxrwxr-x root/scanner      0 2013-10-12 02:18 var/lock/sane/
drwxr-xr-x root/root         0 2013-10-12 02:18 lib/
drwxr-xr-x root/root         0 2013-10-12 02:18 lib/udev/
drwxr-xr-x root/root         0 2013-10-12 02:18 lib/udev/rules.d/
-rw-r--r-- root/root    130190 2013-10-12 02:18 lib/udev/rules.d/80-libsane.rules


