++========================================
||
||   Package:  ./slackware64-compat32/x-compat32/libXaw-compat32-1.0.12-x86_64-1compat32.txz
||
++========================================
drwxr-xr-x root/root         0 2013-09-20 02:09 ./
drwxr-xr-x root/root         0 2013-09-21 12:31 usr/
drwxr-xr-x root/root         0 2013-09-20 02:09 usr/doc/
drwxr-xr-x root/root         0 2013-09-21 12:31 usr/doc/libXaw-1.0.12/
-rw-r--r-- root/root      7372 2013-09-08 05:57 usr/doc/libXaw-1.0.12/COPYING
drwxr-xr-x root/root         0 2013-09-20 02:09 usr/lib/
drwxr-xr-x root/root         0 2013-09-20 02:09 usr/lib/pkgconfig/
-rw-r--r-- root/root       258 2013-09-20 02:09 usr/lib/pkgconfig/xaw6.pc
-rw-r--r-- root/root       262 2013-09-20 02:09 usr/lib/pkgconfig/xaw7.pc
-rwxr-xr-x root/root      1117 2013-09-20 02:09 usr/lib/libXaw7.la
-rwxr-xr-x root/root      1098 2013-09-20 02:09 usr/lib/libXaw6.la
-rwxr-xr-x root/root    424456 2013-09-20 02:09 usr/lib/libXaw7.so.7.0.0
-rwxr-xr-x root/root    298652 2013-09-20 02:09 usr/lib/libXaw6.so.6.0.1
drwxr-xr-x root/root         0 2013-09-21 12:31 install/
-rw-r--r-- root/root       689 2013-09-21 12:31 install/doinst.sh
-rw-r--r-- root/root       835 2013-09-21 12:31 install/slack-desc


