++========================================
||
||   Package:  ./slackware64-compat32/x-compat32/libXau-compat32-1.0.8-x86_64-1compat32.txz
||
++========================================
drwxr-xr-x root/root         0 2013-06-22 06:32 ./
drwxr-xr-x root/root         0 2013-07-13 15:02 usr/
drwxr-xr-x root/root         0 2013-06-22 06:32 usr/doc/
drwxr-xr-x root/root         0 2013-07-13 15:02 usr/doc/libXau-1.0.8/
-rw-r--r-- root/root      1148 2013-05-25 00:04 usr/doc/libXau-1.0.8/COPYING
-rw-r--r-- root/root        71 2013-05-25 00:04 usr/doc/libXau-1.0.8/AUTHORS
drwxr-xr-x root/root         0 2013-06-22 06:32 usr/lib/
-rwxr-xr-x root/root      8916 2013-06-22 06:32 usr/lib/libXau.so.6.0.0
drwxr-xr-x root/root         0 2013-06-22 06:32 usr/lib/pkgconfig/
-rw-r--r-- root/root       222 2013-06-22 06:32 usr/lib/pkgconfig/xau.pc
-rwxr-xr-x root/root       896 2013-06-22 06:32 usr/lib/libXau.la
drwxr-xr-x root/root         0 2013-07-13 15:02 install/
-rw-r--r-- root/root       172 2013-07-13 15:02 install/doinst.sh
-rw-r--r-- root/root      1096 2013-07-13 15:02 install/slack-desc


