++========================================
||
||   Package:  ./slackware64-compat32/x-compat32/libXtst-compat32-1.2.2-x86_64-1compat32.txz
||
++========================================
drwxr-xr-x root/root         0 2013-06-22 06:37 ./
drwxr-xr-x root/root         0 2013-07-13 15:03 usr/
drwxr-xr-x root/root         0 2013-06-22 06:37 usr/doc/
drwxr-xr-x root/root         0 2013-07-13 15:03 usr/doc/libXtst-1.2.2/
-rw-r--r-- root/root      5826 2013-05-31 04:09 usr/doc/libXtst-1.2.2/COPYING
drwxr-xr-x root/root         0 2013-06-22 06:37 usr/lib/
drwxr-xr-x root/root         0 2013-06-22 06:37 usr/lib/pkgconfig/
-rw-r--r-- root/root       247 2013-06-22 06:37 usr/lib/pkgconfig/xtst.pc
-rwxr-xr-x root/root      1023 2013-06-22 06:37 usr/lib/libXtst.la
-rwxr-xr-x root/root     20104 2013-06-22 06:37 usr/lib/libXtst.so.6.1.0
drwxr-xr-x root/root         0 2013-07-13 15:03 install/
-rw-r--r-- root/root       178 2013-07-13 15:03 install/doinst.sh
-rw-r--r-- root/root       971 2013-07-13 15:03 install/slack-desc


