++========================================
||
||   Package:  ./slackware64-compat32/x-compat32/libXp-compat32-1.0.2-x86_64-1compat32.txz
||
++========================================
drwxr-xr-x root/root         0 2013-06-22 06:35 ./
drwxr-xr-x root/root         0 2013-07-13 15:03 usr/
drwxr-xr-x root/root         0 2013-06-22 06:35 usr/doc/
drwxr-xr-x root/root         0 2013-07-13 15:03 usr/doc/libXp-1.0.2/
-rw-r--r-- root/root      2949 2013-05-31 02:41 usr/doc/libXp-1.0.2/COPYING
drwxr-xr-x root/root         0 2013-06-22 06:35 usr/lib/
-rwxr-xr-x root/root       993 2013-06-22 06:35 usr/lib/libXp.la
-rwxr-xr-x root/root     30716 2013-06-22 06:35 usr/lib/libXp.so.6.2.0
drwxr-xr-x root/root         0 2013-06-22 06:35 usr/lib/pkgconfig/
-rw-r--r-- root/root       232 2013-06-22 06:35 usr/lib/pkgconfig/xp.pc
drwxr-xr-x root/root         0 2013-07-13 15:03 install/
-rw-r--r-- root/root       166 2013-07-13 15:03 install/doinst.sh
-rw-r--r-- root/root       917 2013-07-13 15:03 install/slack-desc


