++========================================
||
||   Package:  ./slackware64-compat32/x-compat32/libXres-compat32-1.0.7-x86_64-1compat32.txz
||
++========================================
drwxr-xr-x root/root         0 2013-06-22 06:36 ./
drwxr-xr-x root/root         0 2013-07-13 15:03 usr/
drwxr-xr-x root/root         0 2013-06-22 06:36 usr/doc/
drwxr-xr-x root/root         0 2013-07-13 15:03 usr/doc/libXres-1.0.7/
-rw-r--r-- root/root      1291 2013-05-31 02:51 usr/doc/libXres-1.0.7/COPYING
-rw-r--r-- root/root        25 2013-05-31 02:51 usr/doc/libXres-1.0.7/AUTHORS
drwxr-xr-x root/root         0 2013-06-22 06:36 usr/lib/
drwxr-xr-x root/root         0 2013-06-22 06:36 usr/lib/pkgconfig/
-rw-r--r-- root/root       253 2013-06-22 06:36 usr/lib/pkgconfig/xres.pc
-rwxr-xr-x root/root      1005 2013-06-22 06:36 usr/lib/libXRes.la
-rwxr-xr-x root/root      6184 2013-06-22 06:36 usr/lib/libXRes.so.1.0.0
drwxr-xr-x root/root         0 2013-07-13 15:03 install/
-rw-r--r-- root/root       178 2013-07-13 15:03 install/doinst.sh
-rw-r--r-- root/root       958 2013-07-13 15:03 install/slack-desc


