++========================================
||
||   Package:  ./slackware64-compat32/x-compat32/libXrender-compat32-0.9.8-x86_64-1compat32.txz
||
++========================================
drwxr-xr-x root/root         0 2013-06-22 06:36 ./
drwxr-xr-x root/root         0 2013-07-13 15:03 usr/
drwxr-xr-x root/root         0 2013-06-22 06:36 usr/doc/
drwxr-xr-x root/root         0 2013-07-13 15:03 usr/doc/libXrender-0.9.8/
-rw-r--r-- root/root      2164 2013-06-14 07:41 usr/doc/libXrender-0.9.8/COPYING
-rw-r--r-- root/root        79 2013-06-14 07:41 usr/doc/libXrender-0.9.8/AUTHORS
drwxr-xr-x root/root         0 2013-06-22 06:36 usr/lib/
drwxr-xr-x root/root         0 2013-06-22 06:36 usr/lib/pkgconfig/
-rw-r--r-- root/root       253 2013-06-22 06:36 usr/lib/pkgconfig/xrender.pc
-rwxr-xr-x root/root      1003 2013-06-22 06:36 usr/lib/libXrender.la
-rwxr-xr-x root/root     35220 2013-06-22 06:36 usr/lib/libXrender.so.1.3.0
drwxr-xr-x root/root         0 2013-07-13 15:03 install/
-rw-r--r-- root/root       196 2013-07-13 15:03 install/doinst.sh
-rw-r--r-- root/root      1017 2013-07-13 15:03 install/slack-desc


