++========================================
||
||   Package:  ./slackware64-compat32/x-compat32/libXext-compat32-1.3.2-x86_64-1compat32.txz
||
++========================================
drwxr-xr-x root/root         0 2013-06-22 06:33 ./
drwxr-xr-x root/root         0 2013-07-13 15:03 usr/
drwxr-xr-x root/root         0 2013-06-22 06:33 usr/doc/
drwxr-xr-x root/root         0 2013-07-13 15:03 usr/doc/libXext-1.3.2/
-rw-r--r-- root/root     10332 2013-05-31 23:35 usr/doc/libXext-1.3.2/COPYING
-rw-r--r-- root/root       922 2013-05-31 23:35 usr/doc/libXext-1.3.2/AUTHORS
drwxr-xr-x root/root         0 2013-06-22 06:33 usr/lib/
drwxr-xr-x root/root         0 2013-06-22 06:33 usr/lib/pkgconfig/
-rw-r--r-- root/root       235 2013-06-22 06:33 usr/lib/pkgconfig/xext.pc
-rwxr-xr-x root/root       986 2013-06-22 06:33 usr/lib/libXext.la
-rwxr-xr-x root/root     68988 2013-06-22 06:33 usr/lib/libXext.so.6.4.0
drwxr-xr-x root/root         0 2013-07-13 15:03 install/
-rw-r--r-- root/root       178 2013-07-13 15:03 install/doinst.sh
-rw-r--r-- root/root       972 2013-07-13 15:03 install/slack-desc


