++========================================
||
||   Package:  ./slackware64-compat32/x-compat32/libXdmcp-compat32-1.1.1-x86_64-1compat32.txz
||
++========================================
drwxr-xr-x root/root         0 2012-05-04 21:44 ./
drwxr-xr-x root/root         0 2013-02-27 19:56 usr/
drwxr-xr-x root/root         0 2012-05-04 21:44 usr/doc/
drwxr-xr-x root/root         0 2013-02-27 19:56 usr/doc/libXdmcp-1.1.1/
-rw-r--r-- root/root      1178 2012-03-08 04:46 usr/doc/libXdmcp-1.1.1/COPYING
-rw-r--r-- root/root       227 2012-03-08 04:46 usr/doc/libXdmcp-1.1.1/AUTHORS
drwxr-xr-x root/root         0 2012-05-04 21:44 usr/lib/
drwxr-xr-x root/root         0 2012-05-04 21:44 usr/lib/pkgconfig/
-rw-r--r-- root/root       230 2012-05-04 21:44 usr/lib/pkgconfig/xdmcp.pc
-rwxr-xr-x root/root     18952 2012-05-04 21:44 usr/lib/libXdmcp.so.6.0.0
-rwxr-xr-x root/root       906 2012-05-04 21:44 usr/lib/libXdmcp.la
drwxr-xr-x root/root         0 2013-02-27 19:56 install/
-rw-r--r-- root/root       184 2013-02-27 19:56 install/doinst.sh
-rw-r--r-- root/root       979 2013-02-27 19:56 install/slack-desc


