++========================================
||
||   Package:  ./slackware64-compat32/x-compat32/libXmu-compat32-1.1.2-x86_64-1compat32.txz
||
++========================================
drwxr-xr-x root/root         0 2013-09-20 02:11 ./
drwxr-xr-x root/root         0 2013-09-21 12:31 usr/
drwxr-xr-x root/root         0 2013-09-20 02:10 usr/doc/
drwxr-xr-x root/root         0 2013-09-21 12:31 usr/doc/libXmu-1.1.2/
-rw-r--r-- root/root      3636 2013-09-08 06:28 usr/doc/libXmu-1.1.2/COPYING
drwxr-xr-x root/root         0 2013-09-20 02:11 usr/lib/
-rwxr-xr-x root/root      1074 2013-09-20 02:10 usr/lib/libXmu.la
-rwxr-xr-x root/root     11000 2013-09-20 02:11 usr/lib/libXmuu.so.1.0.0
drwxr-xr-x root/root         0 2013-09-20 02:10 usr/lib/pkgconfig/
-rw-r--r-- root/root       232 2013-09-20 02:10 usr/lib/pkgconfig/xmu.pc
-rw-r--r-- root/root       228 2013-09-20 02:10 usr/lib/pkgconfig/xmuu.pc
-rwxr-xr-x root/root       985 2013-09-20 02:10 usr/lib/libXmuu.la
-rwxr-xr-x root/root     97852 2013-09-20 02:11 usr/lib/libXmu.so.6.2.0
drwxr-xr-x root/root         0 2013-09-21 12:31 install/
-rw-r--r-- root/root       350 2013-09-21 12:31 install/doinst.sh
-rw-r--r-- root/root       977 2013-09-21 12:31 install/slack-desc


