++========================================
||
||   Package:  ./slackware64-compat32/x-compat32/xcb-util-compat32-0.3.9-x86_64-1compat32.txz
||
++========================================
drwxr-xr-x root/root         0 2013-09-07 23:01 ./
drwxr-xr-x root/root         0 2013-09-08 16:56 usr/
drwxr-xr-x root/root         0 2013-09-07 23:01 usr/lib/
drwxr-xr-x root/root         0 2013-09-07 23:01 usr/lib/pkgconfig/
-rw-r--r-- root/root       213 2013-09-07 23:01 usr/lib/pkgconfig/xcb-atom.pc
-rw-r--r-- root/root       228 2013-09-07 23:01 usr/lib/pkgconfig/xcb-event.pc
-rw-r--r-- root/root       227 2013-09-07 23:01 usr/lib/pkgconfig/xcb-util.pc
-rw-r--r-- root/root       222 2013-09-07 23:01 usr/lib/pkgconfig/xcb-aux.pc
-rwxr-xr-x root/root     15616 2013-09-07 23:01 usr/lib/libxcb-util.so.1.0.0
-rwxr-xr-x root/root      1000 2013-09-07 23:01 usr/lib/libxcb-util.la
drwxr-xr-x root/root         0 2013-09-08 16:56 install/
-rw-r--r-- root/root       511 2013-09-08 16:56 install/doinst.sh
-rw-r--r-- root/root       988 2013-09-08 16:56 install/slack-desc


