++========================================
||
||   Package:  ./compat32-tools-3.7-noarch-1alien.tgz
||
++========================================
drwxr-xr-x root/root         0 2016-01-14 12:16 ./
drwxr-xr-x root/root         0 2016-01-14 12:16 install/
-rw-r--r-- root/root       493 2016-01-14 12:16 install/doinst.sh
-rw-r--r-- root/root       875 2016-01-14 12:16 install/slack-desc
drwxr-xr-x root/root         0 2016-01-14 12:16 etc/
drwxr-xr-x root/root         0 2016-01-14 12:16 etc/profile.d/
-rw-r--r-- root/root      1012 2016-01-14 12:16 etc/profile.d/32dev.csh
-rw-r--r-- root/root      1400 2016-01-14 12:16 etc/profile.d/32dev.sh
drwxr-xr-x root/root         0 2016-01-14 12:16 usr/
drwxr-xr-x root/root         0 2016-01-14 12:16 usr/sbin/
-rwxr-xr-x root/root     14484 2016-01-14 12:16 usr/sbin/massconvert32.sh
-rwxr-xr-x root/root     12814 2016-01-14 12:16 usr/sbin/convertpkg-compat32
drwxr-xr-x root/root         0 2016-01-14 12:16 usr/bin/
drwxr-xr-x root/root         0 2016-01-14 12:16 usr/bin/32/
-rwxr-xr-x root/root       927 2016-01-14 12:16 usr/bin/32/gcc
-rwxr-xr-x root/root       782 2016-01-14 12:16 usr/bin/32/gfortran
drwxr-xr-x root/root         0 2016-01-14 12:16 usr/doc/
drwxr-xr-x root/root         0 2016-01-14 12:16 usr/doc/compat32-tools-3.7/
-rw-r--r-- root/root      3155 2016-01-14 12:16 usr/doc/compat32-tools-3.7/compat32-tools.SlackBuild
-rw-r--r-- root/root      2847 2016-01-14 12:16 usr/doc/compat32-tools-3.7/README


