++========================================
||
||   Package:  ./gcc-go-4.8.2_multilib-x86_64-1alien.txz
||
++========================================
drwxr-xr-x root/root         0 2013-10-21 11:37 ./
drwxr-xr-x root/root         0 2013-10-21 11:30 usr/
drwxr-xr-x root/root         0 2013-10-21 11:32 usr/bin/
-rwxr-xr-x root/root    763960 2013-10-21 11:32 usr/bin/gccgo
hrwxr-xr-x root/root         0 2013-10-21 11:32 usr/bin/x86_64-slackware-linux-gccgo link to usr/bin/gccgo
drwxr-xr-x root/root         0 2013-10-21 11:30 usr/info/
-rw-r--r-- root/root     24090 2013-10-21 11:30 usr/info/gccgo.info.gz
drwxr-xr-x root/root         0 2013-10-21 11:37 usr/lib64/
-rwxr-xr-x root/root       950 2013-10-21 11:30 usr/lib64/libgo.la
-rwxr-xr-x root/root  12625512 2013-10-21 11:32 usr/lib64/libgo.so.4.0.0
drwxr-xr-x root/root         0 2013-10-21 11:28 usr/lib64/go/
drwxr-xr-x root/root         0 2013-10-21 11:28 usr/lib64/go/4.8.2/
drwxr-xr-x root/root         0 2013-10-21 11:28 usr/lib64/go/4.8.2/x86_64-slackware-linux/
drwxr-xr-x root/root         0 2013-10-21 11:28 usr/lib64/go/4.8.2/x86_64-slackware-linux/io/
-rw-r--r-- root/root      8105 2013-10-21 11:28 usr/lib64/go/4.8.2/x86_64-slackware-linux/io/ioutil.gox
-rw-r--r-- root/root      5313 2013-10-21 11:28 usr/lib64/go/4.8.2/x86_64-slackware-linux/strings.gox
drwxr-xr-x root/root         0 2013-10-21 11:28 usr/lib64/go/4.8.2/x86_64-slackware-linux/runtime/
-rw-r--r-- root/root      4905 2013-10-21 11:28 usr/lib64/go/4.8.2/x86_64-slackware-linux/runtime/debug.gox
-rw-r--r-- root/root      2281 2013-10-21 11:28 usr/lib64/go/4.8.2/x86_64-slackware-linux/runtime/pprof.gox
-rw-r--r-- root/root     12617 2013-10-21 11:28 usr/lib64/go/4.8.2/x86_64-slackware-linux/reflect.gox
drwxr-xr-x root/root         0 2013-10-21 11:28 usr/lib64/go/4.8.2/x86_64-slackware-linux/container/
-rw-r--r-- root/root      1057 2013-10-21 11:28 usr/lib64/go/4.8.2/x86_64-slackware-linux/container/heap.gox
-rw-r--r-- root/root      1305 2013-10-21 11:28 usr/lib64/go/4.8.2/x86_64-slackware-linux/container/ring.gox
-rw-r--r-- root/root      2289 2013-10-21 11:28 usr/lib64/go/4.8.2/x86_64-slackware-linux/container/list.gox
drwxr-xr-x root/root         0 2013-10-21 11:28 usr/lib64/go/4.8.2/x86_64-slackware-linux/unicode/
-rw-r--r-- root/root       873 2013-10-21 11:28 usr/lib64/go/4.8.2/x86_64-slackware-linux/unicode/utf16.gox
-rw-r--r-- root/root      1473 2013-10-21 11:28 usr/lib64/go/4.8.2/x86_64-slackware-linux/unicode/utf8.gox
-rw-r--r-- root/root      6977 2013-10-21 11:28 usr/lib64/go/4.8.2/x86_64-slackware-linux/unicode.gox
drwxr-xr-x root/root         0 2013-10-21 11:28 usr/lib64/go/4.8.2/x86_64-slackware-linux/encoding/
-rw-r--r-- root/root      1753 2013-10-21 11:28 usr/lib64/go/4.8.2/x86_64-slackware-linux/encoding/hex.gox
-rw-r--r-- root/root      2401 2013-10-21 11:28 usr/lib64/go/4.8.2/x86_64-slackware-linux/encoding/base64.gox
-rw-r--r-- root/root      2761 2013-10-21 11:28 usr/lib64/go/4.8.2/x86_64-slackware-linux/encoding/asn1.gox
-rw-r--r-- root/root     24329 2013-10-21 11:28 usr/lib64/go/4.8.2/x86_64-slackware-linux/encoding/gob.gox
-rw-r--r-- root/root     19753 2013-10-21 11:28 usr/lib64/go/4.8.2/x86_64-slackware-linux/encoding/xml.gox
-rw-r--r-- root/root      7049 2013-10-21 11:28 usr/lib64/go/4.8.2/x86_64-slackware-linux/encoding/csv.gox
-rw-r--r-- root/root      2401 2013-10-21 11:28 usr/lib64/go/4.8.2/x86_64-slackware-linux/encoding/base32.gox
-rw-r--r-- root/root      1457 2013-10-21 11:28 usr/lib64/go/4.8.2/x86_64-slackware-linux/encoding/ascii85.gox
-rw-r--r-- root/root      3505 2013-10-21 11:28 usr/lib64/go/4.8.2/x86_64-slackware-linux/encoding/binary.gox
-rw-r--r-- root/root     18553 2013-10-21 11:28 usr/lib64/go/4.8.2/x86_64-slackware-linux/encoding/json.gox
-rw-r--r-- root/root      1337 2013-10-21 11:28 usr/lib64/go/4.8.2/x86_64-slackware-linux/encoding/pem.gox
-rw-r--r-- root/root      1169 2013-10-21 11:28 usr/lib64/go/4.8.2/x86_64-slackware-linux/path.gox
drwxr-xr-x root/root         0 2013-10-21 11:28 usr/lib64/go/4.8.2/x86_64-slackware-linux/compress/
-rw-r--r-- root/root       969 2013-10-21 11:28 usr/lib64/go/4.8.2/x86_64-slackware-linux/compress/bzip2.gox
-rw-r--r-- root/root      1593 2013-10-21 11:28 usr/lib64/go/4.8.2/x86_64-slackware-linux/compress/lzw.gox
-rw-r--r-- root/root      7729 2013-10-21 11:28 usr/lib64/go/4.8.2/x86_64-slackware-linux/compress/zlib.gox
-rw-r--r-- root/root     12025 2013-10-21 11:28 usr/lib64/go/4.8.2/x86_64-slackware-linux/compress/gzip.gox
-rw-r--r-- root/root      7569 2013-10-21 11:28 usr/lib64/go/4.8.2/x86_64-slackware-linux/compress/flate.gox
drwxr-xr-x root/root         0 2013-10-21 11:28 usr/lib64/go/4.8.2/x86_64-slackware-linux/hash/
-rw-r--r-- root/root      1057 2013-10-21 11:28 usr/lib64/go/4.8.2/x86_64-slackware-linux/hash/adler32.gox
-rw-r--r-- root/root      1505 2013-10-21 11:28 usr/lib64/go/4.8.2/x86_64-slackware-linux/hash/crc32.gox
-rw-r--r-- root/root      1121 2013-10-21 11:28 usr/lib64/go/4.8.2/x86_64-slackware-linux/hash/fnv.gox
-rw-r--r-- root/root      1329 2013-10-21 11:28 usr/lib64/go/4.8.2/x86_64-slackware-linux/hash/crc64.gox
drwxr-xr-x root/root         0 2013-10-21 11:28 usr/lib64/go/4.8.2/x86_64-slackware-linux/path/
-rw-r--r-- root/root      6001 2013-10-21 11:28 usr/lib64/go/4.8.2/x86_64-slackware-linux/path/filepath.gox
-rw-r--r-- root/root      1041 2013-10-21 11:28 usr/lib64/go/4.8.2/x86_64-slackware-linux/hash.gox
drwxr-xr-x root/root         0 2013-10-21 11:28 usr/lib64/go/4.8.2/x86_64-slackware-linux/mime/
-rw-r--r-- root/root      8657 2013-10-21 11:28 usr/lib64/go/4.8.2/x86_64-slackware-linux/mime/multipart.gox
drwxr-xr-x root/root         0 2013-10-21 11:28 usr/lib64/go/4.8.2/x86_64-slackware-linux/html/
-rw-r--r-- root/root     22017 2013-10-21 11:28 usr/lib64/go/4.8.2/x86_64-slackware-linux/html/template.gox
drwxr-xr-x root/root         0 2013-10-21 11:28 usr/lib64/go/4.8.2/x86_64-slackware-linux/log/
-rw-r--r-- root/root      8649 2013-10-21 11:28 usr/lib64/go/4.8.2/x86_64-slackware-linux/log/syslog.gox
drwxr-xr-x root/root         0 2013-10-21 11:28 usr/lib64/go/4.8.2/x86_64-slackware-linux/testing/
-rw-r--r-- root/root     10937 2013-10-21 11:28 usr/lib64/go/4.8.2/x86_64-slackware-linux/testing/quick.gox
-rw-r--r-- root/root      1473 2013-10-21 11:28 usr/lib64/go/4.8.2/x86_64-slackware-linux/testing/iotest.gox
-rw-r--r-- root/root      7753 2013-10-21 11:28 usr/lib64/go/4.8.2/x86_64-slackware-linux/time.gox
-rw-r--r-- root/root      4681 2013-10-21 11:28 usr/lib64/go/4.8.2/x86_64-slackware-linux/expvar.gox
-rw-r--r-- root/root     92009 2013-10-21 11:28 usr/lib64/go/4.8.2/x86_64-slackware-linux/syscall.gox
drwxr-xr-x root/root         0 2013-10-21 11:28 usr/lib64/go/4.8.2/x86_64-slackware-linux/crypto/
-rw-r--r-- root/root      1033 2013-10-21 11:28 usr/lib64/go/4.8.2/x86_64-slackware-linux/crypto/sha1.gox
-rw-r--r-- root/root      1073 2013-10-21 11:28 usr/lib64/go/4.8.2/x86_64-slackware-linux/crypto/hmac.gox
-rw-r--r-- root/root      1121 2013-10-21 11:28 usr/lib64/go/4.8.2/x86_64-slackware-linux/crypto/md5.gox
-rw-r--r-- root/root      1289 2013-10-21 11:28 usr/lib64/go/4.8.2/x86_64-slackware-linux/crypto/des.gox
-rw-r--r-- root/root      1241 2013-10-21 11:28 usr/lib64/go/4.8.2/x86_64-slackware-linux/crypto/rc4.gox
-rw-r--r-- root/root      1089 2013-10-21 11:28 usr/lib64/go/4.8.2/x86_64-slackware-linux/crypto/sha512.gox
-rw-r--r-- root/root      9305 2013-10-21 11:28 usr/lib64/go/4.8.2/x86_64-slackware-linux/crypto/rand.gox
-rw-r--r-- root/root      1081 2013-10-21 11:28 usr/lib64/go/4.8.2/x86_64-slackware-linux/crypto/sha256.gox
-rw-r--r-- root/root     10737 2013-10-21 11:28 usr/lib64/go/4.8.2/x86_64-slackware-linux/crypto/elliptic.gox
-rw-r--r-- root/root     34545 2013-10-21 11:28 usr/lib64/go/4.8.2/x86_64-slackware-linux/crypto/tls.gox
-rw-r--r-- root/root       937 2013-10-21 11:28 usr/lib64/go/4.8.2/x86_64-slackware-linux/crypto/subtle.gox
-rw-r--r-- root/root     27409 2013-10-21 11:28 usr/lib64/go/4.8.2/x86_64-slackware-linux/crypto/x509.gox
-rw-r--r-- root/root      2385 2013-10-21 11:28 usr/lib64/go/4.8.2/x86_64-slackware-linux/crypto/cipher.gox
-rw-r--r-- root/root     11393 2013-10-21 11:28 usr/lib64/go/4.8.2/x86_64-slackware-linux/crypto/rsa.gox
drwxr-xr-x root/root         0 2013-10-21 11:28 usr/lib64/go/4.8.2/x86_64-slackware-linux/crypto/x509/
-rw-r--r-- root/root     14617 2013-10-21 11:28 usr/lib64/go/4.8.2/x86_64-slackware-linux/crypto/x509/pkix.gox
-rw-r--r-- root/root      1097 2013-10-21 11:28 usr/lib64/go/4.8.2/x86_64-slackware-linux/crypto/aes.gox
-rw-r--r-- root/root      9753 2013-10-21 11:28 usr/lib64/go/4.8.2/x86_64-slackware-linux/crypto/dsa.gox
-rw-r--r-- root/root     11193 2013-10-21 11:28 usr/lib64/go/4.8.2/x86_64-slackware-linux/crypto/ecdsa.gox
-rw-r--r-- root/root     26889 2013-10-21 11:28 usr/lib64/go/4.8.2/x86_64-slackware-linux/net.gox
-rw-r--r-- root/root     12041 2013-10-21 11:28 usr/lib64/go/4.8.2/x86_64-slackware-linux/image.gox
drwxr-xr-x root/root         0 2013-10-21 11:28 usr/lib64/go/4.8.2/x86_64-slackware-linux/go/
-rw-r--r-- root/root     10441 2013-10-21 11:28 usr/lib64/go/4.8.2/x86_64-slackware-linux/go/build.gox
-rw-r--r-- root/root     11745 2013-10-21 11:28 usr/lib64/go/4.8.2/x86_64-slackware-linux/go/parser.gox
-rw-r--r-- root/root      8513 2013-10-21 11:28 usr/lib64/go/4.8.2/x86_64-slackware-linux/go/doc.gox
-rw-r--r-- root/root      7009 2013-10-21 11:28 usr/lib64/go/4.8.2/x86_64-slackware-linux/go/scanner.gox
-rw-r--r-- root/root     34145 2013-10-21 11:28 usr/lib64/go/4.8.2/x86_64-slackware-linux/go/ast.gox
-rw-r--r-- root/root      5617 2013-10-21 11:28 usr/lib64/go/4.8.2/x86_64-slackware-linux/go/printer.gox
-rw-r--r-- root/root      6593 2013-10-21 11:28 usr/lib64/go/4.8.2/x86_64-slackware-linux/go/token.gox
-rw-r--r-- root/root      4521 2013-10-21 11:28 usr/lib64/go/4.8.2/x86_64-slackware-linux/go/format.gox
-rw-r--r-- root/root      6633 2013-10-21 11:28 usr/lib64/go/4.8.2/x86_64-slackware-linux/log.gox
-rw-r--r-- root/root      4913 2013-10-21 11:28 usr/lib64/go/4.8.2/x86_64-slackware-linux/bufio.gox
drwxr-xr-x root/root         0 2013-10-21 11:28 usr/lib64/go/4.8.2/x86_64-slackware-linux/archive/
-rw-r--r-- root/root      8217 2013-10-21 11:28 usr/lib64/go/4.8.2/x86_64-slackware-linux/archive/tar.gox
-rw-r--r-- root/root     11225 2013-10-21 11:28 usr/lib64/go/4.8.2/x86_64-slackware-linux/archive/zip.gox
-rw-r--r-- root/root      7521 2013-10-21 11:28 usr/lib64/go/4.8.2/x86_64-slackware-linux/bytes.gox
drwxr-xr-x root/root         0 2013-10-21 11:28 usr/lib64/go/4.8.2/x86_64-slackware-linux/regexp/
-rw-r--r-- root/root      5561 2013-10-21 11:28 usr/lib64/go/4.8.2/x86_64-slackware-linux/regexp/syntax.gox
-rw-r--r-- root/root      5121 2013-10-21 11:28 usr/lib64/go/4.8.2/x86_64-slackware-linux/math.gox
drwxr-xr-x root/root         0 2013-10-21 11:28 usr/lib64/go/4.8.2/x86_64-slackware-linux/net/
-rw-r--r-- root/root     29641 2013-10-21 11:28 usr/lib64/go/4.8.2/x86_64-slackware-linux/net/smtp.gox
-rw-r--r-- root/root      5897 2013-10-21 11:28 usr/lib64/go/4.8.2/x86_64-slackware-linux/net/mail.gox
-rw-r--r-- root/root     45873 2013-10-21 11:28 usr/lib64/go/4.8.2/x86_64-slackware-linux/net/rpc.gox
drwxr-xr-x root/root         0 2013-10-21 11:28 usr/lib64/go/4.8.2/x86_64-slackware-linux/net/rpc/
-rw-r--r-- root/root      4537 2013-10-21 11:28 usr/lib64/go/4.8.2/x86_64-slackware-linux/net/rpc/jsonrpc.gox
-rw-r--r-- root/root      7929 2013-10-21 11:28 usr/lib64/go/4.8.2/x86_64-slackware-linux/net/textproto.gox
-rw-r--r-- root/root      3121 2013-10-21 11:28 usr/lib64/go/4.8.2/x86_64-slackware-linux/net/url.gox
-rw-r--r-- root/root     59905 2013-10-21 11:28 usr/lib64/go/4.8.2/x86_64-slackware-linux/net/http.gox
drwxr-xr-x root/root         0 2013-10-21 11:28 usr/lib64/go/4.8.2/x86_64-slackware-linux/net/http/
-rw-r--r-- root/root     47633 2013-10-21 11:28 usr/lib64/go/4.8.2/x86_64-slackware-linux/net/http/httptest.gox
-rw-r--r-- root/root     33265 2013-10-21 11:28 usr/lib64/go/4.8.2/x86_64-slackware-linux/net/http/cgi.gox
-rw-r--r-- root/root     31721 2013-10-21 11:28 usr/lib64/go/4.8.2/x86_64-slackware-linux/net/http/fcgi.gox
-rw-r--r-- root/root     31393 2013-10-21 11:28 usr/lib64/go/4.8.2/x86_64-slackware-linux/net/http/pprof.gox
-rw-r--r-- root/root     35841 2013-10-21 11:28 usr/lib64/go/4.8.2/x86_64-slackware-linux/net/http/httputil.gox
-rw-r--r-- root/root      9145 2013-10-21 11:28 usr/lib64/go/4.8.2/x86_64-slackware-linux/net/http/cookiejar.gox
-rw-r--r-- root/root      2121 2013-10-21 11:28 usr/lib64/go/4.8.2/x86_64-slackware-linux/sync.gox
drwxr-xr-x root/root         0 2013-10-21 11:28 usr/lib64/go/4.8.2/x86_64-slackware-linux/debug/
-rw-r--r-- root/root     19841 2013-10-21 11:28 usr/lib64/go/4.8.2/x86_64-slackware-linux/debug/dwarf.gox
-rw-r--r-- root/root     36977 2013-10-21 11:28 usr/lib64/go/4.8.2/x86_64-slackware-linux/debug/elf.gox
-rw-r--r-- root/root     16609 2013-10-21 11:28 usr/lib64/go/4.8.2/x86_64-slackware-linux/debug/macho.gox
-rw-r--r-- root/root      4113 2013-10-21 11:28 usr/lib64/go/4.8.2/x86_64-slackware-linux/debug/gosym.gox
-rw-r--r-- root/root     13281 2013-10-21 11:28 usr/lib64/go/4.8.2/x86_64-slackware-linux/debug/pe.gox
drwxr-xr-x root/root         0 2013-10-21 11:28 usr/lib64/go/4.8.2/x86_64-slackware-linux/text/
-rw-r--r-- root/root      5553 2013-10-21 11:28 usr/lib64/go/4.8.2/x86_64-slackware-linux/text/scanner.gox
drwxr-xr-x root/root         0 2013-10-21 11:28 usr/lib64/go/4.8.2/x86_64-slackware-linux/text/template/
-rw-r--r-- root/root     12945 2013-10-21 11:28 usr/lib64/go/4.8.2/x86_64-slackware-linux/text/template/parse.gox
-rw-r--r-- root/root     19185 2013-10-21 11:28 usr/lib64/go/4.8.2/x86_64-slackware-linux/text/template.gox
-rw-r--r-- root/root      4953 2013-10-21 11:28 usr/lib64/go/4.8.2/x86_64-slackware-linux/text/tabwriter.gox
-rw-r--r-- root/root      1417 2013-10-21 11:28 usr/lib64/go/4.8.2/x86_64-slackware-linux/crypto.gox
-rw-r--r-- root/root      3089 2013-10-21 11:28 usr/lib64/go/4.8.2/x86_64-slackware-linux/strconv.gox
drwxr-xr-x root/root         0 2013-10-21 11:28 usr/lib64/go/4.8.2/x86_64-slackware-linux/image/
-rw-r--r-- root/root      2849 2013-10-21 11:28 usr/lib64/go/4.8.2/x86_64-slackware-linux/image/draw.gox
-rw-r--r-- root/root      3945 2013-10-21 11:28 usr/lib64/go/4.8.2/x86_64-slackware-linux/image/gif.gox
-rw-r--r-- root/root      3289 2013-10-21 11:28 usr/lib64/go/4.8.2/x86_64-slackware-linux/image/jpeg.gox
-rw-r--r-- root/root      3465 2013-10-21 11:28 usr/lib64/go/4.8.2/x86_64-slackware-linux/image/png.gox
-rw-r--r-- root/root      2969 2013-10-21 11:28 usr/lib64/go/4.8.2/x86_64-slackware-linux/image/color.gox
-rw-r--r-- root/root     15681 2013-10-21 11:28 usr/lib64/go/4.8.2/x86_64-slackware-linux/os.gox
-rw-r--r-- root/root      9001 2013-10-21 11:28 usr/lib64/go/4.8.2/x86_64-slackware-linux/testing.gox
-rw-r--r-- root/root      6857 2013-10-21 11:28 usr/lib64/go/4.8.2/x86_64-slackware-linux/flag.gox
drwxr-xr-x root/root         0 2013-10-21 11:28 usr/lib64/go/4.8.2/x86_64-slackware-linux/exp/
-rw-r--r-- root/root      8785 2013-10-21 11:28 usr/lib64/go/4.8.2/x86_64-slackware-linux/exp/proxy.gox
-rw-r--r-- root/root      3921 2013-10-21 11:28 usr/lib64/go/4.8.2/x86_64-slackware-linux/exp/terminal.gox
drwxr-xr-x root/root         0 2013-10-21 11:28 usr/lib64/go/4.8.2/x86_64-slackware-linux/os/
-rw-r--r-- root/root     12633 2013-10-21 11:28 usr/lib64/go/4.8.2/x86_64-slackware-linux/os/exec.gox
-rw-r--r-- root/root      1585 2013-10-21 11:28 usr/lib64/go/4.8.2/x86_64-slackware-linux/os/user.gox
-rw-r--r-- root/root      1121 2013-10-21 11:28 usr/lib64/go/4.8.2/x86_64-slackware-linux/os/signal.gox
-rw-r--r-- root/root      3913 2013-10-21 11:28 usr/lib64/go/4.8.2/x86_64-slackware-linux/fmt.gox
-rw-r--r-- root/root      2305 2013-10-21 11:28 usr/lib64/go/4.8.2/x86_64-slackware-linux/sort.gox
drwxr-xr-x root/root         0 2013-10-21 11:28 usr/lib64/go/4.8.2/x86_64-slackware-linux/sync/
-rw-r--r-- root/root      2369 2013-10-21 11:28 usr/lib64/go/4.8.2/x86_64-slackware-linux/sync/atomic.gox
drwxr-xr-x root/root         0 2013-10-21 11:28 usr/lib64/go/4.8.2/x86_64-slackware-linux/database/
-rw-r--r-- root/root     11089 2013-10-21 11:28 usr/lib64/go/4.8.2/x86_64-slackware-linux/database/sql.gox
drwxr-xr-x root/root         0 2013-10-21 11:28 usr/lib64/go/4.8.2/x86_64-slackware-linux/database/sql/
-rw-r--r-- root/root      4489 2013-10-21 11:28 usr/lib64/go/4.8.2/x86_64-slackware-linux/database/sql/driver.gox
-rw-r--r-- root/root       609 2013-10-21 11:28 usr/lib64/go/4.8.2/x86_64-slackware-linux/errors.gox
-rw-r--r-- root/root      1409 2013-10-21 11:28 usr/lib64/go/4.8.2/x86_64-slackware-linux/mime.gox
-rw-r--r-- root/root      6097 2013-10-21 11:28 usr/lib64/go/4.8.2/x86_64-slackware-linux/io.gox
drwxr-xr-x root/root         0 2013-10-21 11:28 usr/lib64/go/4.8.2/x86_64-slackware-linux/old/
-rw-r--r-- root/root     15657 2013-10-21 11:28 usr/lib64/go/4.8.2/x86_64-slackware-linux/old/template.gox
-rw-r--r-- root/root      6033 2013-10-21 11:28 usr/lib64/go/4.8.2/x86_64-slackware-linux/old/regexp.gox
-rw-r--r-- root/root       857 2013-10-21 11:28 usr/lib64/go/4.8.2/x86_64-slackware-linux/html.gox
-rw-r--r-- root/root     10313 2013-10-21 11:28 usr/lib64/go/4.8.2/x86_64-slackware-linux/regexp.gox
drwxr-xr-x root/root         0 2013-10-21 11:28 usr/lib64/go/4.8.2/x86_64-slackware-linux/index/
-rw-r--r-- root/root     10705 2013-10-21 11:28 usr/lib64/go/4.8.2/x86_64-slackware-linux/index/suffixarray.gox
-rw-r--r-- root/root      4849 2013-10-21 11:28 usr/lib64/go/4.8.2/x86_64-slackware-linux/runtime.gox
drwxr-xr-x root/root         0 2013-10-21 11:28 usr/lib64/go/4.8.2/x86_64-slackware-linux/math/
-rw-r--r-- root/root     10545 2013-10-21 11:28 usr/lib64/go/4.8.2/x86_64-slackware-linux/math/big.gox
-rw-r--r-- root/root      1665 2013-10-21 11:28 usr/lib64/go/4.8.2/x86_64-slackware-linux/math/cmplx.gox
-rw-r--r-- root/root      2809 2013-10-21 11:28 usr/lib64/go/4.8.2/x86_64-slackware-linux/math/rand.gox
-rw-r--r-- root/root  22508034 2013-10-21 11:32 usr/lib64/libgo.a
-rw-r--r-- root/root      2514 2013-10-21 11:32 usr/lib64/libgobegin.a
drwxr-xr-x root/root         0 2013-10-21 11:30 usr/libexec/
drwxr-xr-x root/root         0 2013-10-21 11:30 usr/libexec/gcc/
drwxr-xr-x root/root         0 2013-10-21 11:30 usr/libexec/gcc/x86_64-slackware-linux/
drwxr-xr-x root/root         0 2013-10-21 11:32 usr/libexec/gcc/x86_64-slackware-linux/4.8.2/
-rwxr-xr-x root/root  13501400 2013-10-21 11:32 usr/libexec/gcc/x86_64-slackware-linux/4.8.2/go1
drwxr-xr-x root/root         0 2013-10-21 11:37 usr/lib/
-rwxr-xr-x root/root       948 2013-10-21 11:30 usr/lib/libgo.la
-rwxr-xr-x root/root   9045760 2013-10-21 11:32 usr/lib/libgo.so.4.0.0
drwxr-xr-x root/root         0 2013-10-21 11:28 usr/lib/go/
drwxr-xr-x root/root         0 2013-10-21 11:28 usr/lib/go/4.8.2/
drwxr-xr-x root/root         0 2013-10-21 11:28 usr/lib/go/4.8.2/x86_64-slackware-linux/
drwxr-xr-x root/root         0 2013-10-21 11:28 usr/lib/go/4.8.2/x86_64-slackware-linux/io/
-rw-r--r-- root/root      7953 2013-10-21 11:28 usr/lib/go/4.8.2/x86_64-slackware-linux/io/ioutil.gox
-rw-r--r-- root/root      5165 2013-10-21 11:28 usr/lib/go/4.8.2/x86_64-slackware-linux/strings.gox
drwxr-xr-x root/root         0 2013-10-21 11:28 usr/lib/go/4.8.2/x86_64-slackware-linux/runtime/
-rw-r--r-- root/root      4753 2013-10-21 11:28 usr/lib/go/4.8.2/x86_64-slackware-linux/runtime/debug.gox
-rw-r--r-- root/root      2129 2013-10-21 11:28 usr/lib/go/4.8.2/x86_64-slackware-linux/runtime/pprof.gox
-rw-r--r-- root/root     12029 2013-10-21 11:28 usr/lib/go/4.8.2/x86_64-slackware-linux/reflect.gox
drwxr-xr-x root/root         0 2013-10-21 11:28 usr/lib/go/4.8.2/x86_64-slackware-linux/container/
-rw-r--r-- root/root       905 2013-10-21 11:28 usr/lib/go/4.8.2/x86_64-slackware-linux/container/heap.gox
-rw-r--r-- root/root      1153 2013-10-21 11:28 usr/lib/go/4.8.2/x86_64-slackware-linux/container/ring.gox
-rw-r--r-- root/root      2137 2013-10-21 11:28 usr/lib/go/4.8.2/x86_64-slackware-linux/container/list.gox
drwxr-xr-x root/root         0 2013-10-21 11:28 usr/lib/go/4.8.2/x86_64-slackware-linux/unicode/
-rw-r--r-- root/root       721 2013-10-21 11:28 usr/lib/go/4.8.2/x86_64-slackware-linux/unicode/utf16.gox
-rw-r--r-- root/root      1325 2013-10-21 11:28 usr/lib/go/4.8.2/x86_64-slackware-linux/unicode/utf8.gox
-rw-r--r-- root/root      6829 2013-10-21 11:28 usr/lib/go/4.8.2/x86_64-slackware-linux/unicode.gox
drwxr-xr-x root/root         0 2013-10-21 11:28 usr/lib/go/4.8.2/x86_64-slackware-linux/encoding/
-rw-r--r-- root/root      1601 2013-10-21 11:28 usr/lib/go/4.8.2/x86_64-slackware-linux/encoding/hex.gox
-rw-r--r-- root/root      2249 2013-10-21 11:28 usr/lib/go/4.8.2/x86_64-slackware-linux/encoding/base64.gox
-rw-r--r-- root/root      2609 2013-10-21 11:28 usr/lib/go/4.8.2/x86_64-slackware-linux/encoding/asn1.gox
-rw-r--r-- root/root     24181 2013-10-21 11:28 usr/lib/go/4.8.2/x86_64-slackware-linux/encoding/gob.gox
-rw-r--r-- root/root     19601 2013-10-21 11:28 usr/lib/go/4.8.2/x86_64-slackware-linux/encoding/xml.gox
-rw-r--r-- root/root      6901 2013-10-21 11:28 usr/lib/go/4.8.2/x86_64-slackware-linux/encoding/csv.gox
-rw-r--r-- root/root      2249 2013-10-21 11:28 usr/lib/go/4.8.2/x86_64-slackware-linux/encoding/base32.gox
-rw-r--r-- root/root      1305 2013-10-21 11:28 usr/lib/go/4.8.2/x86_64-slackware-linux/encoding/ascii85.gox
-rw-r--r-- root/root      3353 2013-10-21 11:28 usr/lib/go/4.8.2/x86_64-slackware-linux/encoding/binary.gox
-rw-r--r-- root/root     18405 2013-10-21 11:28 usr/lib/go/4.8.2/x86_64-slackware-linux/encoding/json.gox
-rw-r--r-- root/root      1189 2013-10-21 11:28 usr/lib/go/4.8.2/x86_64-slackware-linux/encoding/pem.gox
-rw-r--r-- root/root      1017 2013-10-21 11:28 usr/lib/go/4.8.2/x86_64-slackware-linux/path.gox
drwxr-xr-x root/root         0 2013-10-21 11:28 usr/lib/go/4.8.2/x86_64-slackware-linux/compress/
-rw-r--r-- root/root       817 2013-10-21 11:28 usr/lib/go/4.8.2/x86_64-slackware-linux/compress/bzip2.gox
-rw-r--r-- root/root      1445 2013-10-21 11:28 usr/lib/go/4.8.2/x86_64-slackware-linux/compress/lzw.gox
-rw-r--r-- root/root      7577 2013-10-21 11:28 usr/lib/go/4.8.2/x86_64-slackware-linux/compress/zlib.gox
-rw-r--r-- root/root     11877 2013-10-21 11:28 usr/lib/go/4.8.2/x86_64-slackware-linux/compress/gzip.gox
-rw-r--r-- root/root      7417 2013-10-21 11:28 usr/lib/go/4.8.2/x86_64-slackware-linux/compress/flate.gox
drwxr-xr-x root/root         0 2013-10-21 11:28 usr/lib/go/4.8.2/x86_64-slackware-linux/hash/
-rw-r--r-- root/root       905 2013-10-21 11:28 usr/lib/go/4.8.2/x86_64-slackware-linux/hash/adler32.gox
-rw-r--r-- root/root      1357 2013-10-21 11:28 usr/lib/go/4.8.2/x86_64-slackware-linux/hash/crc32.gox
-rw-r--r-- root/root       969 2013-10-21 11:28 usr/lib/go/4.8.2/x86_64-slackware-linux/hash/fnv.gox
-rw-r--r-- root/root      1181 2013-10-21 11:28 usr/lib/go/4.8.2/x86_64-slackware-linux/hash/crc64.gox
drwxr-xr-x root/root         0 2013-10-21 11:28 usr/lib/go/4.8.2/x86_64-slackware-linux/path/
-rw-r--r-- root/root      5849 2013-10-21 11:28 usr/lib/go/4.8.2/x86_64-slackware-linux/path/filepath.gox
-rw-r--r-- root/root       889 2013-10-21 11:28 usr/lib/go/4.8.2/x86_64-slackware-linux/hash.gox
drwxr-xr-x root/root         0 2013-10-21 11:28 usr/lib/go/4.8.2/x86_64-slackware-linux/mime/
-rw-r--r-- root/root      8505 2013-10-21 11:28 usr/lib/go/4.8.2/x86_64-slackware-linux/mime/multipart.gox
drwxr-xr-x root/root         0 2013-10-21 11:28 usr/lib/go/4.8.2/x86_64-slackware-linux/html/
-rw-r--r-- root/root     21869 2013-10-21 11:28 usr/lib/go/4.8.2/x86_64-slackware-linux/html/template.gox
drwxr-xr-x root/root         0 2013-10-21 11:28 usr/lib/go/4.8.2/x86_64-slackware-linux/log/
-rw-r--r-- root/root      8497 2013-10-21 11:28 usr/lib/go/4.8.2/x86_64-slackware-linux/log/syslog.gox
drwxr-xr-x root/root         0 2013-10-21 11:28 usr/lib/go/4.8.2/x86_64-slackware-linux/testing/
-rw-r--r-- root/root     10785 2013-10-21 11:28 usr/lib/go/4.8.2/x86_64-slackware-linux/testing/quick.gox
-rw-r--r-- root/root      1325 2013-10-21 11:28 usr/lib/go/4.8.2/x86_64-slackware-linux/testing/iotest.gox
-rw-r--r-- root/root      7457 2013-10-21 11:28 usr/lib/go/4.8.2/x86_64-slackware-linux/time.gox
-rw-r--r-- root/root      4533 2013-10-21 11:28 usr/lib/go/4.8.2/x86_64-slackware-linux/expvar.gox
-rw-r--r-- root/root     92001 2013-10-21 11:28 usr/lib/go/4.8.2/x86_64-slackware-linux/syscall.gox
drwxr-xr-x root/root         0 2013-10-21 11:28 usr/lib/go/4.8.2/x86_64-slackware-linux/crypto/
-rw-r--r-- root/root       881 2013-10-21 11:28 usr/lib/go/4.8.2/x86_64-slackware-linux/crypto/sha1.gox
-rw-r--r-- root/root       921 2013-10-21 11:28 usr/lib/go/4.8.2/x86_64-slackware-linux/crypto/hmac.gox
-rw-r--r-- root/root       969 2013-10-21 11:28 usr/lib/go/4.8.2/x86_64-slackware-linux/crypto/md5.gox
-rw-r--r-- root/root      1137 2013-10-21 11:28 usr/lib/go/4.8.2/x86_64-slackware-linux/crypto/des.gox
-rw-r--r-- root/root      1093 2013-10-21 11:28 usr/lib/go/4.8.2/x86_64-slackware-linux/crypto/rc4.gox
-rw-r--r-- root/root       937 2013-10-21 11:28 usr/lib/go/4.8.2/x86_64-slackware-linux/crypto/sha512.gox
-rw-r--r-- root/root      9153 2013-10-21 11:28 usr/lib/go/4.8.2/x86_64-slackware-linux/crypto/rand.gox
-rw-r--r-- root/root       933 2013-10-21 11:28 usr/lib/go/4.8.2/x86_64-slackware-linux/crypto/sha256.gox
-rw-r--r-- root/root     10585 2013-10-21 11:28 usr/lib/go/4.8.2/x86_64-slackware-linux/crypto/elliptic.gox
-rw-r--r-- root/root     34393 2013-10-21 11:28 usr/lib/go/4.8.2/x86_64-slackware-linux/crypto/tls.gox
-rw-r--r-- root/root       785 2013-10-21 11:28 usr/lib/go/4.8.2/x86_64-slackware-linux/crypto/subtle.gox
-rw-r--r-- root/root     27257 2013-10-21 11:28 usr/lib/go/4.8.2/x86_64-slackware-linux/crypto/x509.gox
-rw-r--r-- root/root      2237 2013-10-21 11:28 usr/lib/go/4.8.2/x86_64-slackware-linux/crypto/cipher.gox
-rw-r--r-- root/root     11245 2013-10-21 11:28 usr/lib/go/4.8.2/x86_64-slackware-linux/crypto/rsa.gox
drwxr-xr-x root/root         0 2013-10-21 11:28 usr/lib/go/4.8.2/x86_64-slackware-linux/crypto/x509/
-rw-r--r-- root/root     14465 2013-10-21 11:28 usr/lib/go/4.8.2/x86_64-slackware-linux/crypto/x509/pkix.gox
-rw-r--r-- root/root       949 2013-10-21 11:28 usr/lib/go/4.8.2/x86_64-slackware-linux/crypto/aes.gox
-rw-r--r-- root/root      9605 2013-10-21 11:28 usr/lib/go/4.8.2/x86_64-slackware-linux/crypto/dsa.gox
-rw-r--r-- root/root     11045 2013-10-21 11:28 usr/lib/go/4.8.2/x86_64-slackware-linux/crypto/ecdsa.gox
-rw-r--r-- root/root     26741 2013-10-21 11:28 usr/lib/go/4.8.2/x86_64-slackware-linux/net.gox
-rw-r--r-- root/root     11889 2013-10-21 11:28 usr/lib/go/4.8.2/x86_64-slackware-linux/image.gox
drwxr-xr-x root/root         0 2013-10-21 11:28 usr/lib/go/4.8.2/x86_64-slackware-linux/go/
-rw-r--r-- root/root     10293 2013-10-21 11:28 usr/lib/go/4.8.2/x86_64-slackware-linux/go/build.gox
-rw-r--r-- root/root     11597 2013-10-21 11:28 usr/lib/go/4.8.2/x86_64-slackware-linux/go/parser.gox
-rw-r--r-- root/root      8365 2013-10-21 11:28 usr/lib/go/4.8.2/x86_64-slackware-linux/go/doc.gox
-rw-r--r-- root/root      6857 2013-10-21 11:28 usr/lib/go/4.8.2/x86_64-slackware-linux/go/scanner.gox
-rw-r--r-- root/root     33997 2013-10-21 11:28 usr/lib/go/4.8.2/x86_64-slackware-linux/go/ast.gox
-rw-r--r-- root/root      5465 2013-10-21 11:28 usr/lib/go/4.8.2/x86_64-slackware-linux/go/printer.gox
-rw-r--r-- root/root      6441 2013-10-21 11:28 usr/lib/go/4.8.2/x86_64-slackware-linux/go/token.gox
-rw-r--r-- root/root      4369 2013-10-21 11:28 usr/lib/go/4.8.2/x86_64-slackware-linux/go/format.gox
-rw-r--r-- root/root      6481 2013-10-21 11:28 usr/lib/go/4.8.2/x86_64-slackware-linux/log.gox
-rw-r--r-- root/root      4761 2013-10-21 11:28 usr/lib/go/4.8.2/x86_64-slackware-linux/bufio.gox
drwxr-xr-x root/root         0 2013-10-21 11:28 usr/lib/go/4.8.2/x86_64-slackware-linux/archive/
-rw-r--r-- root/root      8069 2013-10-21 11:28 usr/lib/go/4.8.2/x86_64-slackware-linux/archive/tar.gox
-rw-r--r-- root/root     11073 2013-10-21 11:28 usr/lib/go/4.8.2/x86_64-slackware-linux/archive/zip.gox
-rw-r--r-- root/root      7369 2013-10-21 11:28 usr/lib/go/4.8.2/x86_64-slackware-linux/bytes.gox
drwxr-xr-x root/root         0 2013-10-21 11:28 usr/lib/go/4.8.2/x86_64-slackware-linux/regexp/
-rw-r--r-- root/root      5409 2013-10-21 11:28 usr/lib/go/4.8.2/x86_64-slackware-linux/regexp/syntax.gox
-rw-r--r-- root/root      4973 2013-10-21 11:28 usr/lib/go/4.8.2/x86_64-slackware-linux/math.gox
drwxr-xr-x root/root         0 2013-10-21 11:28 usr/lib/go/4.8.2/x86_64-slackware-linux/net/
-rw-r--r-- root/root     29493 2013-10-21 11:28 usr/lib/go/4.8.2/x86_64-slackware-linux/net/smtp.gox
-rw-r--r-- root/root      5749 2013-10-21 11:28 usr/lib/go/4.8.2/x86_64-slackware-linux/net/mail.gox
-rw-r--r-- root/root     45721 2013-10-21 11:28 usr/lib/go/4.8.2/x86_64-slackware-linux/net/rpc.gox
drwxr-xr-x root/root         0 2013-10-21 11:28 usr/lib/go/4.8.2/x86_64-slackware-linux/net/rpc/
-rw-r--r-- root/root      4389 2013-10-21 11:28 usr/lib/go/4.8.2/x86_64-slackware-linux/net/rpc/jsonrpc.gox
-rw-r--r-- root/root      7777 2013-10-21 11:28 usr/lib/go/4.8.2/x86_64-slackware-linux/net/textproto.gox
-rw-r--r-- root/root      2969 2013-10-21 11:28 usr/lib/go/4.8.2/x86_64-slackware-linux/net/url.gox
-rw-r--r-- root/root     59757 2013-10-21 11:28 usr/lib/go/4.8.2/x86_64-slackware-linux/net/http.gox
drwxr-xr-x root/root         0 2013-10-21 11:28 usr/lib/go/4.8.2/x86_64-slackware-linux/net/http/
-rw-r--r-- root/root     47481 2013-10-21 11:28 usr/lib/go/4.8.2/x86_64-slackware-linux/net/http/httptest.gox
-rw-r--r-- root/root     33117 2013-10-21 11:28 usr/lib/go/4.8.2/x86_64-slackware-linux/net/http/cgi.gox
-rw-r--r-- root/root     31573 2013-10-21 11:28 usr/lib/go/4.8.2/x86_64-slackware-linux/net/http/fcgi.gox
-rw-r--r-- root/root     31245 2013-10-21 11:28 usr/lib/go/4.8.2/x86_64-slackware-linux/net/http/pprof.gox
-rw-r--r-- root/root     35689 2013-10-21 11:28 usr/lib/go/4.8.2/x86_64-slackware-linux/net/http/httputil.gox
-rw-r--r-- root/root      8993 2013-10-21 11:28 usr/lib/go/4.8.2/x86_64-slackware-linux/net/http/cookiejar.gox
-rw-r--r-- root/root      1969 2013-10-21 11:28 usr/lib/go/4.8.2/x86_64-slackware-linux/sync.gox
drwxr-xr-x root/root         0 2013-10-21 11:28 usr/lib/go/4.8.2/x86_64-slackware-linux/debug/
-rw-r--r-- root/root     19693 2013-10-21 11:28 usr/lib/go/4.8.2/x86_64-slackware-linux/debug/dwarf.gox
-rw-r--r-- root/root     36665 2013-10-21 11:28 usr/lib/go/4.8.2/x86_64-slackware-linux/debug/elf.gox
-rw-r--r-- root/root     16461 2013-10-21 11:28 usr/lib/go/4.8.2/x86_64-slackware-linux/debug/macho.gox
-rw-r--r-- root/root      3965 2013-10-21 11:28 usr/lib/go/4.8.2/x86_64-slackware-linux/debug/gosym.gox
-rw-r--r-- root/root     13133 2013-10-21 11:28 usr/lib/go/4.8.2/x86_64-slackware-linux/debug/pe.gox
drwxr-xr-x root/root         0 2013-10-21 11:28 usr/lib/go/4.8.2/x86_64-slackware-linux/text/
-rw-r--r-- root/root      5405 2013-10-21 11:28 usr/lib/go/4.8.2/x86_64-slackware-linux/text/scanner.gox
drwxr-xr-x root/root         0 2013-10-21 11:28 usr/lib/go/4.8.2/x86_64-slackware-linux/text/template/
-rw-r--r-- root/root     12797 2013-10-21 11:28 usr/lib/go/4.8.2/x86_64-slackware-linux/text/template/parse.gox
-rw-r--r-- root/root     19033 2013-10-21 11:28 usr/lib/go/4.8.2/x86_64-slackware-linux/text/template.gox
-rw-r--r-- root/root      4805 2013-10-21 11:28 usr/lib/go/4.8.2/x86_64-slackware-linux/text/tabwriter.gox
-rw-r--r-- root/root      1265 2013-10-21 11:28 usr/lib/go/4.8.2/x86_64-slackware-linux/crypto.gox
-rw-r--r-- root/root      2937 2013-10-21 11:28 usr/lib/go/4.8.2/x86_64-slackware-linux/strconv.gox
drwxr-xr-x root/root         0 2013-10-21 11:28 usr/lib/go/4.8.2/x86_64-slackware-linux/image/
-rw-r--r-- root/root      2697 2013-10-21 11:28 usr/lib/go/4.8.2/x86_64-slackware-linux/image/draw.gox
-rw-r--r-- root/root      3797 2013-10-21 11:28 usr/lib/go/4.8.2/x86_64-slackware-linux/image/gif.gox
-rw-r--r-- root/root      3137 2013-10-21 11:28 usr/lib/go/4.8.2/x86_64-slackware-linux/image/jpeg.gox
-rw-r--r-- root/root      3313 2013-10-21 11:28 usr/lib/go/4.8.2/x86_64-slackware-linux/image/png.gox
-rw-r--r-- root/root      2821 2013-10-21 11:28 usr/lib/go/4.8.2/x86_64-slackware-linux/image/color.gox
-rw-r--r-- root/root     15213 2013-10-21 11:28 usr/lib/go/4.8.2/x86_64-slackware-linux/os.gox
-rw-r--r-- root/root      9025 2013-10-21 11:28 usr/lib/go/4.8.2/x86_64-slackware-linux/testing.gox
-rw-r--r-- root/root      6709 2013-10-21 11:28 usr/lib/go/4.8.2/x86_64-slackware-linux/flag.gox
drwxr-xr-x root/root         0 2013-10-21 11:28 usr/lib/go/4.8.2/x86_64-slackware-linux/exp/
-rw-r--r-- root/root      8637 2013-10-21 11:28 usr/lib/go/4.8.2/x86_64-slackware-linux/exp/proxy.gox
-rw-r--r-- root/root      3769 2013-10-21 11:28 usr/lib/go/4.8.2/x86_64-slackware-linux/exp/terminal.gox
drwxr-xr-x root/root         0 2013-10-21 11:28 usr/lib/go/4.8.2/x86_64-slackware-linux/os/
-rw-r--r-- root/root     12485 2013-10-21 11:28 usr/lib/go/4.8.2/x86_64-slackware-linux/os/exec.gox
-rw-r--r-- root/root      1433 2013-10-21 11:28 usr/lib/go/4.8.2/x86_64-slackware-linux/os/user.gox
-rw-r--r-- root/root       969 2013-10-21 11:28 usr/lib/go/4.8.2/x86_64-slackware-linux/os/signal.gox
-rw-r--r-- root/root      3761 2013-10-21 11:28 usr/lib/go/4.8.2/x86_64-slackware-linux/fmt.gox
-rw-r--r-- root/root      2157 2013-10-21 11:28 usr/lib/go/4.8.2/x86_64-slackware-linux/sort.gox
drwxr-xr-x root/root         0 2013-10-21 11:28 usr/lib/go/4.8.2/x86_64-slackware-linux/sync/
-rw-r--r-- root/root      2217 2013-10-21 11:28 usr/lib/go/4.8.2/x86_64-slackware-linux/sync/atomic.gox
drwxr-xr-x root/root         0 2013-10-21 11:28 usr/lib/go/4.8.2/x86_64-slackware-linux/database/
-rw-r--r-- root/root     10941 2013-10-21 11:28 usr/lib/go/4.8.2/x86_64-slackware-linux/database/sql.gox
drwxr-xr-x root/root         0 2013-10-21 11:28 usr/lib/go/4.8.2/x86_64-slackware-linux/database/sql/
-rw-r--r-- root/root      4341 2013-10-21 11:28 usr/lib/go/4.8.2/x86_64-slackware-linux/database/sql/driver.gox
-rw-r--r-- root/root       461 2013-10-21 11:28 usr/lib/go/4.8.2/x86_64-slackware-linux/errors.gox
-rw-r--r-- root/root      1261 2013-10-21 11:28 usr/lib/go/4.8.2/x86_64-slackware-linux/mime.gox
-rw-r--r-- root/root      5945 2013-10-21 11:28 usr/lib/go/4.8.2/x86_64-slackware-linux/io.gox
drwxr-xr-x root/root         0 2013-10-21 11:28 usr/lib/go/4.8.2/x86_64-slackware-linux/old/
-rw-r--r-- root/root     15505 2013-10-21 11:28 usr/lib/go/4.8.2/x86_64-slackware-linux/old/template.gox
-rw-r--r-- root/root      5885 2013-10-21 11:28 usr/lib/go/4.8.2/x86_64-slackware-linux/old/regexp.gox
-rw-r--r-- root/root       705 2013-10-21 11:28 usr/lib/go/4.8.2/x86_64-slackware-linux/html.gox
-rw-r--r-- root/root     10161 2013-10-21 11:28 usr/lib/go/4.8.2/x86_64-slackware-linux/regexp.gox
drwxr-xr-x root/root         0 2013-10-21 11:28 usr/lib/go/4.8.2/x86_64-slackware-linux/index/
-rw-r--r-- root/root     10553 2013-10-21 11:28 usr/lib/go/4.8.2/x86_64-slackware-linux/index/suffixarray.gox
-rw-r--r-- root/root      4693 2013-10-21 11:28 usr/lib/go/4.8.2/x86_64-slackware-linux/runtime.gox
drwxr-xr-x root/root         0 2013-10-21 11:28 usr/lib/go/4.8.2/x86_64-slackware-linux/math/
-rw-r--r-- root/root     10393 2013-10-21 11:28 usr/lib/go/4.8.2/x86_64-slackware-linux/math/big.gox
-rw-r--r-- root/root      1513 2013-10-21 11:28 usr/lib/go/4.8.2/x86_64-slackware-linux/math/cmplx.gox
-rw-r--r-- root/root      2661 2013-10-21 11:28 usr/lib/go/4.8.2/x86_64-slackware-linux/math/rand.gox
-rw-r--r-- root/root  15285156 2013-10-21 11:32 usr/lib/libgo.a
-rw-r--r-- root/root      2080 2013-10-21 11:32 usr/lib/libgobegin.a
drwxr-xr-x root/root         0 2013-10-21 09:27 usr/doc/
drwxr-xr-x root/root         0 2013-10-21 09:31 usr/doc/gcc-4.8.2/
drwxr-xr-x root/root         0 2013-10-21 09:31 usr/doc/gcc-4.8.2/gcc/
drwxr-xr-x root/root         0 2013-10-21 09:31 usr/doc/gcc-4.8.2/gcc/go/
-rw-r--r-- root/root      1303 2010-12-06 23:27 usr/doc/gcc-4.8.2/gcc/go/PATENTS
-rw-r--r-- root/root       194 2010-11-03 19:32 usr/doc/gcc-4.8.2/gcc/go/README.gcc
-rw-r--r-- root/root      2031 2011-04-23 02:04 usr/doc/gcc-4.8.2/gcc/go/README
-rw-r--r-- root/root      1479 2010-12-06 23:27 usr/doc/gcc-4.8.2/gcc/go/LICENSE
-rw-r--r-- root/root     20849 2013-10-16 09:19 usr/doc/gcc-4.8.2/gcc/go/ChangeLog
drwxr-xr-x root/root         0 2013-10-21 11:30 usr/man/
drwxr-xr-x root/root         0 2013-10-21 11:30 usr/man/man1/
-rw-r--r-- root/root      3899 2013-10-21 11:27 usr/man/man1/gccgo.1.gz
drwxr-xr-x root/root         0 2013-10-21 11:37 install/
-rw-r--r-- root/root      1033 2013-10-21 09:27 install/slack-desc
-rw-r--r-- root/root       340 2013-10-21 11:37 install/doinst.sh


