++========================================
||
||   Package:  ./gcc-objc-4.8.2_multilib-x86_64-1alien.txz
||
++========================================
drwxr-xr-x root/root         0 2013-10-21 11:37 ./
drwxr-xr-x root/root         0 2013-10-21 11:30 usr/
drwxr-xr-x root/root         0 2013-10-21 11:37 usr/lib64/
-rw-r--r-- root/root    262054 2013-10-21 11:32 usr/lib64/libobjc.a
-rw-r--r-- root/root    553202 2013-10-21 11:32 usr/lib64/libobjc_gc.a
-rwxr-xr-x root/root    109104 2013-10-21 11:32 usr/lib64/libobjc.so.4.0.0
-rwxr-xr-x root/root       972 2013-10-21 11:30 usr/lib64/libobjc_gc.la
-rwxr-xr-x root/root       941 2013-10-21 11:30 usr/lib64/libobjc.la
-rwxr-xr-x root/root    265288 2013-10-21 11:32 usr/lib64/libobjc_gc.so.4.0.0
drwxr-xr-x root/root         0 2013-10-21 11:30 usr/lib64/gcc/
drwxr-xr-x root/root         0 2013-10-21 11:30 usr/lib64/gcc/x86_64-slackware-linux/
drwxr-xr-x root/root         0 2013-10-21 11:30 usr/lib64/gcc/x86_64-slackware-linux/4.8.2/
drwxr-xr-x root/root         0 2013-10-21 11:30 usr/lib64/gcc/x86_64-slackware-linux/4.8.2/include/
drwxr-xr-x root/root         0 2013-10-21 11:28 usr/lib64/gcc/x86_64-slackware-linux/4.8.2/include/objc/
-rw-r--r-- root/root      4828 2013-10-21 11:28 usr/lib64/gcc/x86_64-slackware-linux/4.8.2/include/objc/objc-exception.h
-rw-r--r-- root/root     52221 2013-10-21 11:28 usr/lib64/gcc/x86_64-slackware-linux/4.8.2/include/objc/runtime.h
-rw-r--r-- root/root      1476 2013-10-21 11:28 usr/lib64/gcc/x86_64-slackware-linux/4.8.2/include/objc/objc-decls.h
-rw-r--r-- root/root      2018 2013-10-21 11:28 usr/lib64/gcc/x86_64-slackware-linux/4.8.2/include/objc/Object.h
-rw-r--r-- root/root      2342 2013-10-21 11:28 usr/lib64/gcc/x86_64-slackware-linux/4.8.2/include/objc/objc-sync.h
-rw-r--r-- root/root      3986 2013-10-21 11:28 usr/lib64/gcc/x86_64-slackware-linux/4.8.2/include/objc/thr.h
-rw-r--r-- root/root      5183 2013-10-21 11:28 usr/lib64/gcc/x86_64-slackware-linux/4.8.2/include/objc/message.h
-rw-r--r-- root/root      1541 2013-10-21 11:28 usr/lib64/gcc/x86_64-slackware-linux/4.8.2/include/objc/Protocol.h
-rw-r--r-- root/root      6360 2013-10-21 11:28 usr/lib64/gcc/x86_64-slackware-linux/4.8.2/include/objc/objc.h
-rw-r--r-- root/root      1392 2013-10-21 11:28 usr/lib64/gcc/x86_64-slackware-linux/4.8.2/include/objc/NXConstStr.h
drwxr-xr-x root/root         0 2013-10-21 11:30 usr/libexec/
drwxr-xr-x root/root         0 2013-10-21 11:30 usr/libexec/gcc/
drwxr-xr-x root/root         0 2013-10-21 11:30 usr/libexec/gcc/x86_64-slackware-linux/
drwxr-xr-x root/root         0 2013-10-21 11:32 usr/libexec/gcc/x86_64-slackware-linux/4.8.2/
-rwxr-xr-x root/root  12847560 2013-10-21 11:32 usr/libexec/gcc/x86_64-slackware-linux/4.8.2/cc1obj
drwxr-xr-x root/root         0 2013-10-21 11:37 usr/lib/
-rw-r--r-- root/root    184866 2013-10-21 11:32 usr/lib/libobjc.a
-rw-r--r-- root/root    419194 2013-10-21 11:32 usr/lib/libobjc_gc.a
-rwxr-xr-x root/root    106492 2013-10-21 11:32 usr/lib/libobjc.so.4.0.0
-rwxr-xr-x root/root       970 2013-10-21 11:30 usr/lib/libobjc_gc.la
-rwxr-xr-x root/root       939 2013-10-21 11:30 usr/lib/libobjc.la
-rwxr-xr-x root/root    252320 2013-10-21 11:32 usr/lib/libobjc_gc.so.4.0.0
drwxr-xr-x root/root         0 2013-10-21 09:27 usr/doc/
drwxr-xr-x root/root         0 2013-10-21 09:31 usr/doc/gcc-4.8.2/
drwxr-xr-x root/root         0 2013-10-21 09:31 usr/doc/gcc-4.8.2/gcc/
drwxr-xr-x root/root         0 2013-10-21 09:31 usr/doc/gcc-4.8.2/gcc/objc/
-rw-r--r-- root/root     39316 2013-10-16 09:20 usr/doc/gcc-4.8.2/gcc/objc/ChangeLog
drwxr-xr-x root/root         0 2013-10-21 11:37 install/
-rw-r--r-- root/root       962 2013-10-21 09:27 install/slack-desc
-rw-r--r-- root/root       764 2013-10-21 11:37 install/doinst.sh


