++========================================
||
||   Package:  ./slackware64-compat32/n-compat32/gnutls-compat32-3.3.17.1-x86_64-1_slack14.1compat32.txz
||
++========================================
drwxr-xr-x root/root         0 2015-09-05 22:52 ./
drwxr-xr-x root/root         0 2015-09-05 22:52 install/
-rw-r--r-- root/root       916 2015-09-05 22:52 install/doinst.sh
-rw-r--r-- root/root      1120 2015-09-05 22:52 install/slack-desc
drwxr-xr-x root/root         0 2015-09-05 22:52 usr/
drwxr-xr-x root/root         0 2015-08-21 21:41 usr/lib/
drwxr-xr-x root/root         0 2015-08-21 21:41 usr/lib/pkgconfig/
-rw-r--r-- root/root       735 2015-08-21 21:41 usr/lib/pkgconfig/gnutls.pc
drwxr-xr-x root/root         0 2015-08-21 21:41 usr/lib/guile/
drwxr-xr-x root/root         0 2015-08-21 21:41 usr/lib/guile/2.0/
-rwxr-xr-x root/root      1203 2015-08-21 21:41 usr/lib/guile/2.0/guile-gnutls-v-2.la
-rwxr-xr-x root/root    179504 2015-08-21 21:41 usr/lib/guile/2.0/guile-gnutls-v-2.so.0.0.0
-rwxr-xr-x root/root     84624 2015-08-21 21:41 usr/lib/libgnutls-openssl.so.27.0.2
-rwxr-xr-x root/root      1045 2015-08-21 21:41 usr/lib/libgnutlsxx.la
-rwxr-xr-x root/root       991 2015-08-21 21:41 usr/lib/libgnutls.la
-rwxr-xr-x root/root      1059 2015-08-21 21:41 usr/lib/libgnutls-openssl.la
-rwxr-xr-x root/root   1182284 2015-08-21 21:41 usr/lib/libgnutls.so.28.41.9
-rwxr-xr-x root/root     60084 2015-08-21 21:41 usr/lib/libgnutlsxx.so.28.1.0
drwxr-xr-x root/root         0 2015-09-05 22:52 usr/bin/
drwxr-xr-x root/root         0 2015-09-05 22:52 usr/bin/32/
-rwxr-xr-x root/root     18616 2015-08-21 21:41 usr/bin/32/crywrap
-rwxr-xr-x root/root    116012 2015-08-21 21:41 usr/bin/32/ocsptool
-rwxr-xr-x root/root    224560 2015-08-21 21:41 usr/bin/32/certtool
-rwxr-xr-x root/root    103404 2015-08-21 21:41 usr/bin/32/srptool
-rwxr-xr-x root/root    148492 2015-08-21 21:41 usr/bin/32/gnutls-cli-debug
-rwxr-xr-x root/root    168844 2015-08-21 21:41 usr/bin/32/gnutls-cli
-rwxr-xr-x root/root     98540 2015-08-21 21:41 usr/bin/32/psktool
-rwxr-xr-x root/root    147052 2015-08-21 21:41 usr/bin/32/gnutls-serv
drwxr-xr-x root/root         0 2015-08-21 21:41 usr/doc/
drwxr-xr-x root/root         0 2015-09-05 22:52 usr/doc/gnutls-3.3.17.1/
-rw-r--r-- root/root     26432 2015-03-23 08:19 usr/doc/gnutls-3.3.17.1/COPYING.LESSER
-rw-r--r-- root/root      1687 2015-03-23 08:19 usr/doc/gnutls-3.3.17.1/AUTHORS
-rw-r--r-- root/root      9615 2015-03-23 08:19 usr/doc/gnutls-3.3.17.1/THANKS
-rw-r--r-- root/root     35147 2014-07-29 22:22 usr/doc/gnutls-3.3.17.1/COPYING


