++========================================
||
||   Package:  ./slackware64-compat32/n-compat32/libgpg-error-compat32-1.11-x86_64-1compat32.txz
||
++========================================
drwxr-xr-x root/root         0 2013-07-13 15:02 ./
drwxr-xr-x root/root         0 2013-07-13 15:02 usr/
drwxr-xr-x root/root         0 2013-07-13 15:02 usr/bin/
drwxr-xr-x root/root         0 2013-07-13 15:02 usr/bin/32/
-rwxr-xr-x root/root      1907 2013-07-10 08:26 usr/bin/32/gpg-error-config
-rwxr-xr-x root/root     17028 2013-07-10 08:26 usr/bin/32/gpg-error
drwxr-xr-x root/root         0 2013-07-10 08:26 usr/doc/
drwxr-xr-x root/root         0 2013-07-13 15:02 usr/doc/libgpg-error-1.11/
-rw-r--r-- root/root     18002 2010-12-23 17:56 usr/doc/libgpg-error-1.11/COPYING
-rw-r--r-- root/root     26527 2010-12-23 17:56 usr/doc/libgpg-error-1.11/COPYING.LIB
-rw-r--r-- root/root      1802 2013-02-25 10:10 usr/doc/libgpg-error-1.11/AUTHORS
-rw-r--r-- root/root       628 2010-12-23 17:56 usr/doc/libgpg-error-1.11/THANKS
drwxr-xr-x root/root         0 2013-07-10 08:26 usr/lib/
-rw-r--r-- root/root     17182 2013-07-10 08:26 usr/lib/libgpg-error.a
-rwxr-xr-x root/root       961 2013-07-10 08:26 usr/lib/libgpg-error.la
drwxr-xr-x root/root         0 2013-07-13 15:02 install/
-rw-r--r-- root/root       430 2013-07-13 15:02 install/doinst.sh
-rw-r--r-- root/root      1026 2013-07-13 15:02 install/slack-desc
drwxr-xr-x root/root         0 2013-07-10 08:26 lib/
-rwxr-xr-x root/root     13796 2013-07-10 08:26 lib/libgpg-error.so.0.9.0


