++========================================
||
||   Package:  ./slackware64-compat32/n-compat32/curl-compat32-7.50.1-x86_64-1_slack14.1compat32.txz
||
++========================================
drwxr-xr-x root/root         0 2016-08-12 14:14 ./
drwxr-xr-x root/root         0 2016-08-12 14:14 install/
-rw-r--r-- root/root       178 2016-08-12 14:14 install/doinst.sh
-rw-r--r-- root/root      1180 2016-08-12 14:14 install/slack-desc
drwxr-xr-x root/root         0 2016-08-12 14:14 usr/
drwxr-xr-x root/root         0 2016-08-06 18:19 usr/lib/
drwxr-xr-x root/root         0 2016-08-06 18:19 usr/lib/pkgconfig/
-rw-r--r-- root/root      1627 2016-08-06 18:19 usr/lib/pkgconfig/libcurl.pc
-rwxr-xr-x root/root    421176 2016-08-06 18:19 usr/lib/libcurl.so.4.4.0
-rwxr-xr-x root/root      1031 2016-08-06 18:19 usr/lib/libcurl.la
drwxr-xr-x root/root         0 2016-08-12 14:14 usr/bin/
drwxr-xr-x root/root         0 2016-08-12 14:14 usr/bin/32/
-rwxr-xr-x root/root    161716 2016-08-06 18:19 usr/bin/32/curl
-rwxr-xr-x root/root      5067 2016-08-06 18:19 usr/bin/32/curl-config
drwxr-xr-x root/root         0 2016-08-06 18:19 usr/doc/
drwxr-xr-x root/root         0 2016-08-12 14:14 usr/doc/curl-7.50.1/
-rw-r--r-- root/root     20683 2016-08-03 08:37 usr/doc/curl-7.50.1/THANKS
-rw-r--r-- root/root      1088 2016-06-27 16:11 usr/doc/curl-7.50.1/COPYING


