++========================================
||
||   Package:  ./slackware64-compat32/n-compat32/nettle-compat32-2.7.1-x86_64-1compat32.txz
||
++========================================
drwxr-xr-x root/root         0 2013-09-08 16:56 ./
drwxr-xr-x root/root         0 2013-09-08 16:56 usr/
drwxr-xr-x root/root         0 2013-09-08 16:56 usr/bin/
drwxr-xr-x root/root         0 2013-09-08 16:56 usr/bin/32/
-rwxr-xr-x root/root     11884 2013-08-30 06:37 usr/bin/32/pkcs1-conv
-rwxr-xr-x root/root     18312 2013-08-30 06:37 usr/bin/32/sexp-conv
-rwxr-xr-x root/root      8132 2013-08-30 06:37 usr/bin/32/nettle-hash
-rwxr-xr-x root/root      4148 2013-08-30 06:37 usr/bin/32/nettle-lfib-stream
drwxr-xr-x root/root         0 2013-08-30 06:37 usr/doc/
drwxr-xr-x root/root         0 2013-09-08 16:56 usr/doc/nettle-2.7.1/
-rw-r--r-- root/root     26527 2013-05-28 16:21 usr/doc/nettle-2.7.1/COPYING.LIB
-rw-r--r-- root/root        30 2013-05-28 16:21 usr/doc/nettle-2.7.1/AUTHORS
drwxr-xr-x root/root         0 2013-08-30 06:37 usr/lib/
-rwxr-xr-x root/root    199968 2013-08-30 06:37 usr/lib/libnettle.so.4.7
drwxr-xr-x root/root         0 2013-08-30 06:37 usr/lib/pkgconfig/
-rw-r--r-- root/root       279 2013-08-30 06:37 usr/lib/pkgconfig/nettle.pc
-rw-r--r-- root/root       494 2013-08-30 06:37 usr/lib/pkgconfig/hogweed.pc
-rwxr-xr-x root/root    180916 2013-08-30 06:37 usr/lib/libhogweed.so.2.5
drwxr-xr-x root/root         0 2013-09-08 16:56 install/
-rw-r--r-- root/root       378 2013-09-08 16:56 install/doinst.sh
-rw-r--r-- root/root      1058 2013-09-08 16:56 install/slack-desc


