++========================================
||
||   Package:  ./slackware64-compat32/n-compat32/samba-compat32-4.2.14-x86_64-1_slack14.1compat32.txz
||
++========================================
drwxr-xr-x root/root         0 2016-08-12 14:14 ./
drwxr-xr-x root/root         0 2016-08-12 14:14 install/
-rw-r--r-- root/root      7899 2016-08-12 14:14 install/doinst.sh
-rw-r--r-- root/root      1135 2016-08-12 14:14 install/slack-desc
drwxr-xr-x root/root         0 2016-07-07 21:45 var/
drwxr-xr-x root/root         0 2016-07-07 21:45 var/spool/
drwxrwxrwt root/root         0 2016-07-07 21:45 var/spool/samba/
drwxr-xr-x root/root         0 2016-07-07 21:45 var/cache/
drwxr-xr-x root/root         0 2016-07-07 21:45 var/cache/samba/
drwxr-xr-x root/root         0 2016-07-07 21:45 var/lib/
drwxr-xr-x root/root         0 2016-07-07 21:45 var/lib/samba/
drwxr-xr-x root/root         0 2016-07-07 21:45 var/log/
drwxr-xr-x root/root         0 2016-07-07 21:45 var/log/samba/
drwxr-xr-x root/root         0 2016-07-07 21:45 var/run/
drwxr-xr-x root/root         0 2016-07-07 21:45 var/run/samba/
drwxr-xr-x root/root         0 2016-08-12 14:14 usr/
drwxr-xr-x root/root         0 2016-07-07 21:48 usr/lib/
-rwxr-xr-x root/root     18408 2016-07-07 21:48 usr/lib/libsmbldaphelper-samba4.so
-rwxr-xr-x root/root     91384 2016-07-07 21:48 usr/lib/libndr-nbt.so.0.0.1
drwxr-xr-x root/root         0 2016-07-07 21:48 usr/lib/ldb/
-rwxr-xr-x root/root     50368 2016-07-07 21:48 usr/lib/ldb/samldb.so
-rwxr-xr-x root/root     58560 2016-07-07 21:48 usr/lib/ldb/tdb.so
-rwxr-xr-x root/root      9408 2016-07-07 21:48 usr/lib/ldb/ranged_results.so
-rwxr-xr-x root/root     21720 2016-07-07 21:48 usr/lib/ldb/extended_dn_out.so
-rwxr-xr-x root/root      9408 2016-07-07 21:48 usr/lib/ldb/objectguid.so
-rwxr-xr-x root/root      9408 2016-07-07 21:48 usr/lib/ldb/subtree_rename.so
-rwxr-xr-x root/root     18712 2016-07-07 21:48 usr/lib/ldb/ldbsamba_extensions.so
-rwxr-xr-x root/root     21704 2016-07-07 21:48 usr/lib/ldb/simple_ldap_map.so
-rwxr-xr-x root/root     13512 2016-07-07 21:48 usr/lib/ldb/aclread.so
-rwxr-xr-x root/root     17600 2016-07-07 21:48 usr/lib/ldb/schema_data.so
-rwxr-xr-x root/root      9408 2016-07-07 21:48 usr/lib/ldb/paged_results.so
-rwxr-xr-x root/root     25792 2016-07-07 21:48 usr/lib/ldb/linked_attributes.so
-rwxr-xr-x root/root     17600 2016-07-07 21:48 usr/lib/ldb/ildap.so
-rwxr-xr-x root/root      9408 2016-07-07 21:48 usr/lib/ldb/anr.so
-rwxr-xr-x root/root     70848 2016-07-07 21:48 usr/lib/ldb/rootdse.so
-rwxr-xr-x root/root      9408 2016-07-07 21:48 usr/lib/ldb/subtree_delete.so
-rwxr-xr-x root/root      5348 2016-07-07 21:48 usr/lib/ldb/sample.so
-rwxr-xr-x root/root     25792 2016-07-07 21:48 usr/lib/ldb/dirsync.so
-rwxr-xr-x root/root     29924 2016-07-07 21:48 usr/lib/ldb/operational.so
-rwxr-xr-x root/root      5312 2016-07-07 21:48 usr/lib/ldb/simple_dn.so
-rwxr-xr-x root/root      5312 2016-07-07 21:48 usr/lib/ldb/samba_secrets.so
-rwxr-xr-x root/root     50368 2016-07-07 21:48 usr/lib/ldb/password_hash.so
-rwxr-xr-x root/root     17616 2016-07-07 21:48 usr/lib/ldb/schema_load.so
-rwxr-xr-x root/root     17612 2016-07-07 21:48 usr/lib/ldb/extended_dn_in.so
-rwxr-xr-x root/root     13504 2016-07-07 21:48 usr/lib/ldb/resolve_oids.so
-rwxr-xr-x root/root     34072 2016-07-07 21:48 usr/lib/ldb/acl.so
-rwxr-xr-x root/root      9408 2016-07-07 21:48 usr/lib/ldb/skel.so
-rwxr-xr-x root/root     17704 2016-07-07 21:48 usr/lib/ldb/objectclass_attrs.so
-rwxr-xr-x root/root    107944 2016-07-07 21:48 usr/lib/ldb/repl_meta_data.so
-rwxr-xr-x root/root      9408 2016-07-07 21:48 usr/lib/ldb/new_partition.so
-rwxr-xr-x root/root     21696 2016-07-07 21:48 usr/lib/ldb/local_password.so
-rwxr-xr-x root/root     13504 2016-07-07 21:48 usr/lib/ldb/rdn_name.so
-rwxr-xr-x root/root     17848 2016-07-07 21:48 usr/lib/ldb/samba_dsdb.so
-rwxr-xr-x root/root     13504 2016-07-07 21:48 usr/lib/ldb/update_keytab.so
-rwxr-xr-x root/root     50368 2016-07-07 21:48 usr/lib/ldb/partition.so
-rwxr-xr-x root/root      9416 2016-07-07 21:48 usr/lib/ldb/paged_searches.so
-rwxr-xr-x root/root     17600 2016-07-07 21:48 usr/lib/ldb/secrets_tdb_sync.so
-rwxr-xr-x root/root      9408 2016-07-07 21:48 usr/lib/ldb/asq.so
-rwxr-xr-x root/root     13516 2016-07-07 21:48 usr/lib/ldb/extended_dn_store.so
-rwxr-xr-x root/root      9408 2016-07-07 21:48 usr/lib/ldb/lazy_commit.so
-rwxr-xr-x root/root     25792 2016-07-07 21:48 usr/lib/ldb/descriptor.so
-rwxr-xr-x root/root     21696 2016-07-07 21:48 usr/lib/ldb/samba3sam.so
-rwxr-xr-x root/root      9408 2016-07-07 21:48 usr/lib/ldb/samba3sid.so
-rwxr-xr-x root/root      9408 2016-07-07 21:48 usr/lib/ldb/instancetype.so
-rwxr-xr-x root/root      9408 2016-07-07 21:48 usr/lib/ldb/wins_ldb.so
-rwxr-xr-x root/root      9408 2016-07-07 21:48 usr/lib/ldb/show_deleted.so
-rwxr-xr-x root/root     25792 2016-07-07 21:48 usr/lib/ldb/objectclass.so
-rwxr-xr-x root/root      9408 2016-07-07 21:48 usr/lib/ldb/server_sort.so
-rwxr-xr-x root/root     21700 2016-07-07 21:48 usr/lib/libcli-spoolss-samba4.so
-rwxr-xr-x root/root      9420 2016-07-07 21:48 usr/lib/mit_samba.so
-rwxr-xr-x root/root      5212 2016-07-07 21:48 usr/lib/libdcerpc-atsvc.so.0.0.1
-rwxr-xr-x root/root     48720 2016-07-07 21:48 usr/lib/libroken-samba4.so.19.0.1
-rwxr-xr-x root/root      5212 2016-07-07 21:48 usr/lib/libdcerpc-samr.so.0.0.1
-rwxr-xr-x root/root      5316 2016-07-07 21:48 usr/lib/libevents-samba4.so
-rwxr-xr-x root/root     91332 2016-07-07 21:48 usr/lib/libdcerpc-samba4.so
-rwxr-xr-x root/root    116188 2016-07-07 21:48 usr/lib/libsmbregistry-samba4.so
-rwxr-xr-x root/root    148676 2016-07-07 21:48 usr/lib/libauth-samba4.so
-rwxr-xr-x root/root      5312 2016-07-07 21:48 usr/lib/winbind_krb5_locator.so
-rwxr-xr-x root/root     25848 2016-07-07 21:48 usr/lib/libservice-samba4.so
-rwxr-xr-x root/root    480636 2016-07-07 21:48 usr/lib/libsamba-passdb.so.0.24.1
-rwxr-xr-x root/root      9412 2016-07-07 21:48 usr/lib/libposix-eadb-samba4.so
drwxr-xr-x root/root         0 2016-07-07 21:48 usr/lib/nss_info/
-rwxr-xr-x root/root     13496 2016-07-07 21:48 usr/lib/nss_info/hash.so
-rwxr-xr-x root/root     25832 2016-07-07 21:48 usr/lib/nss_info/sfu.so
-rwxr-xr-x root/root     25832 2016-07-07 21:48 usr/lib/nss_info/sfu20.so
-rwxr-xr-x root/root     25832 2016-07-07 21:48 usr/lib/nss_info/rfc2307.so
-rwxr-xr-x root/root      5316 2016-07-07 21:48 usr/lib/libsmbpasswdparser-samba4.so
-rwxr-xr-x root/root     21752 2016-07-07 21:48 usr/lib/libtorture.so.0.0.1
drwxr-xr-x root/root         0 2016-07-07 21:45 usr/lib/pkgconfig/
-rw-r--r-- root/root       330 2016-07-07 21:41 usr/lib/pkgconfig/dcerpc_server.pc
-rw-r--r-- root/root       319 2016-07-07 21:41 usr/lib/pkgconfig/samba-credentials.pc
-rw-r--r-- root/root       317 2016-07-07 21:41 usr/lib/pkgconfig/ndr.pc
-rw-r--r-- root/root       302 2016-07-07 21:41 usr/lib/pkgconfig/ndr_nbt.pc
-rw-r--r-- root/root       248 2016-07-07 21:41 usr/lib/pkgconfig/samdb.pc
-rw-r--r-- root/root       294 2016-07-07 21:41 usr/lib/pkgconfig/samba-util.pc
-rw-r--r-- root/root       339 2016-07-07 21:41 usr/lib/pkgconfig/ndr_standard.pc
-rw-r--r-- root/root       292 2016-07-07 21:41 usr/lib/pkgconfig/wbclient.pc
-rw-r--r-- root/root       291 2016-07-07 21:41 usr/lib/pkgconfig/dcerpc.pc
-rw-r--r-- root/root       321 2016-07-07 21:41 usr/lib/pkgconfig/torture.pc
-rw-r--r-- root/root       273 2016-07-07 21:41 usr/lib/pkgconfig/netapi.pc
-rw-r--r-- root/root       264 2016-07-07 21:41 usr/lib/pkgconfig/smbclient.pc
-rw-r--r-- root/root       306 2016-07-07 21:41 usr/lib/pkgconfig/pytalloc-util.pc
-rw-r--r-- root/root       288 2016-07-07 21:41 usr/lib/pkgconfig/samba-hostconfig.pc
-rw-r--r-- root/root       312 2016-07-07 21:41 usr/lib/pkgconfig/registry.pc
-rw-r--r-- root/root       307 2016-07-07 21:41 usr/lib/pkgconfig/dcerpc_samr.pc
-rw-r--r-- root/root       272 2016-07-07 21:41 usr/lib/pkgconfig/tevent.pc
-rw-r--r-- root/root       299 2016-07-07 21:41 usr/lib/pkgconfig/gensec.pc
-rw-r--r-- root/root       296 2016-07-07 21:41 usr/lib/pkgconfig/talloc.pc
-rw-r--r-- root/root       310 2016-07-07 21:41 usr/lib/pkgconfig/dcerpc_atsvc.pc
-rw-r--r-- root/root       319 2016-07-07 21:41 usr/lib/pkgconfig/ndr_krb5pac.pc
-rw-r--r-- root/root       327 2016-07-07 21:41 usr/lib/pkgconfig/samba-policy.pc
-rw-r--r-- root/root       248 2016-07-07 21:41 usr/lib/pkgconfig/tdb.pc
-rw-r--r-- root/root       262 2016-07-07 21:41 usr/lib/pkgconfig/smbclient-raw.pc
-rwxr-xr-x root/root     18388 2016-07-07 21:48 usr/lib/libldb-cmdline-samba4.so
-rwxr-xr-x root/root    209784 2016-07-07 21:48 usr/lib/libhcrypto-samba4.so.5.0.1
-rwxr-xr-x root/root     12160 2016-07-07 21:48 usr/lib/libheimbase-samba4.so.1.0.0
-rwxr-xr-x root/root     34052 2016-07-07 21:48 usr/lib/libdb-glue-samba4.so
-rwxr-xr-x root/root     66820 2016-07-07 21:48 usr/lib/libidmap-samba4.so
-rwxr-xr-x root/root    972120 2016-07-07 21:48 usr/lib/libdcerpc-server.so.0.0.1
-rwxr-xr-x root/root     91384 2016-07-07 21:48 usr/lib/libprinting-migrate-samba4.so
-rwxr-xr-x root/root     70932 2016-07-07 21:48 usr/lib/libdsdb-module-samba4.so
-rwxr-xr-x root/root    173304 2016-07-07 21:48 usr/lib/libcli-smb-common-samba4.so
-rwxr-xr-x root/root      5268 2016-07-07 21:48 usr/lib/libreplace-samba4.so
-rwxr-xr-x root/root      9412 2016-07-07 21:48 usr/lib/libpytalloc-util.so.2.1.2
drwxr-xr-x root/root         0 2016-07-07 21:48 usr/lib/bind9/
-rwxr-xr-x root/root     38136 2016-07-07 21:48 usr/lib/bind9/dlz_bind9_10.so
-rwxr-xr-x root/root     38136 2016-07-07 21:48 usr/lib/bind9/dlz_bind9_9.so
-rwxr-xr-x root/root     38136 2016-07-07 21:48 usr/lib/bind9/dlz_bind9.so
-rwxr-xr-x root/root     33988 2016-07-07 21:48 usr/lib/libsamba3-util-samba4.so
-rwxr-xr-x root/root     95480 2016-07-07 21:48 usr/lib/libntdb.so.1.0
-rwxr-xr-x root/root    144580 2016-07-07 21:48 usr/lib/libsmbclient.so.0.2.1
-rwxr-xr-x root/root      5368 2016-07-07 21:48 usr/lib/libserver-role-samba4.so
drwxr-xr-x root/root         0 2016-07-07 21:48 usr/lib/gensec/
-rwxr-xr-x root/root     25804 2016-07-07 21:48 usr/lib/gensec/krb5.so
-rwxr-xr-x root/root     13508 2016-07-07 21:48 usr/lib/libxattr-tdb-samba4.so
-rwxr-xr-x root/root    398532 2016-07-07 21:48 usr/lib/liblibsmb-samba4.so
-rwxr-xr-x root/root     13528 2016-07-07 21:48 usr/lib/libnss-info-samba4.so
-rwxr-xr-x root/root     87588 2016-07-07 21:48 usr/lib/libsamdb.so.0.0.1
-rwxr-xr-x root/root    124172 2016-07-07 21:48 usr/lib/libsamdb-common-samba4.so
-rwxr-xr-x root/root      9412 2016-07-07 21:48 usr/lib/libnon-posix-acls-samba4.so
-rwxr-xr-x root/root     21720 2016-07-07 21:48 usr/lib/libdfs-server-ad-samba4.so
-rwxr-xr-x root/root     74948 2016-07-07 21:48 usr/lib/libcliauth-samba4.so
-rwxr-xr-x root/root    722172 2016-07-07 21:48 usr/lib/libndr-samba4.so
-rwxr-xr-x root/root   3302648 2016-07-07 21:48 usr/lib/libndr-standard.so.0.0.1
-rwxr-xr-x root/root    116056 2016-07-07 21:48 usr/lib/libsamba-security-samba4.so
-rwxr-xr-x root/root     83192 2016-07-07 21:48 usr/lib/libauth4-samba4.so
-rwxr-xr-x root/root      5268 2016-07-07 21:48 usr/lib/libsmbd-shim-samba4.so
-rwxr-xr-x root/root      9424 2016-07-07 21:48 usr/lib/libHDB-SAMBA4-samba4.so
-rwxr-xr-x root/root    153892 2016-07-07 21:48 usr/lib/libsamba-hostconfig.so.0.0.1
drwxr-xr-x root/root         0 2016-07-07 21:48 usr/lib/service/
-rwxr-xr-x root/root     17600 2016-07-07 21:48 usr/lib/service/ntp_signd.so
-rwxr-xr-x root/root     58560 2016-07-07 21:48 usr/lib/service/ldap.so
-rwxr-xr-x root/root    107712 2016-07-07 21:48 usr/lib/service/wrepl.so
-rwxr-xr-x root/root     13452 2016-07-07 21:48 usr/lib/service/winbindd.so
-rwxr-xr-x root/root      5260 2016-07-07 21:48 usr/lib/service/dcerpc.so
-rwxr-xr-x root/root     83136 2016-07-07 21:48 usr/lib/service/nbtd.so
-rwxr-xr-x root/root     13452 2016-07-07 21:48 usr/lib/service/cldap.so
-rwxr-xr-x root/root     13452 2016-07-07 21:48 usr/lib/service/s3fs.so
-rwxr-xr-x root/root     26684 2016-07-07 21:48 usr/lib/service/web.so
-rwxr-xr-x root/root    148704 2016-07-07 21:48 usr/lib/service/drepl.so
-rwxr-xr-x root/root    193688 2016-07-07 21:48 usr/lib/service/kcc.so
-rwxr-xr-x root/root     54488 2016-07-07 21:48 usr/lib/service/kdc.so
-rwxr-xr-x root/root    226496 2016-07-07 21:48 usr/lib/service/smb.so
-rwxr-xr-x root/root    165056 2016-07-07 21:48 usr/lib/service/winbind.so
-rwxr-xr-x root/root     29836 2016-07-07 21:48 usr/lib/service/dns_update.so
-rwxr-xr-x root/root     50368 2016-07-07 21:48 usr/lib/service/dns.so
-rwxr-xr-x root/root     13508 2016-07-07 21:48 usr/lib/liblibcli-lsa3-samba4.so
-rwxr-xr-x root/root     17604 2016-07-07 21:48 usr/lib/libpac-samba4.so
-rwxr-xr-x root/root     98296 2016-07-07 21:48 usr/lib/libhdb-samba4.so.11.0.2
-rwxr-xr-x root/root      9412 2016-07-07 21:48 usr/lib/libtevent-util.so.0.0.1
-rwxr-xr-x root/root      5268 2016-07-07 21:48 usr/lib/libutil-setid-samba4.so
-rwxr-xr-x root/root     91384 2016-07-07 21:48 usr/lib/libndr.so.0.0.3
-rwxr-xr-x root/root     23640 2016-07-07 21:48 usr/lib/libheimntlm-samba4.so.1.0.1
-rwxr-xr-x root/root     70912 2016-07-07 21:48 usr/lib/libcli-ldap-samba4.so
-rwxr-xr-x root/root     21700 2016-07-07 21:48 usr/lib/libLIBWBCLIENT-OLD-samba4.so
-rwxr-xr-x root/root      9412 2016-07-07 21:48 usr/lib/libsamba-cluster-support-samba4.so
-rwxr-xr-x root/root    210400 2016-07-07 21:48 usr/lib/libsamba-util.so.0.0.1
-rwxr-xr-x root/root     29892 2016-07-07 21:48 usr/lib/libcli-ldap-common-samba4.so
-rwxr-xr-x root/root     13520 2016-07-07 21:48 usr/lib/libwinbind-client-samba4.so
-rwxr-xr-x root/root    167036 2016-07-07 21:48 usr/lib/libkdc-samba4.so.2.0.0
-rwxr-xr-x root/root    160020 2016-07-07 21:48 usr/lib/libwind-samba4.so.0.0.0
-rwxr-xr-x root/root     29944 2016-07-07 21:48 usr/lib/libcli-cldap-samba4.so
-rwxr-xr-x root/root     34040 2016-07-07 21:48 usr/lib/libnpa-tstream-samba4.so
-rwxr-xr-x root/root     54520 2016-07-07 21:48 usr/lib/libsamba-policy.so.0.0.1
-rwxr-xr-x root/root      5316 2016-07-07 21:48 usr/lib/libflag-mapping-samba4.so
-rwxr-xr-x root/root    189708 2016-07-07 21:48 usr/lib/libldb.so.1.1.20
-rwxr-xr-x root/root    144856 2016-07-07 21:48 usr/lib/libregistry.so.0.0.1
-rwxr-xr-x root/root    107784 2016-07-07 21:48 usr/lib/libauthkrb5-samba4.so
-rwxr-xr-x root/root     38084 2016-07-07 21:48 usr/lib/libcli-nbt-samba4.so
-rwxr-xr-x root/root      9412 2016-07-07 21:48 usr/lib/libsamba-modules-samba4.so
-rwxr-xr-x root/root    128248 2016-07-07 21:48 usr/lib/libdcerpc-binding.so.0.0.1
-rwxr-xr-x root/root    161264 2016-07-07 21:48 usr/lib/libldbsamba-samba4.so
-rwxr-xr-x root/root     13508 2016-07-07 21:48 usr/lib/libnetif-samba4.so
-rwxr-xr-x root/root     38136 2016-07-07 21:48 usr/lib/libdlz-bind9-for-torture-samba4.so
-rwxr-xr-x root/root     75408 2016-07-07 21:48 usr/lib/libgpo-samba4.so
-rwxr-xr-x root/root      9412 2016-07-07 21:48 usr/lib/libnss_wins.so.2
-rwxr-xr-x root/root     54468 2016-07-07 21:48 usr/lib/libdbwrap-samba4.so
drwxr-xr-x root/root         0 2016-07-07 21:45 usr/lib/python2.7/
drwxr-xr-x root/root         0 2016-07-07 21:48 usr/lib/python2.7/site-packages/
-rwxr-xr-x root/root     19680 2016-07-07 21:48 usr/lib/python2.7/site-packages/_tevent.so
-rwxr-xr-x root/root     22732 2016-07-07 21:48 usr/lib/python2.7/site-packages/tdb.so
-rwxr-xr-x root/root      9672 2016-07-07 21:48 usr/lib/python2.7/site-packages/talloc.so
-rwxr-xr-x root/root     18508 2016-07-07 21:48 usr/lib/python2.7/site-packages/ntdb.so
drwxr-xr-x root/root         0 2016-07-07 21:48 usr/lib/python2.7/site-packages/samba/
drwxr-xr-x root/root         0 2016-07-07 21:45 usr/lib/python2.7/site-packages/samba/web_server/
-rw-r--r-- root/root      2675 2014-10-01 10:12 usr/lib/python2.7/site-packages/samba/web_server/__init__.py
drwxr-xr-x root/root         0 2016-07-07 21:48 usr/lib/python2.7/site-packages/samba/samba3/
-rwxr-xr-x root/root     21880 2016-07-07 21:48 usr/lib/python2.7/site-packages/samba/samba3/smbd.so
-rwxr-xr-x root/root     39544 2016-07-07 21:48 usr/lib/python2.7/site-packages/samba/samba3/libsmb_samba_internal.so
-rwxr-xr-x root/root     93708 2016-07-07 21:48 usr/lib/python2.7/site-packages/samba/samba3/passdb.so
-rwxr-xr-x root/root      5320 2016-07-07 21:48 usr/lib/python2.7/site-packages/samba/samba3/param.so
-rw-r--r-- root/root     12251 2014-10-01 10:12 usr/lib/python2.7/site-packages/samba/samba3/__init__.py
-rw-r--r-- root/root      9947 2014-10-01 10:12 usr/lib/python2.7/site-packages/samba/getopt.py
-rw-r--r-- root/root      8278 2014-10-01 10:12 usr/lib/python2.7/site-packages/samba/ms_schema.py
-rw-r--r-- root/root     79729 2014-10-01 10:12 usr/lib/python2.7/site-packages/samba/kcc_utils.py
-rwxr-xr-x root/root      9448 2016-07-07 21:48 usr/lib/python2.7/site-packages/samba/policy.so
-rw-r--r-- root/root      3184 2014-10-01 10:12 usr/lib/python2.7/site-packages/samba/sd_utils.py
-rwxr-xr-x root/root      9448 2016-07-07 21:48 usr/lib/python2.7/site-packages/samba/xattr_tdb.so
-rwxr-xr-x root/root     13576 2016-07-07 21:48 usr/lib/python2.7/site-packages/samba/dckeytab.so
-rw-r--r-- root/root      4060 2014-10-01 10:12 usr/lib/python2.7/site-packages/samba/sites.py
-rwxr-xr-x root/root      9560 2016-07-07 21:48 usr/lib/python2.7/site-packages/samba/_glue.so
-rw-r--r-- root/root      3258 2014-10-01 10:12 usr/lib/python2.7/site-packages/samba/idmap.py
-rwxr-xr-x root/root     13864 2016-07-07 21:48 usr/lib/python2.7/site-packages/samba/messaging.so
-rwxr-xr-x root/root     18424 2016-07-07 21:48 usr/lib/python2.7/site-packages/samba/param.so
-rwxr-xr-x root/root     31128 2016-07-07 21:48 usr/lib/python2.7/site-packages/samba/auth.so
-rwxr-xr-x root/root     13800 2016-07-07 21:48 usr/lib/python2.7/site-packages/samba/netbios.so
-rw-r--r-- root/root     65827 2016-05-02 10:29 usr/lib/python2.7/site-packages/samba/dbchecker.py
-rw-r--r-- root/root      3040 2014-10-01 10:12 usr/lib/python2.7/site-packages/samba/common.py
-rwxr-xr-x root/root     38520 2016-07-07 21:48 usr/lib/python2.7/site-packages/samba/dsdb.so
-rw-r--r-- root/root      4695 2014-10-01 10:12 usr/lib/python2.7/site-packages/samba/ms_display_specifiers.py
-rwxr-xr-x root/root     26376 2016-07-07 21:48 usr/lib/python2.7/site-packages/samba/gensec.so
-rw-r--r-- root/root     31827 2014-10-01 11:06 usr/lib/python2.7/site-packages/samba/upgradehelpers.py
-rwxr-xr-x root/root      9448 2016-07-07 21:48 usr/lib/python2.7/site-packages/samba/xattr_native.so
-rw-r--r-- root/root      1491 2014-10-01 10:12 usr/lib/python2.7/site-packages/samba/tdb_util.py
-rwxr-xr-x root/root     13620 2016-07-07 21:48 usr/lib/python2.7/site-packages/samba/com.so
-rwxr-xr-x root/root      9448 2016-07-07 21:48 usr/lib/python2.7/site-packages/samba/posix_eadb.so
-rw-r--r-- root/root      2271 2014-10-01 10:12 usr/lib/python2.7/site-packages/samba/xattr.py
-rwxr-xr-x root/root     22696 2016-07-07 21:48 usr/lib/python2.7/site-packages/samba/registry.so
-rw-r--r-- root/root     27268 2014-10-01 11:06 usr/lib/python2.7/site-packages/samba/descriptor.py
-rwxr-xr-x root/root     22072 2016-07-07 21:48 usr/lib/python2.7/site-packages/samba/net.so
-rwxr-xr-x root/root      5320 2016-07-07 21:48 usr/lib/python2.7/site-packages/samba/security.so
drwxr-xr-x root/root         0 2016-07-07 21:45 usr/lib/python2.7/site-packages/samba/provision/
-rw-r--r-- root/root     33090 2014-10-01 10:12 usr/lib/python2.7/site-packages/samba/provision/backend.py
-rw-r--r-- root/root      2830 2014-10-01 10:12 usr/lib/python2.7/site-packages/samba/provision/common.py
-rw-r--r-- root/root     92303 2014-10-01 11:06 usr/lib/python2.7/site-packages/samba/provision/__init__.py
-rw-r--r-- root/root     45645 2014-12-20 16:27 usr/lib/python2.7/site-packages/samba/provision/sambadns.py
-rw-r--r-- root/root     11893 2014-10-01 10:12 usr/lib/python2.7/site-packages/samba/__init__.py
-rw-r--r-- root/root     55426 2014-10-01 11:06 usr/lib/python2.7/site-packages/samba/join.py
-rw-r--r-- root/root     34898 2015-07-14 12:54 usr/lib/python2.7/site-packages/samba/samdb.py
drwxr-xr-x root/root         0 2016-07-07 21:45 usr/lib/python2.7/site-packages/samba/tests/
-rw-r--r-- root/root      4222 2014-10-01 10:12 usr/lib/python2.7/site-packages/samba/tests/strings.py
-rw-r--r-- root/root      5802 2014-10-01 10:12 usr/lib/python2.7/site-packages/samba/tests/dsdb.py
-rw-r--r-- root/root      6817 2014-10-01 10:12 usr/lib/python2.7/site-packages/samba/tests/upgradeprovision.py
-rw-r--r-- root/root      2412 2014-10-01 10:12 usr/lib/python2.7/site-packages/samba/tests/libsmb_samba_internal.py
-rw-r--r-- root/root      2150 2014-10-01 10:12 usr/lib/python2.7/site-packages/samba/tests/core.py
-rw-r--r-- root/root      1772 2014-10-01 10:12 usr/lib/python2.7/site-packages/samba/tests/registry.py
-rw-r--r-- root/root      1174 2014-10-01 10:12 usr/lib/python2.7/site-packages/samba/tests/policy.py
-rw-r--r-- root/root     49463 2014-10-01 10:12 usr/lib/python2.7/site-packages/samba/tests/samba3sam.py
-rw-r--r-- root/root      3072 2014-10-01 10:12 usr/lib/python2.7/site-packages/samba/tests/netcmd.py
-rw-r--r-- root/root      2629 2016-03-30 12:18 usr/lib/python2.7/site-packages/samba/tests/subunitrun.py
-rw-r--r-- root/root      1888 2014-10-01 10:12 usr/lib/python2.7/site-packages/samba/tests/param.py
-rw-r--r-- root/root     36883 2014-10-01 10:12 usr/lib/python2.7/site-packages/samba/tests/posixacl.py
-rw-r--r-- root/root      5493 2014-10-01 10:12 usr/lib/python2.7/site-packages/samba/tests/security.py
-rw-r--r-- root/root      1546 2014-10-01 10:12 usr/lib/python2.7/site-packages/samba/tests/common.py
drwxr-xr-x root/root         0 2016-07-07 21:45 usr/lib/python2.7/site-packages/samba/tests/samba_tool/
-rw-r--r-- root/root      1357 2014-10-01 10:12 usr/lib/python2.7/site-packages/samba/tests/samba_tool/processes.py
-rw-r--r-- root/root      4702 2014-10-01 10:12 usr/lib/python2.7/site-packages/samba/tests/samba_tool/base.py
-rw-r--r-- root/root      7464 2014-10-01 10:12 usr/lib/python2.7/site-packages/samba/tests/samba_tool/group.py
-rw-r--r-- root/root      1932 2014-10-01 10:12 usr/lib/python2.7/site-packages/samba/tests/samba_tool/timecmd.py
-rw-r--r-- root/root     19442 2014-10-01 10:12 usr/lib/python2.7/site-packages/samba/tests/samba_tool/user.py
-rw-r--r-- root/root      4099 2014-10-01 10:12 usr/lib/python2.7/site-packages/samba/tests/samba_tool/gpo.py
-rw-r--r-- root/root      6329 2014-10-01 10:12 usr/lib/python2.7/site-packages/samba/tests/samba_tool/ntacl.py
-rw-r--r-- root/root       722 2014-10-01 10:12 usr/lib/python2.7/site-packages/samba/tests/samba_tool/__init__.py
-rw-r--r-- root/root      6397 2014-10-01 10:12 usr/lib/python2.7/site-packages/samba/tests/gensec.py
-rw-r--r-- root/root      4213 2016-03-30 12:18 usr/lib/python2.7/site-packages/samba/tests/xattr.py
-rw-r--r-- root/root      3667 2014-10-01 10:12 usr/lib/python2.7/site-packages/samba/tests/credentials.py
-rw-r--r-- root/root     45738 2016-03-30 12:18 usr/lib/python2.7/site-packages/samba/tests/dns.py
-rw-r--r-- root/root      8435 2015-02-24 20:10 usr/lib/python2.7/site-packages/samba/tests/samba3.py
-rw-r--r-- root/root     32559 2016-03-30 12:18 usr/lib/python2.7/site-packages/samba/tests/__init__.py
drwxr-xr-x root/root         0 2016-07-07 21:45 usr/lib/python2.7/site-packages/samba/tests/blackbox/
-rw-r--r-- root/root      2009 2014-10-01 10:12 usr/lib/python2.7/site-packages/samba/tests/blackbox/ndrdump.py
-rw-r--r-- root/root       717 2014-10-01 10:12 usr/lib/python2.7/site-packages/samba/tests/blackbox/__init__.py
-rw-r--r-- root/root      4485 2014-10-01 10:12 usr/lib/python2.7/site-packages/samba/tests/blackbox/samba_tool_drs.py
-rw-r--r-- root/root      2247 2014-10-01 10:12 usr/lib/python2.7/site-packages/samba/tests/messaging.py
-rw-r--r-- root/root      6614 2014-10-01 10:12 usr/lib/python2.7/site-packages/samba/tests/provision.py
-rw-r--r-- root/root     15512 2016-03-30 12:18 usr/lib/python2.7/site-packages/samba/tests/docs.py
-rw-r--r-- root/root      3591 2014-10-01 10:12 usr/lib/python2.7/site-packages/samba/tests/samdb.py
-rw-r--r-- root/root      4192 2016-03-30 12:18 usr/lib/python2.7/site-packages/samba/tests/ntacls.py
-rw-r--r-- root/root      2197 2014-10-01 10:12 usr/lib/python2.7/site-packages/samba/tests/hostconfig.py
-rw-r--r-- root/root      1105 2014-10-01 10:12 usr/lib/python2.7/site-packages/samba/tests/unicodenames.py
-rw-r--r-- root/root      1048 2014-10-01 10:12 usr/lib/python2.7/site-packages/samba/tests/auth.py
-rw-r--r-- root/root      1905 2016-02-24 11:43 usr/lib/python2.7/site-packages/samba/tests/get_opt.py
-rw-r--r-- root/root      7452 2014-10-01 10:12 usr/lib/python2.7/site-packages/samba/tests/upgradeprovisionneeddc.py
-rw-r--r-- root/root      1389 2014-10-01 10:12 usr/lib/python2.7/site-packages/samba/tests/upgrade.py
-rw-r--r-- root/root     10344 2014-10-01 10:12 usr/lib/python2.7/site-packages/samba/tests/source.py
drwxr-xr-x root/root         0 2016-07-07 21:45 usr/lib/python2.7/site-packages/samba/tests/dcerpc/
-rw-r--r-- root/root    118859 2016-03-30 12:18 usr/lib/python2.7/site-packages/samba/tests/dcerpc/raw_protocol.py
-rw-r--r-- root/root      1887 2014-10-01 10:12 usr/lib/python2.7/site-packages/samba/tests/dcerpc/registry.py
-rw-r--r-- root/root      1722 2016-03-30 12:18 usr/lib/python2.7/site-packages/samba/tests/dcerpc/bare.py
-rw-r--r-- root/root      1746 2014-10-01 10:12 usr/lib/python2.7/site-packages/samba/tests/dcerpc/unix.py
-rw-r--r-- root/root      1722 2014-10-01 10:12 usr/lib/python2.7/site-packages/samba/tests/dcerpc/sam.py
-rw-r--r-- root/root       796 2014-10-01 10:12 usr/lib/python2.7/site-packages/samba/tests/dcerpc/__init__.py
-rw-r--r-- root/root      1982 2014-10-01 10:12 usr/lib/python2.7/site-packages/samba/tests/dcerpc/misc.py
-rw-r--r-- root/root     13660 2016-03-30 12:18 usr/lib/python2.7/site-packages/samba/tests/dcerpc/dnsserver.py
-rw-r--r-- root/root      2484 2016-03-30 12:18 usr/lib/python2.7/site-packages/samba/tests/dcerpc/srvsvc.py
-rw-r--r-- root/root      5283 2014-10-01 10:12 usr/lib/python2.7/site-packages/samba/tests/dcerpc/testrpc.py
-rw-r--r-- root/root      2417 2014-10-01 10:12 usr/lib/python2.7/site-packages/samba/tests/dcerpc/rpcecho.py
-rw-r--r-- root/root      2841 2014-10-01 10:12 usr/lib/python2.7/site-packages/samba/tests/dcerpc/rpc_talloc.py
-rwxr-xr-x root/root     13868 2016-07-07 21:48 usr/lib/python2.7/site-packages/samba/_ldb.so
-rw-r--r-- root/root     10386 2014-10-01 10:12 usr/lib/python2.7/site-packages/samba/ntacls.py
-rw-r--r-- root/root      8225 2014-10-01 10:12 usr/lib/python2.7/site-packages/samba/schema.py
-rw-r--r-- root/root      2345 2014-10-01 10:12 usr/lib/python2.7/site-packages/samba/hostconfig.py
-rw-r--r-- root/root     12032 2014-10-01 10:12 usr/lib/python2.7/site-packages/samba/drs_utils.py
drwxr-xr-x root/root         0 2016-07-07 21:45 usr/lib/python2.7/site-packages/samba/netcmd/
-rw-r--r-- root/root     41412 2014-10-01 11:06 usr/lib/python2.7/site-packages/samba/netcmd/ldapcmp.py
-rw-r--r-- root/root      2589 2014-10-01 10:12 usr/lib/python2.7/site-packages/samba/netcmd/main.py
-rw-r--r-- root/root      2775 2014-10-01 10:12 usr/lib/python2.7/site-packages/samba/netcmd/processes.py
-rw-r--r-- root/root      2007 2014-10-01 10:12 usr/lib/python2.7/site-packages/samba/netcmd/time.py
-rw-r--r-- root/root      7603 2014-10-01 10:12 usr/lib/python2.7/site-packages/samba/netcmd/spn.py
-rw-r--r-- root/root      3430 2014-10-01 10:12 usr/lib/python2.7/site-packages/samba/netcmd/sites.py
-rw-r--r-- root/root     10053 2015-07-14 12:54 usr/lib/python2.7/site-packages/samba/netcmd/fsmo.py
-rw-r--r-- root/root      7548 2014-10-01 10:12 usr/lib/python2.7/site-packages/samba/netcmd/dsacl.py
-rw-r--r-- root/root     18455 2014-12-20 16:27 usr/lib/python2.7/site-packages/samba/netcmd/group.py
-rw-r--r-- root/root      2442 2014-10-01 10:12 usr/lib/python2.7/site-packages/samba/netcmd/common.py
-rw-r--r-- root/root      3969 2014-10-01 10:12 usr/lib/python2.7/site-packages/samba/netcmd/rodc.py
-rw-r--r-- root/root     28327 2015-02-24 20:10 usr/lib/python2.7/site-packages/samba/netcmd/user.py
-rw-r--r-- root/root     40657 2014-10-01 10:12 usr/lib/python2.7/site-packages/samba/netcmd/gpo.py
-rw-r--r-- root/root     10163 2014-10-01 10:12 usr/lib/python2.7/site-packages/samba/netcmd/ntacl.py
-rw-r--r-- root/root     48747 2014-12-20 16:27 usr/lib/python2.7/site-packages/samba/netcmd/dns.py
-rw-r--r-- root/root      5898 2014-10-01 10:12 usr/lib/python2.7/site-packages/samba/netcmd/dbcheck.py
-rw-r--r-- root/root      7969 2014-10-01 10:12 usr/lib/python2.7/site-packages/samba/netcmd/__init__.py
-rw-r--r-- root/root     67787 2014-10-01 11:06 usr/lib/python2.7/site-packages/samba/netcmd/domain.py
-rw-r--r-- root/root     21550 2014-10-01 10:12 usr/lib/python2.7/site-packages/samba/netcmd/drs.py
-rw-r--r-- root/root     11138 2014-10-01 10:12 usr/lib/python2.7/site-packages/samba/netcmd/delegation.py
-rw-r--r-- root/root      8540 2014-10-01 10:12 usr/lib/python2.7/site-packages/samba/netcmd/testparm.py
-rw-r--r-- root/root      1947 2014-10-01 10:12 usr/lib/python2.7/site-packages/samba/netcmd/vampire.py
-rwxr-xr-x root/root     22124 2016-07-07 21:48 usr/lib/python2.7/site-packages/samba/smb.so
-rw-r--r-- root/root      1563 2014-10-01 10:12 usr/lib/python2.7/site-packages/samba/ndr.py
-rwxr-xr-x root/root     22648 2016-07-07 21:48 usr/lib/python2.7/site-packages/samba/credentials.so
drwxr-xr-x root/root         0 2016-07-07 21:48 usr/lib/python2.7/site-packages/samba/external/
drwxr-xr-x root/root         0 2016-07-07 21:48 usr/lib/python2.7/site-packages/samba/external/subunit/
-rw-r--r-- root/root      4587 2014-10-01 10:12 usr/lib/python2.7/site-packages/samba/external/subunit/iso8601.py
-rw-r--r-- root/root      3951 2014-10-01 10:12 usr/lib/python2.7/site-packages/samba/external/subunit/details.py
-rw-r--r-- root/root      2723 2014-10-01 10:12 usr/lib/python2.7/site-packages/samba/external/subunit/run.py
-rw-r--r-- root/root     23847 2014-10-01 10:12 usr/lib/python2.7/site-packages/samba/external/subunit/test_results.py
-rw-r--r-- root/root     47984 2014-10-01 10:12 usr/lib/python2.7/site-packages/samba/external/subunit/__init__.py
-rw-r--r-- root/root      4814 2014-10-01 10:12 usr/lib/python2.7/site-packages/samba/external/subunit/filters.py
drwxr-xr-x root/root         0 2016-07-07 21:48 usr/lib/python2.7/site-packages/samba/external/subunit/tests/
-rw-r--r-- root/root     19949 2014-10-01 10:12 usr/lib/python2.7/site-packages/samba/external/subunit/tests/test_test_results.py
-rw-r--r-- root/root      2267 2014-10-01 10:12 usr/lib/python2.7/site-packages/samba/external/subunit/tests/test_subunit_tags.py
-rw-r--r-- root/root     15605 2014-10-01 10:12 usr/lib/python2.7/site-packages/samba/external/subunit/tests/test_tap2subunit.py
-rw-r--r-- root/root     13823 2014-10-01 10:12 usr/lib/python2.7/site-packages/samba/external/subunit/tests/test_subunit_filter.py
-rw-r--r-- root/root       157 2014-10-01 10:12 usr/lib/python2.7/site-packages/samba/external/subunit/tests/sample-two-script.py
-rw-r--r-- root/root      6034 2014-10-01 10:12 usr/lib/python2.7/site-packages/samba/external/subunit/tests/test_chunked.py
-rw-r--r-- root/root      3902 2014-10-01 10:12 usr/lib/python2.7/site-packages/samba/external/subunit/tests/test_progress_model.py
-rw-r--r-- root/root       619 2014-10-01 10:12 usr/lib/python2.7/site-packages/samba/external/subunit/tests/sample-script.py
-rw-r--r-- root/root      1602 2014-10-01 10:12 usr/lib/python2.7/site-packages/samba/external/subunit/tests/__init__.py
-rw-r--r-- root/root      2670 2014-10-01 10:12 usr/lib/python2.7/site-packages/samba/external/subunit/tests/test_subunit_stats.py
-rw-r--r-- root/root     51706 2014-10-01 10:12 usr/lib/python2.7/site-packages/samba/external/subunit/tests/test_test_protocol.py
-rw-r--r-- root/root      2790 2014-10-01 10:12 usr/lib/python2.7/site-packages/samba/external/subunit/tests/TestUtil.py
-rw-r--r-- root/root      4244 2014-10-01 10:12 usr/lib/python2.7/site-packages/samba/external/subunit/tests/test_details.py
-rw-r--r-- root/root      1715 2014-10-01 10:12 usr/lib/python2.7/site-packages/samba/external/subunit/tests/test_run.py
-rw-r--r-- root/root      7181 2014-10-01 10:12 usr/lib/python2.7/site-packages/samba/external/subunit/chunked.py
-rw-r--r-- root/root      4056 2014-10-01 10:12 usr/lib/python2.7/site-packages/samba/external/subunit/progress_model.py
drwxr-xr-x root/root         0 2016-07-07 21:48 usr/lib/python2.7/site-packages/samba/external/extras/
-rw-r--r-- root/root      3957 2015-04-15 21:27 usr/lib/python2.7/site-packages/samba/external/extras/__init__.py
drwxr-xr-x root/root         0 2016-07-07 21:48 usr/lib/python2.7/site-packages/samba/external/extras/tests/
-rw-r--r-- root/root      6244 2015-04-15 21:27 usr/lib/python2.7/site-packages/samba/external/extras/tests/test_extras.py
-rw-r--r-- root/root       377 2015-04-15 21:27 usr/lib/python2.7/site-packages/samba/external/extras/tests/__init__.py
-rw-r--r-- root/root         0 2016-07-07 21:41 usr/lib/python2.7/site-packages/samba/external/__init__.py
drwxr-xr-x root/root         0 2016-07-07 21:48 usr/lib/python2.7/site-packages/samba/external/dns/
-rw-r--r-- root/root      7842 2014-10-01 10:12 usr/lib/python2.7/site-packages/samba/external/dns/set.py
-rw-r--r-- root/root     17780 2014-10-01 10:12 usr/lib/python2.7/site-packages/samba/external/dns/query.py
-rw-r--r-- root/root      3069 2014-10-01 10:12 usr/lib/python2.7/site-packages/samba/external/dns/e164.py
-rw-r--r-- root/root      2614 2014-10-01 10:12 usr/lib/python2.7/site-packages/samba/external/dns/opcode.py
-rw-r--r-- root/root     12068 2014-10-01 10:12 usr/lib/python2.7/site-packages/samba/external/dns/dnssec.py
-rw-r--r-- root/root      1318 2014-10-01 10:12 usr/lib/python2.7/site-packages/samba/external/dns/exception.py
-rw-r--r-- root/root      5869 2014-10-01 10:12 usr/lib/python2.7/site-packages/samba/external/dns/node.py
-rw-r--r-- root/root      1657 2014-10-01 10:12 usr/lib/python2.7/site-packages/samba/external/dns/tsigkeyring.py
-rw-r--r-- root/root      4976 2014-10-01 10:12 usr/lib/python2.7/site-packages/samba/external/dns/ipv6.py
-rw-r--r-- root/root     41226 2014-10-01 10:12 usr/lib/python2.7/site-packages/samba/external/dns/message.py
-rw-r--r-- root/root      2100 2014-10-01 10:12 usr/lib/python2.7/site-packages/samba/external/dns/wiredata.py
-rw-r--r-- root/root      5163 2014-10-01 10:12 usr/lib/python2.7/site-packages/samba/external/dns/rdatatype.py
-rw-r--r-- root/root     11548 2014-10-01 10:12 usr/lib/python2.7/site-packages/samba/external/dns/rdataset.py
-rw-r--r-- root/root     43033 2014-10-01 10:12 usr/lib/python2.7/site-packages/samba/external/dns/resolver.py
-rw-r--r-- root/root     32039 2014-10-01 10:12 usr/lib/python2.7/site-packages/samba/external/dns/zone.py
-rw-r--r-- root/root      2686 2014-10-01 10:12 usr/lib/python2.7/site-packages/samba/external/dns/flags.py
drwxr-xr-x root/root         0 2016-07-07 21:48 usr/lib/python2.7/site-packages/samba/external/dns/rdtypes/
drwxr-xr-x root/root         0 2016-07-07 21:48 usr/lib/python2.7/site-packages/samba/external/dns/rdtypes/IN/
-rw-r--r-- root/root      3763 2014-10-01 10:12 usr/lib/python2.7/site-packages/samba/external/dns/rdtypes/IN/PX.py
-rw-r--r-- root/root      5993 2014-10-01 10:12 usr/lib/python2.7/site-packages/samba/external/dns/rdtypes/IN/IPSECKEY.py
-rw-r--r-- root/root      3395 2014-10-01 10:12 usr/lib/python2.7/site-packages/samba/external/dns/rdtypes/IN/SRV.py
-rw-r--r-- root/root      4873 2014-10-01 10:12 usr/lib/python2.7/site-packages/samba/external/dns/rdtypes/IN/NAPTR.py
-rw-r--r-- root/root      4124 2014-10-01 10:12 usr/lib/python2.7/site-packages/samba/external/dns/rdtypes/IN/WKS.py
-rw-r--r-- root/root      2124 2014-10-01 10:12 usr/lib/python2.7/site-packages/samba/external/dns/rdtypes/IN/DHCID.py
-rw-r--r-- root/root      2181 2014-10-01 10:12 usr/lib/python2.7/site-packages/samba/external/dns/rdtypes/IN/NSAP.py
-rw-r--r-- root/root       965 2014-10-01 10:12 usr/lib/python2.7/site-packages/samba/external/dns/rdtypes/IN/__init__.py
-rw-r--r-- root/root       900 2014-10-01 10:12 usr/lib/python2.7/site-packages/samba/external/dns/rdtypes/IN/NSAP_PTR.py
-rw-r--r-- root/root      5533 2014-10-01 10:12 usr/lib/python2.7/site-packages/samba/external/dns/rdtypes/IN/APL.py
-rw-r--r-- root/root      2054 2014-10-01 10:12 usr/lib/python2.7/site-packages/samba/external/dns/rdtypes/IN/A.py
-rw-r--r-- root/root       888 2014-10-01 10:12 usr/lib/python2.7/site-packages/samba/external/dns/rdtypes/IN/KX.py
-rw-r--r-- root/root      2186 2014-10-01 10:12 usr/lib/python2.7/site-packages/samba/external/dns/rdtypes/IN/AAAA.py
-rw-r--r-- root/root      3968 2014-10-01 10:12 usr/lib/python2.7/site-packages/samba/external/dns/rdtypes/mxbase.py
drwxr-xr-x root/root         0 2016-07-07 21:48 usr/lib/python2.7/site-packages/samba/external/dns/rdtypes/ANY/
-rw-r--r-- root/root       880 2014-10-01 10:12 usr/lib/python2.7/site-packages/samba/external/dns/rdtypes/ANY/NS.py
-rw-r--r-- root/root      5302 2014-10-01 10:12 usr/lib/python2.7/site-packages/samba/external/dns/rdtypes/ANY/GPOS.py
-rw-r--r-- root/root     12570 2014-10-01 10:12 usr/lib/python2.7/site-packages/samba/external/dns/rdtypes/ANY/LOC.py
-rw-r--r-- root/root       880 2014-10-01 10:12 usr/lib/python2.7/site-packages/samba/external/dns/rdtypes/ANY/MX.py
-rw-r--r-- root/root      3250 2014-10-01 10:12 usr/lib/python2.7/site-packages/samba/external/dns/rdtypes/ANY/ISDN.py
-rw-r--r-- root/root       906 2014-10-01 10:12 usr/lib/python2.7/site-packages/samba/external/dns/rdtypes/ANY/SPF.py
-rw-r--r-- root/root      4957 2014-10-01 10:12 usr/lib/python2.7/site-packages/samba/external/dns/rdtypes/ANY/HIP.py
-rw-r--r-- root/root      5736 2014-10-01 10:12 usr/lib/python2.7/site-packages/samba/external/dns/rdtypes/ANY/RRSIG.py
-rw-r--r-- root/root      3321 2014-10-01 10:12 usr/lib/python2.7/site-packages/samba/external/dns/rdtypes/ANY/DNSKEY.py
-rw-r--r-- root/root       871 2014-10-01 10:12 usr/lib/python2.7/site-packages/samba/external/dns/rdtypes/ANY/DLV.py
-rw-r--r-- root/root      6743 2014-10-01 10:12 usr/lib/python2.7/site-packages/samba/external/dns/rdtypes/ANY/NSEC3.py
-rw-r--r-- root/root       880 2014-10-01 10:12 usr/lib/python2.7/site-packages/samba/external/dns/rdtypes/ANY/DS.py
-rw-r--r-- root/root       898 2014-10-01 10:12 usr/lib/python2.7/site-packages/samba/external/dns/rdtypes/ANY/RT.py
-rw-r--r-- root/root      3274 2014-10-01 10:12 usr/lib/python2.7/site-packages/samba/external/dns/rdtypes/ANY/RP.py
-rw-r--r-- root/root      4280 2014-10-01 10:12 usr/lib/python2.7/site-packages/samba/external/dns/rdtypes/ANY/CERT.py
-rw-r--r-- root/root       978 2014-10-01 10:12 usr/lib/python2.7/site-packages/samba/external/dns/rdtypes/ANY/DNAME.py
-rw-r--r-- root/root       882 2014-10-01 10:12 usr/lib/python2.7/site-packages/samba/external/dns/rdtypes/ANY/PTR.py
-rw-r--r-- root/root      2901 2014-10-01 10:12 usr/lib/python2.7/site-packages/samba/external/dns/rdtypes/ANY/SSHFP.py
-rw-r--r-- root/root      1157 2014-10-01 10:12 usr/lib/python2.7/site-packages/samba/external/dns/rdtypes/ANY/__init__.py
-rw-r--r-- root/root      2107 2014-10-01 10:12 usr/lib/python2.7/site-packages/samba/external/dns/rdtypes/ANY/X25.py
-rw-r--r-- root/root      4812 2014-10-01 10:12 usr/lib/python2.7/site-packages/samba/external/dns/rdtypes/ANY/NSEC.py
-rw-r--r-- root/root      1846 2014-10-01 10:12 usr/lib/python2.7/site-packages/samba/external/dns/rdtypes/ANY/AFSDB.py
-rw-r--r-- root/root       885 2014-10-01 10:12 usr/lib/python2.7/site-packages/samba/external/dns/rdtypes/ANY/TXT.py
-rw-r--r-- root/root      3169 2014-10-01 10:12 usr/lib/python2.7/site-packages/samba/external/dns/rdtypes/ANY/NSEC3PARAM.py
-rw-r--r-- root/root      5163 2014-10-01 10:12 usr/lib/python2.7/site-packages/samba/external/dns/rdtypes/ANY/SOA.py
-rw-r--r-- root/root      2652 2014-10-01 10:12 usr/lib/python2.7/site-packages/samba/external/dns/rdtypes/ANY/HINFO.py
-rw-r--r-- root/root      1091 2014-10-01 10:12 usr/lib/python2.7/site-packages/samba/external/dns/rdtypes/ANY/CNAME.py
-rw-r--r-- root/root      2994 2014-10-01 10:12 usr/lib/python2.7/site-packages/samba/external/dns/rdtypes/txtbase.py
-rw-r--r-- root/root      3460 2014-10-01 10:12 usr/lib/python2.7/site-packages/samba/external/dns/rdtypes/dsbase.py
-rw-r--r-- root/root       880 2014-10-01 10:12 usr/lib/python2.7/site-packages/samba/external/dns/rdtypes/__init__.py
-rw-r--r-- root/root      2994 2014-10-01 10:12 usr/lib/python2.7/site-packages/samba/external/dns/rdtypes/nsbase.py
-rw-r--r-- root/root     17961 2014-10-01 10:12 usr/lib/python2.7/site-packages/samba/external/dns/tokenizer.py
-rw-r--r-- root/root      1327 2014-10-01 10:12 usr/lib/python2.7/site-packages/samba/external/dns/__init__.py
-rw-r--r-- root/root      3302 2014-10-01 10:12 usr/lib/python2.7/site-packages/samba/external/dns/rdataclass.py
-rw-r--r-- root/root      2395 2014-10-01 10:12 usr/lib/python2.7/site-packages/samba/external/dns/hash.py
-rw-r--r-- root/root     11910 2014-10-01 10:12 usr/lib/python2.7/site-packages/samba/external/dns/renderer.py
-rw-r--r-- root/root      7681 2014-10-01 10:12 usr/lib/python2.7/site-packages/samba/external/dns/tsig.py
-rw-r--r-- root/root      3105 2014-10-01 10:12 usr/lib/python2.7/site-packages/samba/external/dns/rcode.py
-rw-r--r-- root/root      2179 2014-10-01 10:12 usr/lib/python2.7/site-packages/samba/external/dns/ttl.py
-rw-r--r-- root/root     10163 2014-10-01 10:12 usr/lib/python2.7/site-packages/samba/external/dns/update.py
-rw-r--r-- root/root     21973 2014-10-01 10:12 usr/lib/python2.7/site-packages/samba/external/dns/name.py
-rw-r--r-- root/root      2106 2014-10-01 10:12 usr/lib/python2.7/site-packages/samba/external/dns/namedict.py
-rw-r--r-- root/root      3878 2014-10-01 10:12 usr/lib/python2.7/site-packages/samba/external/dns/entropy.py
-rw-r--r-- root/root      3235 2014-10-01 10:12 usr/lib/python2.7/site-packages/samba/external/dns/inet.py
-rw-r--r-- root/root      2930 2014-10-01 10:12 usr/lib/python2.7/site-packages/samba/external/dns/reversename.py
-rw-r--r-- root/root      5895 2014-10-01 10:12 usr/lib/python2.7/site-packages/samba/external/dns/rrset.py
-rw-r--r-- root/root     15713 2014-10-01 10:12 usr/lib/python2.7/site-packages/samba/external/dns/rdata.py
-rw-r--r-- root/root      4318 2014-10-01 10:12 usr/lib/python2.7/site-packages/samba/external/dns/edns.py
-rw-r--r-- root/root      1267 2014-10-01 10:12 usr/lib/python2.7/site-packages/samba/external/dns/version.py
-rw-r--r-- root/root      1550 2014-10-01 10:12 usr/lib/python2.7/site-packages/samba/external/dns/ipv4.py
drwxr-xr-x root/root         0 2016-07-07 21:48 usr/lib/python2.7/site-packages/samba/external/testtools/
-rw-r--r-- root/root       397 2014-10-01 10:12 usr/lib/python2.7/site-packages/samba/external/testtools/utils.py
-rw-r--r-- root/root       468 2014-10-01 10:12 usr/lib/python2.7/site-packages/samba/external/testtools/_compat2x.py
-rw-r--r-- root/root      1070 2014-10-01 10:12 usr/lib/python2.7/site-packages/samba/external/testtools/tags.py
-rw-r--r-- root/root      7789 2014-10-01 10:12 usr/lib/python2.7/site-packages/samba/external/testtools/runtest.py
-rw-r--r-- root/root      2055 2014-10-01 10:12 usr/lib/python2.7/site-packages/samba/external/testtools/distutilscmd.py
drwxr-xr-x root/root         0 2016-07-07 21:48 usr/lib/python2.7/site-packages/samba/external/testtools/matchers/
-rw-r--r-- root/root      5984 2014-10-01 10:12 usr/lib/python2.7/site-packages/samba/external/testtools/matchers/_filesystem.py
-rw-r--r-- root/root      8216 2014-10-01 10:12 usr/lib/python2.7/site-packages/samba/external/testtools/matchers/_dict.py
-rw-r--r-- root/root      8869 2014-10-01 10:12 usr/lib/python2.7/site-packages/samba/external/testtools/matchers/_basic.py
-rw-r--r-- root/root      3867 2014-10-01 10:12 usr/lib/python2.7/site-packages/samba/external/testtools/matchers/_doctest.py
-rw-r--r-- root/root      2148 2014-10-01 10:12 usr/lib/python2.7/site-packages/samba/external/testtools/matchers/__init__.py
-rw-r--r-- root/root      8403 2014-10-01 10:12 usr/lib/python2.7/site-packages/samba/external/testtools/matchers/_higherorder.py
-rw-r--r-- root/root      8213 2014-10-01 10:12 usr/lib/python2.7/site-packages/samba/external/testtools/matchers/_datastructures.py
-rw-r--r-- root/root      4542 2014-10-01 10:12 usr/lib/python2.7/site-packages/samba/external/testtools/matchers/_exception.py
-rw-r--r-- root/root      5762 2014-10-01 10:12 usr/lib/python2.7/site-packages/samba/external/testtools/matchers/_impl.py
-rw-r--r-- root/root     12207 2014-10-01 10:12 usr/lib/python2.7/site-packages/samba/external/testtools/content.py
-rw-r--r-- root/root     14170 2014-10-01 10:12 usr/lib/python2.7/site-packages/samba/external/testtools/run.py
-rw-r--r-- root/root     11165 2014-10-01 10:12 usr/lib/python2.7/site-packages/samba/external/testtools/_spinner.py
-rw-r--r-- root/root     14665 2014-10-01 10:12 usr/lib/python2.7/site-packages/samba/external/testtools/compat.py
-rw-r--r-- root/root      4116 2014-10-01 10:12 usr/lib/python2.7/site-packages/samba/external/testtools/helpers.py
-rw-r--r-- root/root      3301 2014-10-01 10:12 usr/lib/python2.7/site-packages/samba/external/testtools/monkey.py
-rw-r--r-- root/root      2312 2014-10-01 10:12 usr/lib/python2.7/site-packages/samba/external/testtools/__init__.py
-rw-r--r-- root/root     28232 2014-10-01 10:12 usr/lib/python2.7/site-packages/samba/external/testtools/testcase.py
drwxr-xr-x root/root         0 2016-07-07 21:48 usr/lib/python2.7/site-packages/samba/external/testtools/tests/
-rw-r--r-- root/root     13061 2014-10-01 10:12 usr/lib/python2.7/site-packages/samba/external/testtools/tests/test_spinner.py
-rw-r--r-- root/root      2269 2014-10-01 10:12 usr/lib/python2.7/site-packages/samba/external/testtools/tests/test_with_with.py
-rw-r--r-- root/root      6964 2014-10-01 10:12 usr/lib/python2.7/site-packages/samba/external/testtools/tests/test_helpers.py
-rw-r--r-- root/root     75384 2014-10-01 10:12 usr/lib/python2.7/site-packages/samba/external/testtools/tests/test_testresult.py
drwxr-xr-x root/root         0 2016-07-07 21:48 usr/lib/python2.7/site-packages/samba/external/testtools/tests/matchers/
-rw-r--r-- root/root      6087 2014-10-01 10:12 usr/lib/python2.7/site-packages/samba/external/testtools/tests/matchers/test_exception.py
-rw-r--r-- root/root      2916 2014-10-01 10:12 usr/lib/python2.7/site-packages/samba/external/testtools/tests/matchers/test_doctest.py
-rw-r--r-- root/root      4196 2014-10-01 10:12 usr/lib/python2.7/site-packages/samba/external/testtools/tests/matchers/test_impl.py
-rw-r--r-- root/root      1643 2014-10-01 10:12 usr/lib/python2.7/site-packages/samba/external/testtools/tests/matchers/helpers.py
-rw-r--r-- root/root      5878 2014-10-01 10:12 usr/lib/python2.7/site-packages/samba/external/testtools/tests/matchers/test_higherorder.py
-rw-r--r-- root/root     11374 2014-10-01 10:12 usr/lib/python2.7/site-packages/samba/external/testtools/tests/matchers/test_basic.py
-rw-r--r-- root/root       654 2014-10-01 10:12 usr/lib/python2.7/site-packages/samba/external/testtools/tests/matchers/__init__.py
-rw-r--r-- root/root      6653 2014-10-01 10:12 usr/lib/python2.7/site-packages/samba/external/testtools/tests/matchers/test_datastructures.py
-rw-r--r-- root/root      6033 2014-10-01 10:12 usr/lib/python2.7/site-packages/samba/external/testtools/tests/matchers/test_dict.py
-rw-r--r-- root/root      7800 2014-10-01 10:12 usr/lib/python2.7/site-packages/samba/external/testtools/tests/matchers/test_filesystem.py
-rw-r--r-- root/root      2961 2014-10-01 10:12 usr/lib/python2.7/site-packages/samba/external/testtools/tests/test_distutilscmd.py
-rw-r--r-- root/root     16689 2014-10-01 10:12 usr/lib/python2.7/site-packages/samba/external/testtools/tests/test_compat.py
-rw-r--r-- root/root      4100 2014-10-01 10:12 usr/lib/python2.7/site-packages/samba/external/testtools/tests/test_testsuite.py
-rw-r--r-- root/root     49238 2014-10-01 10:12 usr/lib/python2.7/site-packages/samba/external/testtools/tests/test_testcase.py
-rw-r--r-- root/root      3135 2014-10-01 10:12 usr/lib/python2.7/site-packages/samba/external/testtools/tests/helpers.py
-rw-r--r-- root/root      2543 2014-10-01 10:12 usr/lib/python2.7/site-packages/samba/external/testtools/tests/test_content_type.py
-rw-r--r-- root/root      1028 2014-10-01 10:12 usr/lib/python2.7/site-packages/samba/external/testtools/tests/__init__.py
-rw-r--r-- root/root      3150 2014-10-01 10:12 usr/lib/python2.7/site-packages/samba/external/testtools/tests/test_tags.py
-rw-r--r-- root/root      6727 2014-10-01 10:12 usr/lib/python2.7/site-packages/samba/external/testtools/tests/test_monkey.py
-rw-r--r-- root/root      4558 2014-10-01 10:12 usr/lib/python2.7/site-packages/samba/external/testtools/tests/test_fixturesupport.py
-rw-r--r-- root/root     10520 2014-10-01 10:12 usr/lib/python2.7/site-packages/samba/external/testtools/tests/test_runtest.py
-rw-r--r-- root/root      9894 2014-10-01 10:12 usr/lib/python2.7/site-packages/samba/external/testtools/tests/test_content.py
-rw-r--r-- root/root     29677 2014-10-01 10:12 usr/lib/python2.7/site-packages/samba/external/testtools/tests/test_deferredruntest.py
-rw-r--r-- root/root      3808 2014-10-01 10:12 usr/lib/python2.7/site-packages/samba/external/testtools/tests/test_run.py
-rw-r--r-- root/root     12508 2014-10-01 10:12 usr/lib/python2.7/site-packages/samba/external/testtools/deferredruntest.py
drwxr-xr-x root/root         0 2016-07-07 21:48 usr/lib/python2.7/site-packages/samba/external/testtools/testresult/
-rw-r--r-- root/root      4440 2014-10-01 10:12 usr/lib/python2.7/site-packages/samba/external/testtools/testresult/doubles.py
-rw-r--r-- root/root       545 2014-10-01 10:12 usr/lib/python2.7/site-packages/samba/external/testtools/testresult/__init__.py
-rw-r--r-- root/root     34038 2014-10-01 10:12 usr/lib/python2.7/site-packages/samba/external/testtools/testresult/real.py
-rw-r--r-- root/root      1342 2014-10-01 10:12 usr/lib/python2.7/site-packages/samba/external/testtools/content_type.py
-rw-r--r-- root/root       472 2014-10-01 10:12 usr/lib/python2.7/site-packages/samba/external/testtools/_compat3x.py
-rw-r--r-- root/root      5337 2014-10-01 10:12 usr/lib/python2.7/site-packages/samba/external/testtools/testsuite.py
-rw-r--r-- root/root     34429 2014-10-01 11:06 usr/lib/python2.7/site-packages/samba/upgrade.py
drwxr-xr-x root/root         0 2016-07-07 21:48 usr/lib/python2.7/site-packages/samba/dcerpc/
-rwxr-xr-x root/root     55884 2016-07-07 21:48 usr/lib/python2.7/site-packages/samba/dcerpc/krb5pac.so
-rwxr-xr-x root/root     67968 2016-07-07 21:48 usr/lib/python2.7/site-packages/samba/dcerpc/epmapper.so
-rwxr-xr-x root/root     18284 2016-07-07 21:48 usr/lib/python2.7/site-packages/samba/dcerpc/idmap.so
-rwxr-xr-x root/root    172480 2016-07-07 21:48 usr/lib/python2.7/site-packages/samba/dcerpc/nbt.so
-rwxr-xr-x root/root     19116 2016-07-07 21:48 usr/lib/python2.7/site-packages/samba/dcerpc/smb_acl.so
-rwxr-xr-x root/root    178348 2016-07-07 21:48 usr/lib/python2.7/site-packages/samba/dcerpc/dcerpc.so
-rwxr-xr-x root/root     18048 2016-07-07 21:48 usr/lib/python2.7/site-packages/samba/dcerpc/initshutdown.so
-rwxr-xr-x root/root     27244 2016-07-07 21:48 usr/lib/python2.7/site-packages/samba/dcerpc/misc.so
-rwxr-xr-x root/root    100992 2016-07-07 21:48 usr/lib/python2.7/site-packages/samba/dcerpc/dfs.so
-rwxr-xr-x root/root     36588 2016-07-07 21:48 usr/lib/python2.7/site-packages/samba/dcerpc/auth.so
-rwxr-xr-x root/root     18732 2016-07-07 21:48 usr/lib/python2.7/site-packages/samba/dcerpc/base.so
-rwxr-xr-x root/root    422752 2016-07-07 21:48 usr/lib/python2.7/site-packages/samba/dcerpc/netlogon.so
-rwxr-xr-x root/root    419808 2016-07-07 21:48 usr/lib/python2.7/site-packages/samba/dcerpc/srvsvc.so
-rwxr-xr-x root/root    336096 2016-07-07 21:48 usr/lib/python2.7/site-packages/samba/dcerpc/dnsserver.so
-rwxr-xr-x root/root     63020 2016-07-07 21:48 usr/lib/python2.7/site-packages/samba/dcerpc/dnsp.so
-rwxr-xr-x root/root     80044 2016-07-07 21:48 usr/lib/python2.7/site-packages/samba/dcerpc/security.so
-rwxr-xr-x root/root    281120 2016-07-07 21:48 usr/lib/python2.7/site-packages/samba/dcerpc/lsa.so
-rwxr-xr-x root/root     68960 2016-07-07 21:48 usr/lib/python2.7/site-packages/samba/dcerpc/xattr.so
-rwxr-xr-x root/root     37088 2016-07-07 21:48 usr/lib/python2.7/site-packages/samba/dcerpc/echo.so
-rwxr-xr-x root/root    551584 2016-07-07 21:48 usr/lib/python2.7/site-packages/samba/dcerpc/drsuapi.so
-rw-r--r-- root/root       746 2014-10-01 10:12 usr/lib/python2.7/site-packages/samba/dcerpc/__init__.py
-rwxr-xr-x root/root     34752 2016-07-07 21:48 usr/lib/python2.7/site-packages/samba/dcerpc/unixinfo.so
-rwxr-xr-x root/root    301984 2016-07-07 21:48 usr/lib/python2.7/site-packages/samba/dcerpc/samr.so
-rwxr-xr-x root/root     90016 2016-07-07 21:48 usr/lib/python2.7/site-packages/samba/dcerpc/winreg.so
-rwxr-xr-x root/root    196000 2016-07-07 21:48 usr/lib/python2.7/site-packages/samba/dcerpc/wkssvc.so
-rwxr-xr-x root/root      9772 2016-07-07 21:48 usr/lib/python2.7/site-packages/samba/dcerpc/server_id.so
-rwxr-xr-x root/root    272320 2016-07-07 21:48 usr/lib/python2.7/site-packages/samba/dcerpc/drsblobs.so
-rwxr-xr-x root/root     23168 2016-07-07 21:48 usr/lib/python2.7/site-packages/samba/dcerpc/atsvc.so
-rwxr-xr-x root/root    107776 2016-07-07 21:48 usr/lib/python2.7/site-packages/samba/dcerpc/svcctl.so
-rwxr-xr-x root/root    471136 2016-07-07 21:48 usr/lib/python2.7/site-packages/samba/dcerpc/winbind.so
-rwxr-xr-x root/root     18912 2016-07-07 21:48 usr/lib/python2.7/site-packages/samba/dcerpc/mgmt.so
-rwxr-xr-x root/root     87040 2016-07-07 21:48 usr/lib/python2.7/site-packages/samba/dcerpc/irpc.so
-rwxr-xr-x root/root     72588 2016-07-07 21:48 usr/lib/python2.7/site-packages/samba/dcerpc/dns.so
-rw-r--r-- root/root      1018 2014-10-01 10:12 usr/lib/python2.7/site-packages/tevent.py
-rwxr-xr-x root/root     70412 2016-07-07 21:48 usr/lib/python2.7/site-packages/ldb.so
-rwxr-xr-x root/root    206072 2016-07-07 21:48 usr/lib/libdcerpc.so.0.0.1
-rwxr-xr-x root/root    353556 2016-07-07 21:48 usr/lib/libntvfs-samba4.so
-rwxr-xr-x root/root      9412 2016-07-07 21:48 usr/lib/libauth-unix-token-samba4.so
-rwxr-xr-x root/root      5316 2016-07-07 21:48 usr/lib/libsubunit-samba4.so
-rwxr-xr-x root/root      9412 2016-07-07 21:48 usr/lib/libutil-ntdb-samba4.so
-rwxr-xr-x root/root      9412 2016-07-07 21:48 usr/lib/libCHARSET3-samba4.so
-rwxr-xr-x root/root     34040 2016-07-07 21:48 usr/lib/libMESSAGING-samba4.so
-rwxr-xr-x root/root     54468 2016-07-07 21:48 usr/lib/libtalloc.so.2.1.2
drwxr-xr-x root/root         0 2016-07-07 21:48 usr/lib/vfs/
-rwxr-xr-x root/root      5712 2016-07-07 21:48 usr/lib/vfs/fake_perms.so
-rwxr-xr-x root/root     26192 2016-07-07 21:48 usr/lib/vfs/aio_fork.so
-rwxr-xr-x root/root     67204 2016-07-07 21:48 usr/lib/vfs/fruit.so
-rwxr-xr-x root/root      9808 2016-07-07 21:48 usr/lib/vfs/readahead.so
-rwxr-xr-x root/root     22096 2016-07-07 21:48 usr/lib/vfs/streams_depot.so
-rwxr-xr-x root/root      5712 2016-07-07 21:48 usr/lib/vfs/worm.so
-rwxr-xr-x root/root     50820 2016-07-07 21:48 usr/lib/vfs/full_audit.so
-rwxr-xr-x root/root      9808 2016-07-07 21:48 usr/lib/vfs/linux_xfs_sgid.so
-rwxr-xr-x root/root      9808 2016-07-07 21:48 usr/lib/vfs/notify_fam.so
-rwxr-xr-x root/root     18000 2016-07-07 21:48 usr/lib/vfs/xattr_tdb.so
-rwxr-xr-x root/root      5712 2016-07-07 21:48 usr/lib/vfs/default_quota.so
-rwxr-xr-x root/root     46672 2016-07-07 21:48 usr/lib/vfs/media_harmony.so
-rwxr-xr-x root/root     13904 2016-07-07 21:48 usr/lib/vfs/commit.so
-rwxr-xr-x root/root     22096 2016-07-07 21:48 usr/lib/vfs/recycle.so
-rwxr-xr-x root/root     26192 2016-07-07 21:48 usr/lib/vfs/streams_xattr.so
-rwxr-xr-x root/root     30288 2016-07-07 21:48 usr/lib/vfs/acl_xattr.so
-rwxr-xr-x root/root      9808 2016-07-07 21:48 usr/lib/vfs/aio_posix.so
-rwxr-xr-x root/root     13904 2016-07-07 21:48 usr/lib/vfs/aio_pthread.so
-rwxr-xr-x root/root     13904 2016-07-07 21:48 usr/lib/vfs/posix_eadb.so
-rwxr-xr-x root/root     13904 2016-07-07 21:48 usr/lib/vfs/netatalk.so
-rwxr-xr-x root/root     42628 2016-07-07 21:48 usr/lib/vfs/snapper.so
-rwxr-xr-x root/root     26192 2016-07-07 21:48 usr/lib/vfs/smb_traffic_analyzer.so
-rwxr-xr-x root/root     18052 2016-07-07 21:48 usr/lib/vfs/readonly.so
-rwxr-xr-x root/root     50768 2016-07-07 21:48 usr/lib/vfs/shadow_copy2.so
-rwxr-xr-x root/root     46672 2016-07-07 21:48 usr/lib/vfs/time_audit.so
-rwxr-xr-x root/root     34384 2016-07-07 21:48 usr/lib/vfs/acl_tdb.so
-rwxr-xr-x root/root     13904 2016-07-07 21:48 usr/lib/vfs/shadow_copy.so
-rwxr-xr-x root/root     13904 2016-07-07 21:48 usr/lib/vfs/btrfs.so
-rwxr-xr-x root/root     13904 2016-07-07 21:48 usr/lib/vfs/syncops.so
-rwxr-xr-x root/root      9808 2016-07-07 21:48 usr/lib/vfs/fileid.so
-rwxr-xr-x root/root     26192 2016-07-07 21:48 usr/lib/vfs/scannedonly.so
-rwxr-xr-x root/root      9808 2016-07-07 21:48 usr/lib/vfs/dirsort.so
-rwxr-xr-x root/root     22096 2016-07-07 21:48 usr/lib/vfs/catia.so
-rwxr-xr-x root/root      9808 2016-07-07 21:48 usr/lib/vfs/expand_msdfs.so
-rwxr-xr-x root/root      9808 2016-07-07 21:48 usr/lib/vfs/crossrename.so
-rwxr-xr-x root/root     18000 2016-07-07 21:48 usr/lib/vfs/cap.so
-rwxr-xr-x root/root     13956 2016-07-07 21:48 usr/lib/vfs/extd_audit.so
-rwxr-xr-x root/root     13904 2016-07-07 21:48 usr/lib/vfs/preopen.so
-rwxr-xr-x root/root     13904 2016-07-07 21:48 usr/lib/vfs/aio_linux.so
-rwxr-xr-x root/root      9860 2016-07-07 21:48 usr/lib/vfs/audit.so
-rwxr-xr-x root/root    120056 2016-07-07 21:48 usr/lib/libmsrpc3-samba4.so
-rwxr-xr-x root/root     99576 2016-07-07 21:48 usr/lib/libsamba-sockets-samba4.so
-rwxr-xr-x root/root      9412 2016-07-07 21:48 usr/lib/libutil-tdb-samba4.so
-rwxr-xr-x root/root      5316 2016-07-07 21:48 usr/lib/libcmdline-credentials-samba4.so
-rwxr-xr-x root/root    447684 2016-07-07 21:48 usr/lib/libnetapi.so.0
-rwxr-xr-x root/root     42180 2016-07-07 21:48 usr/lib/libsecrets3-samba4.so
-rwxr-xr-x root/root      5268 2016-07-07 21:48 usr/lib/libsocket-blocking-samba4.so
-rwxr-xr-x root/root     50424 2016-07-07 21:48 usr/lib/libaddns-samba4.so
-rwxr-xr-x root/root     18728 2016-07-07 21:48 usr/lib/libpopt-samba3-samba4.so
-rwxr-xr-x root/root    445072 2016-07-07 21:48 usr/lib/libkrb5-samba4.so.26.0.0
-rwxr-xr-x root/root     13508 2016-07-07 21:48 usr/lib/libnet-keytab-samba4.so
-rwxr-xr-x root/root     38136 2016-07-07 21:48 usr/lib/libndr-krb5pac.so.0.0.1
-rwxr-xr-x root/root   1213688 2016-07-07 21:48 usr/lib/libndr-samba-samba4.so
-rwxr-xr-x root/root    226512 2016-07-07 21:48 usr/lib/libsmbclient-raw.so.0.0.1
-rwxr-xr-x root/root      9412 2016-07-07 21:48 usr/lib/libtdb-wrap-samba4.so
-rwxr-xr-x root/root   1766596 2016-07-07 21:48 usr/lib/libdcerpc-samba-samba4.so
-rwxr-xr-x root/root     58616 2016-07-07 21:48 usr/lib/libtevent.so.0.9.28
-rwxr-xr-x root/root      9412 2016-07-07 21:48 usr/lib/libsmbd-conn-samba4.so
-rwxr-xr-x root/root     13508 2016-07-07 21:48 usr/lib/libccan-samba4.so
-rwxr-xr-x root/root      9412 2016-07-07 21:48 usr/lib/libpyldb-util.so.1.1.20
-rwxr-xr-x root/root      5212 2016-07-07 21:48 usr/lib/libtdb-compat-samba4.so
-rwxr-xr-x root/root     17796 2016-07-07 21:48 usr/lib/libsamba-debug-samba4.so
-rwxr-xr-x root/root     13508 2016-07-07 21:48 usr/lib/libsamba-python-samba4.so
-rwxr-xr-x root/root      9412 2016-07-07 21:48 usr/lib/libinterfaces-samba4.so
-rwxr-xr-x root/root      9436 2016-07-07 21:48 usr/lib/libcluster-samba4.so
-rwxr-xr-x root/root    199588 2016-07-07 21:48 usr/lib/libgssapi-samba4.so.2.0.0
drwxr-xr-x root/root         0 2016-07-07 21:48 usr/lib/process_model/
-rwxr-xr-x root/root      9416 2016-07-07 21:48 usr/lib/process_model/standard.so
-rwxr-xr-x root/root      9408 2016-07-07 21:48 usr/lib/process_model/prefork.so
-rwxr-xr-x root/root      9408 2016-07-07 21:48 usr/lib/process_model/onefork.so
-rwxr-xr-x root/root      9468 2016-07-07 21:48 usr/lib/libprocess-model-samba4.so
-rwxr-xr-x root/root     17604 2016-07-07 21:48 usr/lib/libnss_winbind.so.2
-rwxr-xr-x root/root      9412 2016-07-07 21:48 usr/lib/libtrusts-util-samba4.so
-rwxr-xr-x root/root     17604 2016-07-07 21:48 usr/lib/liblibcli-netlogon3-samba4.so
-rwxr-xr-x root/root     13560 2016-07-07 21:48 usr/lib/libdnsserver-common-samba4.so
-rwxr-xr-x root/root    165288 2016-07-07 21:48 usr/lib/libads-samba4.so
-rwxr-xr-x root/root     29944 2016-07-07 21:48 usr/lib/libshares-samba4.so
-rwxr-xr-x root/root    283176 2016-07-07 21:48 usr/lib/libhx509-samba4.so.5.0.0
-rwxr-xr-x root/root    305404 2016-07-07 21:48 usr/lib/libsamba-net-samba4.so
-rwxr-xr-x root/root     70852 2016-07-07 21:48 usr/lib/libsamba-credentials.so.0.0.1
-rwxr-xr-x root/root      9412 2016-07-07 21:48 usr/lib/libutil-cmdline-samba4.so
-rwxr-xr-x root/root    161068 2016-07-07 21:48 usr/lib/libgse-samba4.so
drwxr-xr-x root/root         0 2016-07-07 21:48 usr/lib/idmap/
-rwxr-xr-x root/root     13496 2016-07-07 21:48 usr/lib/idmap/hash.so
-rwxr-xr-x root/root      9372 2016-07-07 21:48 usr/lib/idmap/rid.so
-rwxr-xr-x root/root     21660 2016-07-07 21:48 usr/lib/idmap/rfc2307.so
-rwxr-xr-x root/root     46368 2016-07-07 21:48 usr/lib/idmap/autorid.so
-rwxr-xr-x root/root     25832 2016-07-07 21:48 usr/lib/idmap/ad.so
-rwxr-xr-x root/root     17564 2016-07-07 21:48 usr/lib/idmap/tdb2.so
drwxr-xr-x root/root         0 2016-07-07 21:48 usr/lib/auth/
-rwxr-xr-x root/root      9356 2016-07-07 21:48 usr/lib/auth/script.so
-rwxr-xr-x root/root     13508 2016-07-07 21:48 usr/lib/libauth-sam-reply-samba4.so
-rwxr-xr-x root/root     42180 2016-07-07 21:48 usr/lib/libsmbldap.so.0
-rwxr-xr-x root/root     87296 2016-07-07 21:48 usr/lib/libtdb.so.1.3.6
-rwxr-xr-x root/root    824568 2016-07-07 21:48 usr/lib/liberrors-samba4.so
-rwxr-xr-x root/root    465164 2016-07-07 21:48 usr/lib/libsmbconf.so.0
-rwxr-xr-x root/root   3452440 2016-07-07 21:48 usr/lib/libsmbd-base-samba4.so
-rwxr-xr-x root/root     25796 2016-07-07 21:48 usr/lib/libhttp-samba4.so
-rwxr-xr-x root/root     42180 2016-07-07 21:48 usr/lib/libkrb5samba-samba4.so
-rwxr-xr-x root/root    542944 2016-07-07 21:48 usr/lib/libasn1-samba4.so.8.0.0
-rwxr-xr-x root/root      5368 2016-07-07 21:48 usr/lib/libutil-reg-samba4.so
-rwxr-xr-x root/root     17604 2016-07-07 21:48 usr/lib/libsmb-transport-samba4.so
-rwxr-xr-x root/root    169244 2016-07-07 21:48 usr/lib/libgensec.so.0.0.1
-rwxr-xr-x root/root     21700 2016-07-07 21:48 usr/lib/libasn1util-samba4.so
-rwxr-xr-x root/root     54468 2016-07-07 21:48 usr/lib/libwbclient.so.0.12
drwxr-xr-x root/root         0 2016-08-12 14:14 usr/bin/
drwxr-xr-x root/root         0 2016-08-12 14:14 usr/bin/32/
-rwxr-xr-x root/root     42232 2016-07-07 21:48 usr/bin/32/profiles
-rwxr-xr-x root/root     25900 2016-07-07 21:48 usr/bin/32/sharesec
-rwxr-xr-x root/root     30996 2016-07-07 21:48 usr/bin/32/regshell
-rwxr-xr-x root/root     22584 2016-07-07 21:48 usr/bin/32/oLschema2ldif
-rwxr-xr-x root/root     76008 2016-07-07 21:48 usr/bin/32/locktest
-rwxr-xr-x root/root      9464 2016-07-07 21:48 usr/bin/32/ldbdel
-rwxr-xr-x root/root     21756 2016-07-07 21:48 usr/bin/32/smbget
-rwxr-xr-x root/root      9464 2016-07-07 21:48 usr/bin/32/ntdbbackup
-rwxr--r-- root/root      2288 2016-07-07 21:48 usr/bin/32/smbprint
-rwxr-xr-x root/root     50740 2016-07-07 21:48 usr/bin/32/smbcontrol
-rwxr-xr-x root/root     17920 2016-07-07 21:48 usr/bin/32/tdbtool
-rwxr-xr-x root/root     34040 2016-07-07 21:48 usr/bin/32/eventlogadm
-rwxr-xr-x root/root     29944 2016-07-07 21:48 usr/bin/32/smbpasswd
-rwxr-xr-x root/root   6738136 2016-07-07 21:48 usr/bin/32/smbtorture
-rwxr-xr-x root/root      9464 2016-07-07 21:48 usr/bin/32/smbta-util
-rwxr-xr-x root/root    136728 2016-07-07 21:48 usr/bin/32/smbclient
-rwxr-xr-x root/root     13560 2016-07-07 21:48 usr/bin/32/smbspool
-rwxr-xr-x root/root     71936 2016-07-07 21:48 usr/bin/32/masktest
-rwxr-xr-x root/root     66860 2016-07-07 21:48 usr/bin/32/ntlm_auth
-rwxr-xr-x root/root     18656 2016-07-07 21:48 usr/bin/32/regpatch
-rwxr-xr-x root/root     17864 2016-07-07 21:48 usr/bin/32/ntdbtool
-rwxr-xr-x root/root     21752 2016-07-07 21:48 usr/bin/32/smbcquotas
-rwxr-xr-x root/root      9464 2016-07-07 21:48 usr/bin/32/tdbbackup
-rwxr-xr-x root/root      9464 2016-07-07 21:48 usr/bin/32/ntdbrestore
-rwxr-xr-x root/root     18656 2016-07-07 21:48 usr/bin/32/regdiff
-rwxr-xr-x root/root     13560 2016-07-07 21:48 usr/bin/32/ldbedit
-rwxr-xr-x root/root      9464 2016-07-07 21:48 usr/bin/32/tdbdump
-rwxr-xr-x root/root     42236 2016-07-07 21:48 usr/bin/32/smbstatus
-rwxr-xr-x root/root    100232 2016-07-07 21:48 usr/bin/32/ndrdump
-rwxr-xr-x root/root    100340 2016-07-07 21:48 usr/bin/32/samba-regedit
-rwxr-xr-x root/root     25952 2016-07-07 21:48 usr/bin/32/smbspool_krb5_wrapper
-rwxr-xr-x root/root     13560 2016-07-07 21:48 usr/bin/32/ldbsearch
-rwxr-xr-x root/root      9464 2016-07-07 21:48 usr/bin/32/ntdbdump
-rwxr-xr-x root/root    406948 2016-07-07 21:48 usr/bin/32/rpcclient
-rwxr-xr-x root/root     21752 2016-07-07 21:48 usr/bin/32/testparm
-rwxr-xr-x root/root     23181 2016-07-07 21:41 usr/bin/32/pidl
-rwxr-xr-x root/root     34100 2016-07-07 21:48 usr/bin/32/smbcacls
-rwxr-xr-x root/root      9464 2016-07-07 21:48 usr/bin/32/ldbmodify
-rwxr-xr-x root/root     35044 2016-07-07 21:48 usr/bin/32/pdbedit
-rwxr-xr-x root/root    928540 2016-07-07 21:48 usr/bin/32/net
-rwxr-xr-x root/root     46984 2016-07-07 21:48 usr/bin/32/wbinfo
-rwxr-xr-x root/root      4896 2014-10-01 10:12 usr/bin/32/smbtar
-rwxr-xr-x root/root     80500 2016-07-07 21:48 usr/bin/32/cifsdd
-rwxr-xr-x root/root      9464 2016-07-07 21:48 usr/bin/32/ldbadd
-rwxr-xr-x root/root      1554 2016-07-07 21:41 usr/bin/32/samba-tool
-rwxr-xr-x root/root     17848 2016-07-07 21:48 usr/bin/32/dbwrap_tool
-rwxr-xr-x root/root      9464 2016-07-07 21:48 usr/bin/32/ldbrename
-rwxr-xr-x root/root     13564 2016-07-07 21:48 usr/bin/32/smbtree
-rwxr-xr-x root/root      9464 2016-07-07 21:48 usr/bin/32/tdbrestore
-rwxr-xr-x root/root    116060 2016-07-07 21:48 usr/bin/32/nmblookup
-rwxr-xr-x root/root    139008 2016-07-07 21:48 usr/bin/32/gentest
-rwxr-xr-x root/root     22752 2016-07-07 21:48 usr/bin/32/regtree
drwxr-xr-x root/root         0 2016-07-07 21:45 usr/doc/
drwxr-xr-x root/root         0 2016-08-12 14:14 usr/doc/samba-4.2.14/
-rw-r--r-- root/root     35147 2014-10-01 10:12 usr/doc/samba-4.2.14/COPYING
drwxr-xr-x root/root         0 2016-08-12 14:14 usr/doc/samba-4.2.14/examples/
drwxr-xr-x root/root         0 2016-08-12 14:14 usr/doc/samba-4.2.14/examples/pcap2nbench/
-rw-r--r-- root/root     35147 2014-10-01 10:12 usr/doc/samba-4.2.14/examples/pcap2nbench/COPYING


